lcd_1602_mode8_4.c:41:6:pin_output	24	static
lcd_1602_mode8_4.c:50:6:lcd_rs	16	static
lcd_1602_mode8_4.c:54:6:lcd_rw	16	static
lcd_1602_mode8_4.c:58:6:lcd_e	16	static
lcd_1602_mode8_4.c:63:6:lcd_data	16	static
lcd_1602_mode8_4.c:76:6:lcd_cmd	16	static
lcd_1602_mode8_4.c:89:6:lcd_init	8	static
lcd_1602_mode8_4.c:104:6:lcd_data_4	16	static
lcd_1602_mode8_4.c:125:6:lcd_cmd_4	16	static
lcd_1602_mode8_4.c:147:6:lcd_init_4	8	static
lcd_1602_mode8_4.c:208:6:lcd_send	24	static
lcd_1602_mode8_4.c:219:6:lcd_msg	24	static
lcd_1602_mode8_4.c:236:6:lcd_send_4	24	static
lcd_1602_mode8_4.c:247:6:lcd_msg_4	24	static
