Archive member included to satisfy reference by file (symbol)

c:/st/stm32cubeide_1.8.0/stm32cubeide/plugins/com.st.stm32cube.ide.mcu.externaltools.gnu-tools-for-stm32.9-2020-q2-update.win32_2.0.0.202105311346/tools/bin/../lib/gcc/arm-none-eabi/9.3.1/../../../../arm-none-eabi/lib/thumb/v7-m/nofp\libc_nano.a(lib_a-errno.o)
                              ./Src/syscalls.o (__errno)
c:/st/stm32cubeide_1.8.0/stm32cubeide/plugins/com.st.stm32cube.ide.mcu.externaltools.gnu-tools-for-stm32.9-2020-q2-update.win32_2.0.0.202105311346/tools/bin/../lib/gcc/arm-none-eabi/9.3.1/../../../../arm-none-eabi/lib/thumb/v7-m/nofp\libc_nano.a(lib_a-exit.o)
                              c:/st/stm32cubeide_1.8.0/stm32cubeide/plugins/com.st.stm32cube.ide.mcu.externaltools.gnu-tools-for-stm32.9-2020-q2-update.win32_2.0.0.202105311346/tools/bin/../lib/gcc/arm-none-eabi/9.3.1/../../../../arm-none-eabi/lib/thumb/v7-m/nofp/crt0.o (exit)
c:/st/stm32cubeide_1.8.0/stm32cubeide/plugins/com.st.stm32cube.ide.mcu.externaltools.gnu-tools-for-stm32.9-2020-q2-update.win32_2.0.0.202105311346/tools/bin/../lib/gcc/arm-none-eabi/9.3.1/../../../../arm-none-eabi/lib/thumb/v7-m/nofp\libc_nano.a(lib_a-impure.o)
                              c:/st/stm32cubeide_1.8.0/stm32cubeide/plugins/com.st.stm32cube.ide.mcu.externaltools.gnu-tools-for-stm32.9-2020-q2-update.win32_2.0.0.202105311346/tools/bin/../lib/gcc/arm-none-eabi/9.3.1/../../../../arm-none-eabi/lib/thumb/v7-m/nofp\libc_nano.a(lib_a-exit.o) (_global_impure_ptr)
c:/st/stm32cubeide_1.8.0/stm32cubeide/plugins/com.st.stm32cube.ide.mcu.externaltools.gnu-tools-for-stm32.9-2020-q2-update.win32_2.0.0.202105311346/tools/bin/../lib/gcc/arm-none-eabi/9.3.1/../../../../arm-none-eabi/lib/thumb/v7-m/nofp\libc_nano.a(lib_a-init.o)
                              c:/st/stm32cubeide_1.8.0/stm32cubeide/plugins/com.st.stm32cube.ide.mcu.externaltools.gnu-tools-for-stm32.9-2020-q2-update.win32_2.0.0.202105311346/tools/bin/../lib/gcc/arm-none-eabi/9.3.1/../../../../arm-none-eabi/lib/thumb/v7-m/nofp/crt0.o (__libc_init_array)
c:/st/stm32cubeide_1.8.0/stm32cubeide/plugins/com.st.stm32cube.ide.mcu.externaltools.gnu-tools-for-stm32.9-2020-q2-update.win32_2.0.0.202105311346/tools/bin/../lib/gcc/arm-none-eabi/9.3.1/../../../../arm-none-eabi/lib/thumb/v7-m/nofp\libc_nano.a(lib_a-memset.o)
                              c:/st/stm32cubeide_1.8.0/stm32cubeide/plugins/com.st.stm32cube.ide.mcu.externaltools.gnu-tools-for-stm32.9-2020-q2-update.win32_2.0.0.202105311346/tools/bin/../lib/gcc/arm-none-eabi/9.3.1/../../../../arm-none-eabi/lib/thumb/v7-m/nofp/crt0.o (memset)
c:/st/stm32cubeide_1.8.0/stm32cubeide/plugins/com.st.stm32cube.ide.mcu.externaltools.gnu-tools-for-stm32.9-2020-q2-update.win32_2.0.0.202105311346/tools/bin/../lib/gcc/arm-none-eabi/9.3.1/thumb/v7-m/nofp\libgcc.a(_arm_muldf3.o)
                              ./Inc/usart.o (__aeabi_dmul)
c:/st/stm32cubeide_1.8.0/stm32cubeide/plugins/com.st.stm32cube.ide.mcu.externaltools.gnu-tools-for-stm32.9-2020-q2-update.win32_2.0.0.202105311346/tools/bin/../lib/gcc/arm-none-eabi/9.3.1/thumb/v7-m/nofp\libgcc.a(_arm_addsubdf3.o)
                              ./Inc/usart.o (__aeabi_dsub)
c:/st/stm32cubeide_1.8.0/stm32cubeide/plugins/com.st.stm32cube.ide.mcu.externaltools.gnu-tools-for-stm32.9-2020-q2-update.win32_2.0.0.202105311346/tools/bin/../lib/gcc/arm-none-eabi/9.3.1/thumb/v7-m/nofp\libgcc.a(_arm_muldivdf3.o)
                              ./Inc/usart.o (__aeabi_ddiv)
c:/st/stm32cubeide_1.8.0/stm32cubeide/plugins/com.st.stm32cube.ide.mcu.externaltools.gnu-tools-for-stm32.9-2020-q2-update.win32_2.0.0.202105311346/tools/bin/../lib/gcc/arm-none-eabi/9.3.1/thumb/v7-m/nofp\libgcc.a(_arm_cmpdf2.o)
                              ./Inc/usart.o (__aeabi_dcmpgt)
c:/st/stm32cubeide_1.8.0/stm32cubeide/plugins/com.st.stm32cube.ide.mcu.externaltools.gnu-tools-for-stm32.9-2020-q2-update.win32_2.0.0.202105311346/tools/bin/../lib/gcc/arm-none-eabi/9.3.1/thumb/v7-m/nofp\libgcc.a(_arm_fixunsdfsi.o)
                              ./Inc/usart.o (__aeabi_d2uiz)

Allocating common symbols
Common symbol       size              file

a                   0x4               ./Src/main.o

Discarded input sections

 .text          0x0000000000000000        0x0 c:/st/stm32cubeide_1.8.0/stm32cubeide/plugins/com.st.stm32cube.ide.mcu.externaltools.gnu-tools-for-stm32.9-2020-q2-update.win32_2.0.0.202105311346/tools/bin/../lib/gcc/arm-none-eabi/9.3.1/thumb/v7-m/nofp/crti.o
 .data          0x0000000000000000        0x0 c:/st/stm32cubeide_1.8.0/stm32cubeide/plugins/com.st.stm32cube.ide.mcu.externaltools.gnu-tools-for-stm32.9-2020-q2-update.win32_2.0.0.202105311346/tools/bin/../lib/gcc/arm-none-eabi/9.3.1/thumb/v7-m/nofp/crti.o
 .bss           0x0000000000000000        0x0 c:/st/stm32cubeide_1.8.0/stm32cubeide/plugins/com.st.stm32cube.ide.mcu.externaltools.gnu-tools-for-stm32.9-2020-q2-update.win32_2.0.0.202105311346/tools/bin/../lib/gcc/arm-none-eabi/9.3.1/thumb/v7-m/nofp/crti.o
 .data          0x0000000000000000        0x4 c:/st/stm32cubeide_1.8.0/stm32cubeide/plugins/com.st.stm32cube.ide.mcu.externaltools.gnu-tools-for-stm32.9-2020-q2-update.win32_2.0.0.202105311346/tools/bin/../lib/gcc/arm-none-eabi/9.3.1/thumb/v7-m/nofp/crtbegin.o
 .text          0x0000000000000000       0x7c c:/st/stm32cubeide_1.8.0/stm32cubeide/plugins/com.st.stm32cube.ide.mcu.externaltools.gnu-tools-for-stm32.9-2020-q2-update.win32_2.0.0.202105311346/tools/bin/../lib/gcc/arm-none-eabi/9.3.1/../../../../arm-none-eabi/lib/thumb/v7-m/nofp/crt0.o
 .data          0x0000000000000000        0x0 c:/st/stm32cubeide_1.8.0/stm32cubeide/plugins/com.st.stm32cube.ide.mcu.externaltools.gnu-tools-for-stm32.9-2020-q2-update.win32_2.0.0.202105311346/tools/bin/../lib/gcc/arm-none-eabi/9.3.1/../../../../arm-none-eabi/lib/thumb/v7-m/nofp/crt0.o
 .bss           0x0000000000000000        0x0 c:/st/stm32cubeide_1.8.0/stm32cubeide/plugins/com.st.stm32cube.ide.mcu.externaltools.gnu-tools-for-stm32.9-2020-q2-update.win32_2.0.0.202105311346/tools/bin/../lib/gcc/arm-none-eabi/9.3.1/../../../../arm-none-eabi/lib/thumb/v7-m/nofp/crt0.o
 .ARM.extab     0x0000000000000000        0x0 c:/st/stm32cubeide_1.8.0/stm32cubeide/plugins/com.st.stm32cube.ide.mcu.externaltools.gnu-tools-for-stm32.9-2020-q2-update.win32_2.0.0.202105311346/tools/bin/../lib/gcc/arm-none-eabi/9.3.1/../../../../arm-none-eabi/lib/thumb/v7-m/nofp/crt0.o
 .ARM.exidx     0x0000000000000000       0x10 c:/st/stm32cubeide_1.8.0/stm32cubeide/plugins/com.st.stm32cube.ide.mcu.externaltools.gnu-tools-for-stm32.9-2020-q2-update.win32_2.0.0.202105311346/tools/bin/../lib/gcc/arm-none-eabi/9.3.1/../../../../arm-none-eabi/lib/thumb/v7-m/nofp/crt0.o
 .ARM.attributes
                0x0000000000000000       0x1b c:/st/stm32cubeide_1.8.0/stm32cubeide/plugins/com.st.stm32cube.ide.mcu.externaltools.gnu-tools-for-stm32.9-2020-q2-update.win32_2.0.0.202105311346/tools/bin/../lib/gcc/arm-none-eabi/9.3.1/../../../../arm-none-eabi/lib/thumb/v7-m/nofp/crt0.o
 .group         0x0000000000000000        0xc ./Inc/adc.o
 .group         0x0000000000000000        0xc ./Inc/adc.o
 .group         0x0000000000000000        0xc ./Inc/adc.o
 .group         0x0000000000000000        0xc ./Inc/adc.o
 .group         0x0000000000000000        0xc ./Inc/adc.o
 .group         0x0000000000000000        0xc ./Inc/adc.o
 .group         0x0000000000000000        0xc ./Inc/adc.o
 .group         0x0000000000000000        0xc ./Inc/adc.o
 .group         0x0000000000000000        0xc ./Inc/adc.o
 .group         0x0000000000000000        0xc ./Inc/adc.o
 .group         0x0000000000000000        0xc ./Inc/adc.o
 .group         0x0000000000000000        0xc ./Inc/adc.o
 .group         0x0000000000000000        0xc ./Inc/adc.o
 .group         0x0000000000000000        0xc ./Inc/adc.o
 .group         0x0000000000000000        0xc ./Inc/adc.o
 .group         0x0000000000000000        0xc ./Inc/adc.o
 .group         0x0000000000000000        0xc ./Inc/adc.o
 .text          0x0000000000000000        0x0 ./Inc/adc.o
 .data          0x0000000000000000        0x0 ./Inc/adc.o
 .bss           0x0000000000000000        0x0 ./Inc/adc.o
 .group         0x0000000000000000        0xc ./Inc/gpio.o
 .group         0x0000000000000000        0xc ./Inc/gpio.o
 .text          0x0000000000000000        0x0 ./Inc/gpio.o
 .data          0x0000000000000000        0x0 ./Inc/gpio.o
 .bss           0x0000000000000000        0x0 ./Inc/gpio.o
 .text.R_GP     0x0000000000000000       0x76 ./Inc/gpio.o
 .text.toggle_GP
                0x0000000000000000       0x44 ./Inc/gpio.o
 .text.Digital_Input
                0x0000000000000000       0x24 ./Inc/gpio.o
 .debug_macro   0x0000000000000000      0xaa2 ./Inc/gpio.o
 .debug_macro   0x0000000000000000       0x82 ./Inc/gpio.o
 .group         0x0000000000000000        0xc ./Inc/i2c.o
 .group         0x0000000000000000        0xc ./Inc/i2c.o
 .group         0x0000000000000000        0xc ./Inc/i2c.o
 .group         0x0000000000000000        0xc ./Inc/i2c.o
 .group         0x0000000000000000        0xc ./Inc/i2c.o
 .group         0x0000000000000000        0xc ./Inc/i2c.o
 .group         0x0000000000000000        0xc ./Inc/i2c.o
 .group         0x0000000000000000        0xc ./Inc/i2c.o
 .group         0x0000000000000000        0xc ./Inc/i2c.o
 .group         0x0000000000000000        0xc ./Inc/i2c.o
 .group         0x0000000000000000        0xc ./Inc/i2c.o
 .group         0x0000000000000000        0xc ./Inc/i2c.o
 .group         0x0000000000000000        0xc ./Inc/i2c.o
 .group         0x0000000000000000        0xc ./Inc/i2c.o
 .group         0x0000000000000000        0xc ./Inc/i2c.o
 .group         0x0000000000000000        0xc ./Inc/i2c.o
 .group         0x0000000000000000        0xc ./Inc/i2c.o
 .text          0x0000000000000000        0x0 ./Inc/i2c.o
 .data          0x0000000000000000        0x0 ./Inc/i2c.o
 .bss           0x0000000000000000        0x0 ./Inc/i2c.o
 .text.i2c_init
                0x0000000000000000       0x8c ./Inc/i2c.o
 .text.i2c_start
                0x0000000000000000       0x38 ./Inc/i2c.o
 .text.i2c_add  0x0000000000000000       0x6c ./Inc/i2c.o
 .text.i2c_data
                0x0000000000000000       0x48 ./Inc/i2c.o
 .text.i2c_stop
                0x0000000000000000       0x38 ./Inc/i2c.o
 .text.i2c_write
                0x0000000000000000       0x5e ./Inc/i2c.o
 .debug_info    0x0000000000000000      0x3d0 ./Inc/i2c.o
 .debug_abbrev  0x0000000000000000      0x150 ./Inc/i2c.o
 .debug_aranges
                0x0000000000000000       0x48 ./Inc/i2c.o
 .debug_ranges  0x0000000000000000       0x38 ./Inc/i2c.o
 .debug_macro   0x0000000000000000       0xd3 ./Inc/i2c.o
 .debug_macro   0x0000000000000000      0xaa2 ./Inc/i2c.o
 .debug_macro   0x0000000000000000       0x2e ./Inc/i2c.o
 .debug_macro   0x0000000000000000       0x22 ./Inc/i2c.o
 .debug_macro   0x0000000000000000       0x22 ./Inc/i2c.o
 .debug_macro   0x0000000000000000       0x8e ./Inc/i2c.o
 .debug_macro   0x0000000000000000       0x51 ./Inc/i2c.o
 .debug_macro   0x0000000000000000      0x103 ./Inc/i2c.o
 .debug_macro   0x0000000000000000       0x6a ./Inc/i2c.o
 .debug_macro   0x0000000000000000      0x1df ./Inc/i2c.o
 .debug_macro   0x0000000000000000       0x1c ./Inc/i2c.o
 .debug_macro   0x0000000000000000       0x22 ./Inc/i2c.o
 .debug_macro   0x0000000000000000       0xc3 ./Inc/i2c.o
 .debug_macro   0x0000000000000000      0xd23 ./Inc/i2c.o
 .debug_macro   0x0000000000000000     0xde75 ./Inc/i2c.o
 .debug_macro   0x0000000000000000       0x6d ./Inc/i2c.o
 .debug_macro   0x0000000000000000       0x82 ./Inc/i2c.o
 .debug_macro   0x0000000000000000       0x10 ./Inc/i2c.o
 .debug_line    0x0000000000000000      0x606 ./Inc/i2c.o
 .debug_str     0x0000000000000000    0x53638 ./Inc/i2c.o
 .comment       0x0000000000000000       0x54 ./Inc/i2c.o
 .debug_frame   0x0000000000000000       0xf8 ./Inc/i2c.o
 .ARM.attributes
                0x0000000000000000       0x2d ./Inc/i2c.o
 .group         0x0000000000000000        0xc ./Inc/interrupt_PA0.o
 .group         0x0000000000000000        0xc ./Inc/interrupt_PA0.o
 .group         0x0000000000000000        0xc ./Inc/interrupt_PA0.o
 .group         0x0000000000000000        0xc ./Inc/interrupt_PA0.o
 .group         0x0000000000000000        0xc ./Inc/interrupt_PA0.o
 .group         0x0000000000000000        0xc ./Inc/interrupt_PA0.o
 .group         0x0000000000000000        0xc ./Inc/interrupt_PA0.o
 .group         0x0000000000000000        0xc ./Inc/interrupt_PA0.o
 .group         0x0000000000000000        0xc ./Inc/interrupt_PA0.o
 .group         0x0000000000000000        0xc ./Inc/interrupt_PA0.o
 .group         0x0000000000000000        0xc ./Inc/interrupt_PA0.o
 .group         0x0000000000000000        0xc ./Inc/interrupt_PA0.o
 .group         0x0000000000000000        0xc ./Inc/interrupt_PA0.o
 .group         0x0000000000000000        0xc ./Inc/interrupt_PA0.o
 .group         0x0000000000000000        0xc ./Inc/interrupt_PA0.o
 .text          0x0000000000000000        0x0 ./Inc/interrupt_PA0.o
 .data          0x0000000000000000        0x0 ./Inc/interrupt_PA0.o
 .bss           0x0000000000000000        0x0 ./Inc/interrupt_PA0.o
 .text.__NVIC_EnableIRQ
                0x0000000000000000       0x38 ./Inc/interrupt_PA0.o
 .text.init_interrupt_PA0
                0x0000000000000000       0x3c ./Inc/interrupt_PA0.o
 .debug_macro   0x0000000000000000      0xaa2 ./Inc/interrupt_PA0.o
 .debug_macro   0x0000000000000000       0x2e ./Inc/interrupt_PA0.o
 .debug_macro   0x0000000000000000       0x22 ./Inc/interrupt_PA0.o
 .debug_macro   0x0000000000000000       0x22 ./Inc/interrupt_PA0.o
 .debug_macro   0x0000000000000000       0x8e ./Inc/interrupt_PA0.o
 .debug_macro   0x0000000000000000       0x51 ./Inc/interrupt_PA0.o
 .debug_macro   0x0000000000000000      0x103 ./Inc/interrupt_PA0.o
 .debug_macro   0x0000000000000000       0x6a ./Inc/interrupt_PA0.o
 .debug_macro   0x0000000000000000      0x1df ./Inc/interrupt_PA0.o
 .debug_macro   0x0000000000000000       0x1c ./Inc/interrupt_PA0.o
 .debug_macro   0x0000000000000000       0x22 ./Inc/interrupt_PA0.o
 .debug_macro   0x0000000000000000       0xc3 ./Inc/interrupt_PA0.o
 .debug_macro   0x0000000000000000      0xd23 ./Inc/interrupt_PA0.o
 .debug_macro   0x0000000000000000     0xde75 ./Inc/interrupt_PA0.o
 .debug_macro   0x0000000000000000       0x6d ./Inc/interrupt_PA0.o
 .group         0x0000000000000000        0xc ./Inc/lcd_1602_mode8_4.o
 .group         0x0000000000000000        0xc ./Inc/lcd_1602_mode8_4.o
 .group         0x0000000000000000        0xc ./Inc/lcd_1602_mode8_4.o
 .group         0x0000000000000000        0xc ./Inc/lcd_1602_mode8_4.o
 .group         0x0000000000000000        0xc ./Inc/lcd_1602_mode8_4.o
 .group         0x0000000000000000        0xc ./Inc/lcd_1602_mode8_4.o
 .group         0x0000000000000000        0xc ./Inc/lcd_1602_mode8_4.o
 .group         0x0000000000000000        0xc ./Inc/lcd_1602_mode8_4.o
 .group         0x0000000000000000        0xc ./Inc/lcd_1602_mode8_4.o
 .group         0x0000000000000000        0xc ./Inc/lcd_1602_mode8_4.o
 .group         0x0000000000000000        0xc ./Inc/lcd_1602_mode8_4.o
 .group         0x0000000000000000        0xc ./Inc/lcd_1602_mode8_4.o
 .group         0x0000000000000000        0xc ./Inc/lcd_1602_mode8_4.o
 .group         0x0000000000000000        0xc ./Inc/lcd_1602_mode8_4.o
 .group         0x0000000000000000        0xc ./Inc/lcd_1602_mode8_4.o
 .group         0x0000000000000000        0xc ./Inc/lcd_1602_mode8_4.o
 .text          0x0000000000000000        0x0 ./Inc/lcd_1602_mode8_4.o
 .data          0x0000000000000000        0x0 ./Inc/lcd_1602_mode8_4.o
 .bss           0x0000000000000000        0x0 ./Inc/lcd_1602_mode8_4.o
 .text.lcd_data
                0x0000000000000000       0x60 ./Inc/lcd_1602_mode8_4.o
 .text.lcd_cmd  0x0000000000000000       0x60 ./Inc/lcd_1602_mode8_4.o
 .text.lcd_init
                0x0000000000000000       0x46 ./Inc/lcd_1602_mode8_4.o
 .text.lcd_send
                0x0000000000000000       0x3e ./Inc/lcd_1602_mode8_4.o
 .text.lcd_msg  0x0000000000000000       0x52 ./Inc/lcd_1602_mode8_4.o
 .debug_macro   0x0000000000000000      0xaa2 ./Inc/lcd_1602_mode8_4.o
 .debug_macro   0x0000000000000000       0x82 ./Inc/lcd_1602_mode8_4.o
 .debug_macro   0x0000000000000000       0x22 ./Inc/lcd_1602_mode8_4.o
 .debug_macro   0x0000000000000000       0x8e ./Inc/lcd_1602_mode8_4.o
 .debug_macro   0x0000000000000000       0x51 ./Inc/lcd_1602_mode8_4.o
 .debug_macro   0x0000000000000000      0x103 ./Inc/lcd_1602_mode8_4.o
 .debug_macro   0x0000000000000000       0x6a ./Inc/lcd_1602_mode8_4.o
 .debug_macro   0x0000000000000000      0x1df ./Inc/lcd_1602_mode8_4.o
 .debug_macro   0x0000000000000000       0x2e ./Inc/lcd_1602_mode8_4.o
 .debug_macro   0x0000000000000000       0x22 ./Inc/lcd_1602_mode8_4.o
 .debug_macro   0x0000000000000000       0x1c ./Inc/lcd_1602_mode8_4.o
 .debug_macro   0x0000000000000000       0x22 ./Inc/lcd_1602_mode8_4.o
 .debug_macro   0x0000000000000000       0xc3 ./Inc/lcd_1602_mode8_4.o
 .debug_macro   0x0000000000000000      0xd23 ./Inc/lcd_1602_mode8_4.o
 .debug_macro   0x0000000000000000     0xde75 ./Inc/lcd_1602_mode8_4.o
 .debug_macro   0x0000000000000000       0x6d ./Inc/lcd_1602_mode8_4.o
 .group         0x0000000000000000        0xc ./Inc/spi.o
 .group         0x0000000000000000        0xc ./Inc/spi.o
 .group         0x0000000000000000        0xc ./Inc/spi.o
 .group         0x0000000000000000        0xc ./Inc/spi.o
 .group         0x0000000000000000        0xc ./Inc/spi.o
 .group         0x0000000000000000        0xc ./Inc/spi.o
 .group         0x0000000000000000        0xc ./Inc/spi.o
 .group         0x0000000000000000        0xc ./Inc/spi.o
 .group         0x0000000000000000        0xc ./Inc/spi.o
 .group         0x0000000000000000        0xc ./Inc/spi.o
 .group         0x0000000000000000        0xc ./Inc/spi.o
 .group         0x0000000000000000        0xc ./Inc/spi.o
 .group         0x0000000000000000        0xc ./Inc/spi.o
 .group         0x0000000000000000        0xc ./Inc/spi.o
 .group         0x0000000000000000        0xc ./Inc/spi.o
 .group         0x0000000000000000        0xc ./Inc/spi.o
 .text          0x0000000000000000        0x0 ./Inc/spi.o
 .data          0x0000000000000000        0x0 ./Inc/spi.o
 .bss           0x0000000000000000        0x0 ./Inc/spi.o
 .text.spi_init
                0x0000000000000000       0xa0 ./Inc/spi.o
 .text.spi_tx   0x0000000000000000       0x4c ./Inc/spi.o
 .text.spi_rx   0x0000000000000000       0x5c ./Inc/spi.o
 .text.spi_1tx_1rx
                0x0000000000000000       0x70 ./Inc/spi.o
 .text.spi_msg  0x0000000000000000       0x64 ./Inc/spi.o
 .bss.temptx.5025
                0x0000000000000000        0x1 ./Inc/spi.o
 .bss.temprx.5026
                0x0000000000000000        0x1 ./Inc/spi.o
 .debug_info    0x0000000000000000      0x374 ./Inc/spi.o
 .debug_abbrev  0x0000000000000000      0x163 ./Inc/spi.o
 .debug_aranges
                0x0000000000000000       0x40 ./Inc/spi.o
 .debug_ranges  0x0000000000000000       0x30 ./Inc/spi.o
 .debug_macro   0x0000000000000000       0xce ./Inc/spi.o
 .debug_macro   0x0000000000000000      0xaa2 ./Inc/spi.o
 .debug_macro   0x0000000000000000       0x2e ./Inc/spi.o
 .debug_macro   0x0000000000000000       0x22 ./Inc/spi.o
 .debug_macro   0x0000000000000000       0x22 ./Inc/spi.o
 .debug_macro   0x0000000000000000       0x8e ./Inc/spi.o
 .debug_macro   0x0000000000000000       0x51 ./Inc/spi.o
 .debug_macro   0x0000000000000000      0x103 ./Inc/spi.o
 .debug_macro   0x0000000000000000       0x6a ./Inc/spi.o
 .debug_macro   0x0000000000000000      0x1df ./Inc/spi.o
 .debug_macro   0x0000000000000000       0x1c ./Inc/spi.o
 .debug_macro   0x0000000000000000       0x22 ./Inc/spi.o
 .debug_macro   0x0000000000000000       0xc3 ./Inc/spi.o
 .debug_macro   0x0000000000000000      0xd23 ./Inc/spi.o
 .debug_macro   0x0000000000000000     0xde75 ./Inc/spi.o
 .debug_macro   0x0000000000000000       0x6d ./Inc/spi.o
 .debug_macro   0x0000000000000000       0x82 ./Inc/spi.o
 .debug_line    0x0000000000000000      0x609 ./Inc/spi.o
 .debug_str     0x0000000000000000    0x53623 ./Inc/spi.o
 .comment       0x0000000000000000       0x54 ./Inc/spi.o
 .debug_frame   0x0000000000000000       0xc4 ./Inc/spi.o
 .ARM.attributes
                0x0000000000000000       0x2d ./Inc/spi.o
 .group         0x0000000000000000        0xc ./Inc/string_func.o
 .text          0x0000000000000000        0x0 ./Inc/string_func.o
 .data          0x0000000000000000        0x0 ./Inc/string_func.o
 .bss           0x0000000000000000        0x0 ./Inc/string_func.o
 .text.string_len
                0x0000000000000000       0x2e ./Inc/string_func.o
 .text.find_str
                0x0000000000000000       0xb8 ./Inc/string_func.o
 .rodata        0x0000000000000000        0xb ./Inc/string_func.o
 .text.char2int
                0x0000000000000000       0x94 ./Inc/string_func.o
 .debug_macro   0x0000000000000000      0xaa2 ./Inc/string_func.o
 .group         0x0000000000000000        0xc ./Inc/system_clock.o
 .group         0x0000000000000000        0xc ./Inc/system_clock.o
 .group         0x0000000000000000        0xc ./Inc/system_clock.o
 .group         0x0000000000000000        0xc ./Inc/system_clock.o
 .group         0x0000000000000000        0xc ./Inc/system_clock.o
 .group         0x0000000000000000        0xc ./Inc/system_clock.o
 .group         0x0000000000000000        0xc ./Inc/system_clock.o
 .group         0x0000000000000000        0xc ./Inc/system_clock.o
 .group         0x0000000000000000        0xc ./Inc/system_clock.o
 .group         0x0000000000000000        0xc ./Inc/system_clock.o
 .group         0x0000000000000000        0xc ./Inc/system_clock.o
 .group         0x0000000000000000        0xc ./Inc/system_clock.o
 .group         0x0000000000000000        0xc ./Inc/system_clock.o
 .group         0x0000000000000000        0xc ./Inc/system_clock.o
 .group         0x0000000000000000        0xc ./Inc/system_clock.o
 .text          0x0000000000000000        0x0 ./Inc/system_clock.o
 .data          0x0000000000000000        0x0 ./Inc/system_clock.o
 .bss           0x0000000000000000        0x0 ./Inc/system_clock.o
 .debug_macro   0x0000000000000000      0xaa2 ./Inc/system_clock.o
 .debug_macro   0x0000000000000000       0x22 ./Inc/system_clock.o
 .debug_macro   0x0000000000000000       0x8e ./Inc/system_clock.o
 .debug_macro   0x0000000000000000       0x51 ./Inc/system_clock.o
 .debug_macro   0x0000000000000000      0x103 ./Inc/system_clock.o
 .debug_macro   0x0000000000000000       0x6a ./Inc/system_clock.o
 .debug_macro   0x0000000000000000      0x1df ./Inc/system_clock.o
 .debug_macro   0x0000000000000000       0x2e ./Inc/system_clock.o
 .debug_macro   0x0000000000000000       0x22 ./Inc/system_clock.o
 .debug_macro   0x0000000000000000       0x1c ./Inc/system_clock.o
 .debug_macro   0x0000000000000000       0x22 ./Inc/system_clock.o
 .debug_macro   0x0000000000000000       0xc3 ./Inc/system_clock.o
 .debug_macro   0x0000000000000000      0xd23 ./Inc/system_clock.o
 .debug_macro   0x0000000000000000     0xde75 ./Inc/system_clock.o
 .debug_macro   0x0000000000000000       0x6d ./Inc/system_clock.o
 .group         0x0000000000000000        0xc ./Inc/systick_delay.o
 .group         0x0000000000000000        0xc ./Inc/systick_delay.o
 .group         0x0000000000000000        0xc ./Inc/systick_delay.o
 .group         0x0000000000000000        0xc ./Inc/systick_delay.o
 .group         0x0000000000000000        0xc ./Inc/systick_delay.o
 .group         0x0000000000000000        0xc ./Inc/systick_delay.o
 .group         0x0000000000000000        0xc ./Inc/systick_delay.o
 .group         0x0000000000000000        0xc ./Inc/systick_delay.o
 .group         0x0000000000000000        0xc ./Inc/systick_delay.o
 .group         0x0000000000000000        0xc ./Inc/systick_delay.o
 .group         0x0000000000000000        0xc ./Inc/systick_delay.o
 .group         0x0000000000000000        0xc ./Inc/systick_delay.o
 .group         0x0000000000000000        0xc ./Inc/systick_delay.o
 .group         0x0000000000000000        0xc ./Inc/systick_delay.o
 .group         0x0000000000000000        0xc ./Inc/systick_delay.o
 .text          0x0000000000000000        0x0 ./Inc/systick_delay.o
 .data          0x0000000000000000        0x0 ./Inc/systick_delay.o
 .bss           0x0000000000000000        0x0 ./Inc/systick_delay.o
 .text.init_systick_delay
                0x0000000000000000       0x2c ./Inc/systick_delay.o
 .text.delayus  0x0000000000000000       0x30 ./Inc/systick_delay.o
 .text.delayms  0x0000000000000000       0x24 ./Inc/systick_delay.o
 .debug_info    0x0000000000000000      0x1c0 ./Inc/systick_delay.o
 .debug_abbrev  0x0000000000000000      0x107 ./Inc/systick_delay.o
 .debug_aranges
                0x0000000000000000       0x30 ./Inc/systick_delay.o
 .debug_ranges  0x0000000000000000       0x20 ./Inc/systick_delay.o
 .debug_macro   0x0000000000000000       0xc5 ./Inc/systick_delay.o
 .debug_macro   0x0000000000000000      0xaa2 ./Inc/systick_delay.o
 .debug_macro   0x0000000000000000       0x2e ./Inc/systick_delay.o
 .debug_macro   0x0000000000000000       0x22 ./Inc/systick_delay.o
 .debug_macro   0x0000000000000000       0x22 ./Inc/systick_delay.o
 .debug_macro   0x0000000000000000       0x8e ./Inc/systick_delay.o
 .debug_macro   0x0000000000000000       0x51 ./Inc/systick_delay.o
 .debug_macro   0x0000000000000000      0x103 ./Inc/systick_delay.o
 .debug_macro   0x0000000000000000       0x6a ./Inc/systick_delay.o
 .debug_macro   0x0000000000000000      0x1df ./Inc/systick_delay.o
 .debug_macro   0x0000000000000000       0x1c ./Inc/systick_delay.o
 .debug_macro   0x0000000000000000       0x22 ./Inc/systick_delay.o
 .debug_macro   0x0000000000000000       0xc3 ./Inc/systick_delay.o
 .debug_macro   0x0000000000000000      0xd23 ./Inc/systick_delay.o
 .debug_macro   0x0000000000000000     0xde75 ./Inc/systick_delay.o
 .debug_macro   0x0000000000000000       0x6d ./Inc/systick_delay.o
 .debug_line    0x0000000000000000      0x52a ./Inc/systick_delay.o
 .debug_str     0x0000000000000000    0x53480 ./Inc/systick_delay.o
 .comment       0x0000000000000000       0x54 ./Inc/systick_delay.o
 .debug_frame   0x0000000000000000       0x74 ./Inc/systick_delay.o
 .ARM.attributes
                0x0000000000000000       0x2d ./Inc/systick_delay.o
 .group         0x0000000000000000        0xc ./Inc/systick_interrupt.o
 .group         0x0000000000000000        0xc ./Inc/systick_interrupt.o
 .group         0x0000000000000000        0xc ./Inc/systick_interrupt.o
 .group         0x0000000000000000        0xc ./Inc/systick_interrupt.o
 .group         0x0000000000000000        0xc ./Inc/systick_interrupt.o
 .group         0x0000000000000000        0xc ./Inc/systick_interrupt.o
 .group         0x0000000000000000        0xc ./Inc/systick_interrupt.o
 .group         0x0000000000000000        0xc ./Inc/systick_interrupt.o
 .group         0x0000000000000000        0xc ./Inc/systick_interrupt.o
 .group         0x0000000000000000        0xc ./Inc/systick_interrupt.o
 .group         0x0000000000000000        0xc ./Inc/systick_interrupt.o
 .group         0x0000000000000000        0xc ./Inc/systick_interrupt.o
 .group         0x0000000000000000        0xc ./Inc/systick_interrupt.o
 .group         0x0000000000000000        0xc ./Inc/systick_interrupt.o
 .group         0x0000000000000000        0xc ./Inc/systick_interrupt.o
 .group         0x0000000000000000        0xc ./Inc/systick_interrupt.o
 .text          0x0000000000000000        0x0 ./Inc/systick_interrupt.o
 .data          0x0000000000000000        0x0 ./Inc/systick_interrupt.o
 .bss           0x0000000000000000        0x0 ./Inc/systick_interrupt.o
 .text.init_systick_interrupt
                0x0000000000000000       0x58 ./Inc/systick_interrupt.o
 .text.systick_interrupt_time_usart
                0x0000000000000000       0x48 ./Inc/systick_interrupt.o
 .debug_info    0x0000000000000000      0x1dd ./Inc/systick_interrupt.o
 .debug_abbrev  0x0000000000000000      0x112 ./Inc/systick_interrupt.o
 .debug_aranges
                0x0000000000000000       0x28 ./Inc/systick_interrupt.o
 .debug_ranges  0x0000000000000000       0x18 ./Inc/systick_interrupt.o
 .debug_macro   0x0000000000000000       0xce ./Inc/systick_interrupt.o
 .debug_macro   0x0000000000000000      0xaa2 ./Inc/systick_interrupt.o
 .debug_macro   0x0000000000000000       0x2e ./Inc/systick_interrupt.o
 .debug_macro   0x0000000000000000       0x22 ./Inc/systick_interrupt.o
 .debug_macro   0x0000000000000000       0x22 ./Inc/systick_interrupt.o
 .debug_macro   0x0000000000000000       0x8e ./Inc/systick_interrupt.o
 .debug_macro   0x0000000000000000       0x51 ./Inc/systick_interrupt.o
 .debug_macro   0x0000000000000000      0x103 ./Inc/systick_interrupt.o
 .debug_macro   0x0000000000000000       0x6a ./Inc/systick_interrupt.o
 .debug_macro   0x0000000000000000      0x1df ./Inc/systick_interrupt.o
 .debug_macro   0x0000000000000000       0x1c ./Inc/systick_interrupt.o
 .debug_macro   0x0000000000000000       0x22 ./Inc/systick_interrupt.o
 .debug_macro   0x0000000000000000       0xc3 ./Inc/systick_interrupt.o
 .debug_macro   0x0000000000000000      0xd23 ./Inc/systick_interrupt.o
 .debug_macro   0x0000000000000000     0xde75 ./Inc/systick_interrupt.o
 .debug_macro   0x0000000000000000       0x6d ./Inc/systick_interrupt.o
 .debug_macro   0x0000000000000000       0x82 ./Inc/systick_interrupt.o
 .debug_line    0x0000000000000000      0x507 ./Inc/systick_interrupt.o
 .debug_str     0x0000000000000000    0x5360d ./Inc/systick_interrupt.o
 .comment       0x0000000000000000       0x54 ./Inc/systick_interrupt.o
 .debug_frame   0x0000000000000000       0x60 ./Inc/systick_interrupt.o
 .ARM.attributes
                0x0000000000000000       0x2d ./Inc/systick_interrupt.o
 .group         0x0000000000000000        0xc ./Inc/usart.o
 .group         0x0000000000000000        0xc ./Inc/usart.o
 .group         0x0000000000000000        0xc ./Inc/usart.o
 .group         0x0000000000000000        0xc ./Inc/usart.o
 .group         0x0000000000000000        0xc ./Inc/usart.o
 .group         0x0000000000000000        0xc ./Inc/usart.o
 .group         0x0000000000000000        0xc ./Inc/usart.o
 .group         0x0000000000000000        0xc ./Inc/usart.o
 .group         0x0000000000000000        0xc ./Inc/usart.o
 .group         0x0000000000000000        0xc ./Inc/usart.o
 .group         0x0000000000000000        0xc ./Inc/usart.o
 .group         0x0000000000000000        0xc ./Inc/usart.o
 .group         0x0000000000000000        0xc ./Inc/usart.o
 .group         0x0000000000000000        0xc ./Inc/usart.o
 .group         0x0000000000000000        0xc ./Inc/usart.o
 .group         0x0000000000000000        0xc ./Inc/usart.o
 .text          0x0000000000000000        0x0 ./Inc/usart.o
 .data          0x0000000000000000        0x0 ./Inc/usart.o
 .bss           0x0000000000000000        0x0 ./Inc/usart.o
 .text.init_usart
                0x0000000000000000       0xe4 ./Inc/usart.o
 .text.usartdiv_baudrate
                0x0000000000000000      0x10c ./Inc/usart.o
 .text.usart_send_char
                0x0000000000000000       0x74 ./Inc/usart.o
 .text.usart_get_char
                0x0000000000000000       0x70 ./Inc/usart.o
 .text.usart_send_string
                0x0000000000000000       0x32 ./Inc/usart.o
 .debug_info    0x0000000000000000      0x3b6 ./Inc/usart.o
 .debug_abbrev  0x0000000000000000      0x19d ./Inc/usart.o
 .debug_aranges
                0x0000000000000000       0x40 ./Inc/usart.o
 .debug_ranges  0x0000000000000000       0x30 ./Inc/usart.o
 .debug_macro   0x0000000000000000       0xce ./Inc/usart.o
 .debug_macro   0x0000000000000000      0xaa2 ./Inc/usart.o
 .debug_macro   0x0000000000000000       0x2e ./Inc/usart.o
 .debug_macro   0x0000000000000000       0x22 ./Inc/usart.o
 .debug_macro   0x0000000000000000       0x22 ./Inc/usart.o
 .debug_macro   0x0000000000000000       0x8e ./Inc/usart.o
 .debug_macro   0x0000000000000000       0x51 ./Inc/usart.o
 .debug_macro   0x0000000000000000      0x103 ./Inc/usart.o
 .debug_macro   0x0000000000000000       0x6a ./Inc/usart.o
 .debug_macro   0x0000000000000000      0x1df ./Inc/usart.o
 .debug_macro   0x0000000000000000       0x1c ./Inc/usart.o
 .debug_macro   0x0000000000000000       0x22 ./Inc/usart.o
 .debug_macro   0x0000000000000000       0xc3 ./Inc/usart.o
 .debug_macro   0x0000000000000000      0xd23 ./Inc/usart.o
 .debug_macro   0x0000000000000000     0xde75 ./Inc/usart.o
 .debug_macro   0x0000000000000000       0x6d ./Inc/usart.o
 .debug_macro   0x0000000000000000       0x82 ./Inc/usart.o
 .debug_line    0x0000000000000000      0x631 ./Inc/usart.o
 .debug_str     0x0000000000000000    0x53666 ./Inc/usart.o
 .comment       0x0000000000000000       0x54 ./Inc/usart.o
 .debug_frame   0x0000000000000000       0xd0 ./Inc/usart.o
 .ARM.attributes
                0x0000000000000000       0x2d ./Inc/usart.o
 .group         0x0000000000000000        0xc ./Inc/usart_rx_interrupt.o
 .group         0x0000000000000000        0xc ./Inc/usart_rx_interrupt.o
 .group         0x0000000000000000        0xc ./Inc/usart_rx_interrupt.o
 .group         0x0000000000000000        0xc ./Inc/usart_rx_interrupt.o
 .group         0x0000000000000000        0xc ./Inc/usart_rx_interrupt.o
 .group         0x0000000000000000        0xc ./Inc/usart_rx_interrupt.o
 .group         0x0000000000000000        0xc ./Inc/usart_rx_interrupt.o
 .group         0x0000000000000000        0xc ./Inc/usart_rx_interrupt.o
 .group         0x0000000000000000        0xc ./Inc/usart_rx_interrupt.o
 .group         0x0000000000000000        0xc ./Inc/usart_rx_interrupt.o
 .group         0x0000000000000000        0xc ./Inc/usart_rx_interrupt.o
 .group         0x0000000000000000        0xc ./Inc/usart_rx_interrupt.o
 .group         0x0000000000000000        0xc ./Inc/usart_rx_interrupt.o
 .group         0x0000000000000000        0xc ./Inc/usart_rx_interrupt.o
 .group         0x0000000000000000        0xc ./Inc/usart_rx_interrupt.o
 .text          0x0000000000000000        0x0 ./Inc/usart_rx_interrupt.o
 .data          0x0000000000000000        0x0 ./Inc/usart_rx_interrupt.o
 .bss           0x0000000000000000        0x0 ./Inc/usart_rx_interrupt.o
 .text.__NVIC_EnableIRQ
                0x0000000000000000       0x38 ./Inc/usart_rx_interrupt.o
 .text.init_usart_rx_interrupt
                0x0000000000000000       0x5c ./Inc/usart_rx_interrupt.o
 .text.usart_get_string_isr
                0x0000000000000000       0xd8 ./Inc/usart_rx_interrupt.o
 .debug_info    0x0000000000000000      0x574 ./Inc/usart_rx_interrupt.o
 .debug_abbrev  0x0000000000000000      0x1a4 ./Inc/usart_rx_interrupt.o
 .debug_aranges
                0x0000000000000000       0x30 ./Inc/usart_rx_interrupt.o
 .debug_ranges  0x0000000000000000       0x20 ./Inc/usart_rx_interrupt.o
 .debug_macro   0x0000000000000000       0xd9 ./Inc/usart_rx_interrupt.o
 .debug_macro   0x0000000000000000      0xaa2 ./Inc/usart_rx_interrupt.o
 .debug_macro   0x0000000000000000       0x2e ./Inc/usart_rx_interrupt.o
 .debug_macro   0x0000000000000000       0x22 ./Inc/usart_rx_interrupt.o
 .debug_macro   0x0000000000000000       0x22 ./Inc/usart_rx_interrupt.o
 .debug_macro   0x0000000000000000       0x8e ./Inc/usart_rx_interrupt.o
 .debug_macro   0x0000000000000000       0x51 ./Inc/usart_rx_interrupt.o
 .debug_macro   0x0000000000000000      0x103 ./Inc/usart_rx_interrupt.o
 .debug_macro   0x0000000000000000       0x6a ./Inc/usart_rx_interrupt.o
 .debug_macro   0x0000000000000000      0x1df ./Inc/usart_rx_interrupt.o
 .debug_macro   0x0000000000000000       0x1c ./Inc/usart_rx_interrupt.o
 .debug_macro   0x0000000000000000       0x22 ./Inc/usart_rx_interrupt.o
 .debug_macro   0x0000000000000000       0xc3 ./Inc/usart_rx_interrupt.o
 .debug_macro   0x0000000000000000      0xd23 ./Inc/usart_rx_interrupt.o
 .debug_macro   0x0000000000000000     0xde75 ./Inc/usart_rx_interrupt.o
 .debug_macro   0x0000000000000000       0x6d ./Inc/usart_rx_interrupt.o
 .debug_line    0x0000000000000000      0x5f1 ./Inc/usart_rx_interrupt.o
 .debug_str     0x0000000000000000    0x53835 ./Inc/usart_rx_interrupt.o
 .comment       0x0000000000000000       0x54 ./Inc/usart_rx_interrupt.o
 .debug_frame   0x0000000000000000       0x84 ./Inc/usart_rx_interrupt.o
 .ARM.attributes
                0x0000000000000000       0x2d ./Inc/usart_rx_interrupt.o
 .group         0x0000000000000000        0xc ./Src/main.o
 .group         0x0000000000000000        0xc ./Src/main.o
 .group         0x0000000000000000        0xc ./Src/main.o
 .group         0x0000000000000000        0xc ./Src/main.o
 .group         0x0000000000000000        0xc ./Src/main.o
 .group         0x0000000000000000        0xc ./Src/main.o
 .group         0x0000000000000000        0xc ./Src/main.o
 .group         0x0000000000000000        0xc ./Src/main.o
 .group         0x0000000000000000        0xc ./Src/main.o
 .group         0x0000000000000000        0xc ./Src/main.o
 .group         0x0000000000000000        0xc ./Src/main.o
 .group         0x0000000000000000        0xc ./Src/main.o
 .group         0x0000000000000000        0xc ./Src/main.o
 .group         0x0000000000000000        0xc ./Src/main.o
 .group         0x0000000000000000        0xc ./Src/main.o
 .group         0x0000000000000000        0xc ./Src/main.o
 .group         0x0000000000000000        0xc ./Src/main.o
 .text          0x0000000000000000        0x0 ./Src/main.o
 .data          0x0000000000000000        0x0 ./Src/main.o
 .bss           0x0000000000000000        0x0 ./Src/main.o
 .debug_macro   0x0000000000000000      0xaa2 ./Src/main.o
 .debug_macro   0x0000000000000000       0x22 ./Src/main.o
 .debug_macro   0x0000000000000000       0x8e ./Src/main.o
 .debug_macro   0x0000000000000000       0x51 ./Src/main.o
 .debug_macro   0x0000000000000000      0x103 ./Src/main.o
 .debug_macro   0x0000000000000000       0x6a ./Src/main.o
 .debug_macro   0x0000000000000000      0x1df ./Src/main.o
 .debug_macro   0x0000000000000000       0x82 ./Src/main.o
 .debug_macro   0x0000000000000000       0x2e ./Src/main.o
 .debug_macro   0x0000000000000000       0x22 ./Src/main.o
 .debug_macro   0x0000000000000000       0x1c ./Src/main.o
 .debug_macro   0x0000000000000000       0x22 ./Src/main.o
 .debug_macro   0x0000000000000000       0xc3 ./Src/main.o
 .debug_macro   0x0000000000000000      0xd23 ./Src/main.o
 .debug_macro   0x0000000000000000     0xde75 ./Src/main.o
 .debug_macro   0x0000000000000000       0x6d ./Src/main.o
 .group         0x0000000000000000        0xc ./Src/syscalls.o
 .group         0x0000000000000000        0xc ./Src/syscalls.o
 .group         0x0000000000000000        0xc ./Src/syscalls.o
 .group         0x0000000000000000        0xc ./Src/syscalls.o
 .group         0x0000000000000000        0xc ./Src/syscalls.o
 .group         0x0000000000000000        0xc ./Src/syscalls.o
 .group         0x0000000000000000        0xc ./Src/syscalls.o
 .group         0x0000000000000000        0xc ./Src/syscalls.o
 .group         0x0000000000000000        0xc ./Src/syscalls.o
 .group         0x0000000000000000        0xc ./Src/syscalls.o
 .group         0x0000000000000000        0xc ./Src/syscalls.o
 .group         0x0000000000000000        0xc ./Src/syscalls.o
 .group         0x0000000000000000        0xc ./Src/syscalls.o
 .group         0x0000000000000000        0xc ./Src/syscalls.o
 .group         0x0000000000000000        0xc ./Src/syscalls.o
 .group         0x0000000000000000        0xc ./Src/syscalls.o
 .group         0x0000000000000000        0xc ./Src/syscalls.o
 .group         0x0000000000000000        0xc ./Src/syscalls.o
 .group         0x0000000000000000        0xc ./Src/syscalls.o
 .group         0x0000000000000000        0xc ./Src/syscalls.o
 .group         0x0000000000000000        0xc ./Src/syscalls.o
 .group         0x0000000000000000        0xc ./Src/syscalls.o
 .group         0x0000000000000000        0xc ./Src/syscalls.o
 .group         0x0000000000000000        0xc ./Src/syscalls.o
 .group         0x0000000000000000        0xc ./Src/syscalls.o
 .group         0x0000000000000000        0xc ./Src/syscalls.o
 .group         0x0000000000000000        0xc ./Src/syscalls.o
 .group         0x0000000000000000        0xc ./Src/syscalls.o
 .group         0x0000000000000000        0xc ./Src/syscalls.o
 .group         0x0000000000000000        0xc ./Src/syscalls.o
 .group         0x0000000000000000        0xc ./Src/syscalls.o
 .group         0x0000000000000000        0xc ./Src/syscalls.o
 .group         0x0000000000000000        0xc ./Src/syscalls.o
 .group         0x0000000000000000        0xc ./Src/syscalls.o
 .group         0x0000000000000000        0xc ./Src/syscalls.o
 .group         0x0000000000000000        0xc ./Src/syscalls.o
 .group         0x0000000000000000        0xc ./Src/syscalls.o
 .group         0x0000000000000000        0xc ./Src/syscalls.o
 .group         0x0000000000000000        0xc ./Src/syscalls.o
 .group         0x0000000000000000        0xc ./Src/syscalls.o
 .group         0x0000000000000000        0xc ./Src/syscalls.o
 .group         0x0000000000000000        0xc ./Src/syscalls.o
 .group         0x0000000000000000        0xc ./Src/syscalls.o
 .group         0x0000000000000000        0xc ./Src/syscalls.o
 .group         0x0000000000000000        0xc ./Src/syscalls.o
 .group         0x0000000000000000        0xc ./Src/syscalls.o
 .group         0x0000000000000000        0xc ./Src/syscalls.o
 .text          0x0000000000000000        0x0 ./Src/syscalls.o
 .data          0x0000000000000000        0x0 ./Src/syscalls.o
 .bss           0x0000000000000000        0x0 ./Src/syscalls.o
 .bss.__env     0x0000000000000000        0x4 ./Src/syscalls.o
 .data.environ  0x0000000000000000        0x4 ./Src/syscalls.o
 .text.initialise_monitor_handles
                0x0000000000000000        0xc ./Src/syscalls.o
 .text._getpid  0x0000000000000000        0xe ./Src/syscalls.o
 .text._kill    0x0000000000000000       0x20 ./Src/syscalls.o
 .text._exit    0x0000000000000000       0x14 ./Src/syscalls.o
 .text._read    0x0000000000000000       0x3a ./Src/syscalls.o
 .text._write   0x0000000000000000       0x38 ./Src/syscalls.o
 .text._close   0x0000000000000000       0x16 ./Src/syscalls.o
 .text._fstat   0x0000000000000000       0x1e ./Src/syscalls.o
 .text._isatty  0x0000000000000000       0x14 ./Src/syscalls.o
 .text._lseek   0x0000000000000000       0x18 ./Src/syscalls.o
 .text._open    0x0000000000000000       0x1a ./Src/syscalls.o
 .text._wait    0x0000000000000000       0x1e ./Src/syscalls.o
 .text._unlink  0x0000000000000000       0x1e ./Src/syscalls.o
 .text._times   0x0000000000000000       0x16 ./Src/syscalls.o
 .text._stat    0x0000000000000000       0x1e ./Src/syscalls.o
 .text._link    0x0000000000000000       0x20 ./Src/syscalls.o
 .text._fork    0x0000000000000000       0x16 ./Src/syscalls.o
 .text._execve  0x0000000000000000       0x22 ./Src/syscalls.o
 .debug_info    0x0000000000000000      0xfa8 ./Src/syscalls.o
 .debug_abbrev  0x0000000000000000      0x286 ./Src/syscalls.o
 .debug_aranges
                0x0000000000000000       0xa8 ./Src/syscalls.o
 .debug_ranges  0x0000000000000000       0x98 ./Src/syscalls.o
 .debug_macro   0x0000000000000000      0x24c ./Src/syscalls.o
 .debug_macro   0x0000000000000000      0xaa2 ./Src/syscalls.o
 .debug_macro   0x0000000000000000       0x22 ./Src/syscalls.o
 .debug_macro   0x0000000000000000       0x4c ./Src/syscalls.o
 .debug_macro   0x0000000000000000       0x18 ./Src/syscalls.o
 .debug_macro   0x0000000000000000       0x94 ./Src/syscalls.o
 .debug_macro   0x0000000000000000       0x3c ./Src/syscalls.o
 .debug_macro   0x0000000000000000       0x34 ./Src/syscalls.o
 .debug_macro   0x0000000000000000       0x57 ./Src/syscalls.o
 .debug_macro   0x0000000000000000      0x174 ./Src/syscalls.o
 .debug_macro   0x0000000000000000      0x339 ./Src/syscalls.o
 .debug_macro   0x0000000000000000       0x16 ./Src/syscalls.o
 .debug_macro   0x0000000000000000       0x43 ./Src/syscalls.o
 .debug_macro   0x0000000000000000       0x34 ./Src/syscalls.o
 .debug_macro   0x0000000000000000       0x10 ./Src/syscalls.o
 .debug_macro   0x0000000000000000       0x58 ./Src/syscalls.o
 .debug_macro   0x0000000000000000       0x71 ./Src/syscalls.o
 .debug_macro   0x0000000000000000       0x1c ./Src/syscalls.o
 .debug_macro   0x0000000000000000      0x12a ./Src/syscalls.o
 .debug_macro   0x0000000000000000       0x10 ./Src/syscalls.o
 .debug_macro   0x0000000000000000       0x35 ./Src/syscalls.o
 .debug_macro   0x0000000000000000       0x10 ./Src/syscalls.o
 .debug_macro   0x0000000000000000       0x10 ./Src/syscalls.o
 .debug_macro   0x0000000000000000       0x10 ./Src/syscalls.o
 .debug_macro   0x0000000000000000       0x6a ./Src/syscalls.o
 .debug_macro   0x0000000000000000       0x1c ./Src/syscalls.o
 .debug_macro   0x0000000000000000       0x52 ./Src/syscalls.o
 .debug_macro   0x0000000000000000       0x22 ./Src/syscalls.o
 .debug_macro   0x0000000000000000       0x10 ./Src/syscalls.o
 .debug_macro   0x0000000000000000       0x40 ./Src/syscalls.o
 .debug_macro   0x0000000000000000       0xd5 ./Src/syscalls.o
 .debug_macro   0x0000000000000000       0x1c ./Src/syscalls.o
 .debug_macro   0x0000000000000000       0x3d ./Src/syscalls.o
 .debug_macro   0x0000000000000000       0x35 ./Src/syscalls.o
 .debug_macro   0x0000000000000000      0x12c ./Src/syscalls.o
 .debug_macro   0x0000000000000000       0x16 ./Src/syscalls.o
 .debug_macro   0x0000000000000000       0x16 ./Src/syscalls.o
 .debug_macro   0x0000000000000000       0x29 ./Src/syscalls.o
 .debug_macro   0x0000000000000000       0x10 ./Src/syscalls.o
 .debug_macro   0x0000000000000000      0x241 ./Src/syscalls.o
 .debug_macro   0x0000000000000000       0x1c ./Src/syscalls.o
 .debug_macro   0x0000000000000000       0x10 ./Src/syscalls.o
 .debug_macro   0x0000000000000000       0x10 ./Src/syscalls.o
 .debug_macro   0x0000000000000000       0x16 ./Src/syscalls.o
 .debug_macro   0x0000000000000000      0x145 ./Src/syscalls.o
 .debug_macro   0x0000000000000000      0x189 ./Src/syscalls.o
 .debug_macro   0x0000000000000000       0x16 ./Src/syscalls.o
 .debug_macro   0x0000000000000000       0xce ./Src/syscalls.o
 .debug_line    0x0000000000000000      0x7fd ./Src/syscalls.o
 .debug_str     0x0000000000000000     0x8e7c ./Src/syscalls.o
 .comment       0x0000000000000000       0x54 ./Src/syscalls.o
 .debug_frame   0x0000000000000000      0x2ac ./Src/syscalls.o
 .ARM.attributes
                0x0000000000000000       0x2d ./Src/syscalls.o
 .group         0x0000000000000000        0xc ./Src/sysmem.o
 .group         0x0000000000000000        0xc ./Src/sysmem.o
 .group         0x0000000000000000        0xc ./Src/sysmem.o
 .group         0x0000000000000000        0xc ./Src/sysmem.o
 .group         0x0000000000000000        0xc ./Src/sysmem.o
 .group         0x0000000000000000        0xc ./Src/sysmem.o
 .group         0x0000000000000000        0xc ./Src/sysmem.o
 .group         0x0000000000000000        0xc ./Src/sysmem.o
 .group         0x0000000000000000        0xc ./Src/sysmem.o
 .group         0x0000000000000000        0xc ./Src/sysmem.o
 .group         0x0000000000000000        0xc ./Src/sysmem.o
 .group         0x0000000000000000        0xc ./Src/sysmem.o
 .group         0x0000000000000000        0xc ./Src/sysmem.o
 .group         0x0000000000000000        0xc ./Src/sysmem.o
 .group         0x0000000000000000        0xc ./Src/sysmem.o
 .group         0x0000000000000000        0xc ./Src/sysmem.o
 .group         0x0000000000000000        0xc ./Src/sysmem.o
 .group         0x0000000000000000        0xc ./Src/sysmem.o
 .group         0x0000000000000000        0xc ./Src/sysmem.o
 .group         0x0000000000000000        0xc ./Src/sysmem.o
 .group         0x0000000000000000        0xc ./Src/sysmem.o
 .group         0x0000000000000000        0xc ./Src/sysmem.o
 .text          0x0000000000000000        0x0 ./Src/sysmem.o
 .data          0x0000000000000000        0x0 ./Src/sysmem.o
 .bss           0x0000000000000000        0x0 ./Src/sysmem.o
 .bss.__sbrk_heap_end
                0x0000000000000000        0x4 ./Src/sysmem.o
 .text._sbrk    0x0000000000000000       0x6c ./Src/sysmem.o
 .debug_info    0x0000000000000000      0xa25 ./Src/sysmem.o
 .debug_abbrev  0x0000000000000000      0x1bf ./Src/sysmem.o
 .debug_aranges
                0x0000000000000000       0x20 ./Src/sysmem.o
 .debug_ranges  0x0000000000000000       0x10 ./Src/sysmem.o
 .debug_macro   0x0000000000000000       0xff ./Src/sysmem.o
 .debug_macro   0x0000000000000000      0xaa2 ./Src/sysmem.o
 .debug_macro   0x0000000000000000       0x10 ./Src/sysmem.o
 .debug_macro   0x0000000000000000       0x22 ./Src/sysmem.o
 .debug_macro   0x0000000000000000       0x4c ./Src/sysmem.o
 .debug_macro   0x0000000000000000       0x18 ./Src/sysmem.o
 .debug_macro   0x0000000000000000       0x94 ./Src/sysmem.o
 .debug_macro   0x0000000000000000       0x3c ./Src/sysmem.o
 .debug_macro   0x0000000000000000       0x34 ./Src/sysmem.o
 .debug_macro   0x0000000000000000      0x174 ./Src/sysmem.o
 .debug_macro   0x0000000000000000       0x16 ./Src/sysmem.o
 .debug_macro   0x0000000000000000       0x43 ./Src/sysmem.o
 .debug_macro   0x0000000000000000       0x57 ./Src/sysmem.o
 .debug_macro   0x0000000000000000       0x34 ./Src/sysmem.o
 .debug_macro   0x0000000000000000       0x10 ./Src/sysmem.o
 .debug_macro   0x0000000000000000       0x58 ./Src/sysmem.o
 .debug_macro   0x0000000000000000       0x71 ./Src/sysmem.o
 .debug_macro   0x0000000000000000       0x1c ./Src/sysmem.o
 .debug_macro   0x0000000000000000      0x12a ./Src/sysmem.o
 .debug_macro   0x0000000000000000      0x23b ./Src/sysmem.o
 .debug_macro   0x0000000000000000      0x103 ./Src/sysmem.o
 .debug_macro   0x0000000000000000       0x6a ./Src/sysmem.o
 .debug_macro   0x0000000000000000      0x1df ./Src/sysmem.o
 .debug_line    0x0000000000000000      0x4f3 ./Src/sysmem.o
 .debug_str     0x0000000000000000     0x624f ./Src/sysmem.o
 .comment       0x0000000000000000       0x54 ./Src/sysmem.o
 .debug_frame   0x0000000000000000       0x34 ./Src/sysmem.o
 .ARM.attributes
                0x0000000000000000       0x2d ./Src/sysmem.o
 .text          0x0000000000000000       0x14 ./Startup/startup_stm32f103c6tx.o
 .data          0x0000000000000000        0x0 ./Startup/startup_stm32f103c6tx.o
 .bss           0x0000000000000000        0x0 ./Startup/startup_stm32f103c6tx.o
 .text          0x0000000000000000        0x0 c:/st/stm32cubeide_1.8.0/stm32cubeide/plugins/com.st.stm32cube.ide.mcu.externaltools.gnu-tools-for-stm32.9-2020-q2-update.win32_2.0.0.202105311346/tools/bin/../lib/gcc/arm-none-eabi/9.3.1/../../../../arm-none-eabi/lib/thumb/v7-m/nofp\libc_nano.a(lib_a-errno.o)
 .data          0x0000000000000000        0x0 c:/st/stm32cubeide_1.8.0/stm32cubeide/plugins/com.st.stm32cube.ide.mcu.externaltools.gnu-tools-for-stm32.9-2020-q2-update.win32_2.0.0.202105311346/tools/bin/../lib/gcc/arm-none-eabi/9.3.1/../../../../arm-none-eabi/lib/thumb/v7-m/nofp\libc_nano.a(lib_a-errno.o)
 .bss           0x0000000000000000        0x0 c:/st/stm32cubeide_1.8.0/stm32cubeide/plugins/com.st.stm32cube.ide.mcu.externaltools.gnu-tools-for-stm32.9-2020-q2-update.win32_2.0.0.202105311346/tools/bin/../lib/gcc/arm-none-eabi/9.3.1/../../../../arm-none-eabi/lib/thumb/v7-m/nofp\libc_nano.a(lib_a-errno.o)
 .text.__errno  0x0000000000000000        0xc c:/st/stm32cubeide_1.8.0/stm32cubeide/plugins/com.st.stm32cube.ide.mcu.externaltools.gnu-tools-for-stm32.9-2020-q2-update.win32_2.0.0.202105311346/tools/bin/../lib/gcc/arm-none-eabi/9.3.1/../../../../arm-none-eabi/lib/thumb/v7-m/nofp\libc_nano.a(lib_a-errno.o)
 .debug_frame   0x0000000000000000       0x20 c:/st/stm32cubeide_1.8.0/stm32cubeide/plugins/com.st.stm32cube.ide.mcu.externaltools.gnu-tools-for-stm32.9-2020-q2-update.win32_2.0.0.202105311346/tools/bin/../lib/gcc/arm-none-eabi/9.3.1/../../../../arm-none-eabi/lib/thumb/v7-m/nofp\libc_nano.a(lib_a-errno.o)
 .ARM.attributes
                0x0000000000000000       0x2d c:/st/stm32cubeide_1.8.0/stm32cubeide/plugins/com.st.stm32cube.ide.mcu.externaltools.gnu-tools-for-stm32.9-2020-q2-update.win32_2.0.0.202105311346/tools/bin/../lib/gcc/arm-none-eabi/9.3.1/../../../../arm-none-eabi/lib/thumb/v7-m/nofp\libc_nano.a(lib_a-errno.o)
 .text          0x0000000000000000        0x0 c:/st/stm32cubeide_1.8.0/stm32cubeide/plugins/com.st.stm32cube.ide.mcu.externaltools.gnu-tools-for-stm32.9-2020-q2-update.win32_2.0.0.202105311346/tools/bin/../lib/gcc/arm-none-eabi/9.3.1/../../../../arm-none-eabi/lib/thumb/v7-m/nofp\libc_nano.a(lib_a-exit.o)
 .data          0x0000000000000000        0x0 c:/st/stm32cubeide_1.8.0/stm32cubeide/plugins/com.st.stm32cube.ide.mcu.externaltools.gnu-tools-for-stm32.9-2020-q2-update.win32_2.0.0.202105311346/tools/bin/../lib/gcc/arm-none-eabi/9.3.1/../../../../arm-none-eabi/lib/thumb/v7-m/nofp\libc_nano.a(lib_a-exit.o)
 .bss           0x0000000000000000        0x0 c:/st/stm32cubeide_1.8.0/stm32cubeide/plugins/com.st.stm32cube.ide.mcu.externaltools.gnu-tools-for-stm32.9-2020-q2-update.win32_2.0.0.202105311346/tools/bin/../lib/gcc/arm-none-eabi/9.3.1/../../../../arm-none-eabi/lib/thumb/v7-m/nofp\libc_nano.a(lib_a-exit.o)
 .text.exit     0x0000000000000000       0x28 c:/st/stm32cubeide_1.8.0/stm32cubeide/plugins/com.st.stm32cube.ide.mcu.externaltools.gnu-tools-for-stm32.9-2020-q2-update.win32_2.0.0.202105311346/tools/bin/../lib/gcc/arm-none-eabi/9.3.1/../../../../arm-none-eabi/lib/thumb/v7-m/nofp\libc_nano.a(lib_a-exit.o)
 .debug_frame   0x0000000000000000       0x28 c:/st/stm32cubeide_1.8.0/stm32cubeide/plugins/com.st.stm32cube.ide.mcu.externaltools.gnu-tools-for-stm32.9-2020-q2-update.win32_2.0.0.202105311346/tools/bin/../lib/gcc/arm-none-eabi/9.3.1/../../../../arm-none-eabi/lib/thumb/v7-m/nofp\libc_nano.a(lib_a-exit.o)
 .ARM.attributes
                0x0000000000000000       0x2d c:/st/stm32cubeide_1.8.0/stm32cubeide/plugins/com.st.stm32cube.ide.mcu.externaltools.gnu-tools-for-stm32.9-2020-q2-update.win32_2.0.0.202105311346/tools/bin/../lib/gcc/arm-none-eabi/9.3.1/../../../../arm-none-eabi/lib/thumb/v7-m/nofp\libc_nano.a(lib_a-exit.o)
 .text          0x0000000000000000        0x0 c:/st/stm32cubeide_1.8.0/stm32cubeide/plugins/com.st.stm32cube.ide.mcu.externaltools.gnu-tools-for-stm32.9-2020-q2-update.win32_2.0.0.202105311346/tools/bin/../lib/gcc/arm-none-eabi/9.3.1/../../../../arm-none-eabi/lib/thumb/v7-m/nofp\libc_nano.a(lib_a-impure.o)
 .data          0x0000000000000000        0x0 c:/st/stm32cubeide_1.8.0/stm32cubeide/plugins/com.st.stm32cube.ide.mcu.externaltools.gnu-tools-for-stm32.9-2020-q2-update.win32_2.0.0.202105311346/tools/bin/../lib/gcc/arm-none-eabi/9.3.1/../../../../arm-none-eabi/lib/thumb/v7-m/nofp\libc_nano.a(lib_a-impure.o)
 .bss           0x0000000000000000        0x0 c:/st/stm32cubeide_1.8.0/stm32cubeide/plugins/com.st.stm32cube.ide.mcu.externaltools.gnu-tools-for-stm32.9-2020-q2-update.win32_2.0.0.202105311346/tools/bin/../lib/gcc/arm-none-eabi/9.3.1/../../../../arm-none-eabi/lib/thumb/v7-m/nofp\libc_nano.a(lib_a-impure.o)
 .data._impure_ptr
                0x0000000000000000        0x4 c:/st/stm32cubeide_1.8.0/stm32cubeide/plugins/com.st.stm32cube.ide.mcu.externaltools.gnu-tools-for-stm32.9-2020-q2-update.win32_2.0.0.202105311346/tools/bin/../lib/gcc/arm-none-eabi/9.3.1/../../../../arm-none-eabi/lib/thumb/v7-m/nofp\libc_nano.a(lib_a-impure.o)
 .data.impure_data
                0x0000000000000000       0x60 c:/st/stm32cubeide_1.8.0/stm32cubeide/plugins/com.st.stm32cube.ide.mcu.externaltools.gnu-tools-for-stm32.9-2020-q2-update.win32_2.0.0.202105311346/tools/bin/../lib/gcc/arm-none-eabi/9.3.1/../../../../arm-none-eabi/lib/thumb/v7-m/nofp\libc_nano.a(lib_a-impure.o)
 .rodata._global_impure_ptr
                0x0000000000000000        0x4 c:/st/stm32cubeide_1.8.0/stm32cubeide/plugins/com.st.stm32cube.ide.mcu.externaltools.gnu-tools-for-stm32.9-2020-q2-update.win32_2.0.0.202105311346/tools/bin/../lib/gcc/arm-none-eabi/9.3.1/../../../../arm-none-eabi/lib/thumb/v7-m/nofp\libc_nano.a(lib_a-impure.o)
 .ARM.attributes
                0x0000000000000000       0x2d c:/st/stm32cubeide_1.8.0/stm32cubeide/plugins/com.st.stm32cube.ide.mcu.externaltools.gnu-tools-for-stm32.9-2020-q2-update.win32_2.0.0.202105311346/tools/bin/../lib/gcc/arm-none-eabi/9.3.1/../../../../arm-none-eabi/lib/thumb/v7-m/nofp\libc_nano.a(lib_a-impure.o)
 .text          0x0000000000000000        0x0 c:/st/stm32cubeide_1.8.0/stm32cubeide/plugins/com.st.stm32cube.ide.mcu.externaltools.gnu-tools-for-stm32.9-2020-q2-update.win32_2.0.0.202105311346/tools/bin/../lib/gcc/arm-none-eabi/9.3.1/../../../../arm-none-eabi/lib/thumb/v7-m/nofp\libc_nano.a(lib_a-init.o)
 .data          0x0000000000000000        0x0 c:/st/stm32cubeide_1.8.0/stm32cubeide/plugins/com.st.stm32cube.ide.mcu.externaltools.gnu-tools-for-stm32.9-2020-q2-update.win32_2.0.0.202105311346/tools/bin/../lib/gcc/arm-none-eabi/9.3.1/../../../../arm-none-eabi/lib/thumb/v7-m/nofp\libc_nano.a(lib_a-init.o)
 .bss           0x0000000000000000        0x0 c:/st/stm32cubeide_1.8.0/stm32cubeide/plugins/com.st.stm32cube.ide.mcu.externaltools.gnu-tools-for-stm32.9-2020-q2-update.win32_2.0.0.202105311346/tools/bin/../lib/gcc/arm-none-eabi/9.3.1/../../../../arm-none-eabi/lib/thumb/v7-m/nofp\libc_nano.a(lib_a-init.o)
 .text          0x0000000000000000        0x0 c:/st/stm32cubeide_1.8.0/stm32cubeide/plugins/com.st.stm32cube.ide.mcu.externaltools.gnu-tools-for-stm32.9-2020-q2-update.win32_2.0.0.202105311346/tools/bin/../lib/gcc/arm-none-eabi/9.3.1/../../../../arm-none-eabi/lib/thumb/v7-m/nofp\libc_nano.a(lib_a-memset.o)
 .data          0x0000000000000000        0x0 c:/st/stm32cubeide_1.8.0/stm32cubeide/plugins/com.st.stm32cube.ide.mcu.externaltools.gnu-tools-for-stm32.9-2020-q2-update.win32_2.0.0.202105311346/tools/bin/../lib/gcc/arm-none-eabi/9.3.1/../../../../arm-none-eabi/lib/thumb/v7-m/nofp\libc_nano.a(lib_a-memset.o)
 .bss           0x0000000000000000        0x0 c:/st/stm32cubeide_1.8.0/stm32cubeide/plugins/com.st.stm32cube.ide.mcu.externaltools.gnu-tools-for-stm32.9-2020-q2-update.win32_2.0.0.202105311346/tools/bin/../lib/gcc/arm-none-eabi/9.3.1/../../../../arm-none-eabi/lib/thumb/v7-m/nofp\libc_nano.a(lib_a-memset.o)
 .text.memset   0x0000000000000000       0x10 c:/st/stm32cubeide_1.8.0/stm32cubeide/plugins/com.st.stm32cube.ide.mcu.externaltools.gnu-tools-for-stm32.9-2020-q2-update.win32_2.0.0.202105311346/tools/bin/../lib/gcc/arm-none-eabi/9.3.1/../../../../arm-none-eabi/lib/thumb/v7-m/nofp\libc_nano.a(lib_a-memset.o)
 .debug_frame   0x0000000000000000       0x20 c:/st/stm32cubeide_1.8.0/stm32cubeide/plugins/com.st.stm32cube.ide.mcu.externaltools.gnu-tools-for-stm32.9-2020-q2-update.win32_2.0.0.202105311346/tools/bin/../lib/gcc/arm-none-eabi/9.3.1/../../../../arm-none-eabi/lib/thumb/v7-m/nofp\libc_nano.a(lib_a-memset.o)
 .ARM.attributes
                0x0000000000000000       0x2d c:/st/stm32cubeide_1.8.0/stm32cubeide/plugins/com.st.stm32cube.ide.mcu.externaltools.gnu-tools-for-stm32.9-2020-q2-update.win32_2.0.0.202105311346/tools/bin/../lib/gcc/arm-none-eabi/9.3.1/../../../../arm-none-eabi/lib/thumb/v7-m/nofp\libc_nano.a(lib_a-memset.o)
 .text          0x0000000000000000      0x254 c:/st/stm32cubeide_1.8.0/stm32cubeide/plugins/com.st.stm32cube.ide.mcu.externaltools.gnu-tools-for-stm32.9-2020-q2-update.win32_2.0.0.202105311346/tools/bin/../lib/gcc/arm-none-eabi/9.3.1/thumb/v7-m/nofp\libgcc.a(_arm_muldf3.o)
 .data          0x0000000000000000        0x0 c:/st/stm32cubeide_1.8.0/stm32cubeide/plugins/com.st.stm32cube.ide.mcu.externaltools.gnu-tools-for-stm32.9-2020-q2-update.win32_2.0.0.202105311346/tools/bin/../lib/gcc/arm-none-eabi/9.3.1/thumb/v7-m/nofp\libgcc.a(_arm_muldf3.o)
 .bss           0x0000000000000000        0x0 c:/st/stm32cubeide_1.8.0/stm32cubeide/plugins/com.st.stm32cube.ide.mcu.externaltools.gnu-tools-for-stm32.9-2020-q2-update.win32_2.0.0.202105311346/tools/bin/../lib/gcc/arm-none-eabi/9.3.1/thumb/v7-m/nofp\libgcc.a(_arm_muldf3.o)
 .debug_frame   0x0000000000000000       0x30 c:/st/stm32cubeide_1.8.0/stm32cubeide/plugins/com.st.stm32cube.ide.mcu.externaltools.gnu-tools-for-stm32.9-2020-q2-update.win32_2.0.0.202105311346/tools/bin/../lib/gcc/arm-none-eabi/9.3.1/thumb/v7-m/nofp\libgcc.a(_arm_muldf3.o)
 .ARM.attributes
                0x0000000000000000       0x1d c:/st/stm32cubeide_1.8.0/stm32cubeide/plugins/com.st.stm32cube.ide.mcu.externaltools.gnu-tools-for-stm32.9-2020-q2-update.win32_2.0.0.202105311346/tools/bin/../lib/gcc/arm-none-eabi/9.3.1/thumb/v7-m/nofp\libgcc.a(_arm_muldf3.o)
 .text          0x0000000000000000      0x378 c:/st/stm32cubeide_1.8.0/stm32cubeide/plugins/com.st.stm32cube.ide.mcu.externaltools.gnu-tools-for-stm32.9-2020-q2-update.win32_2.0.0.202105311346/tools/bin/../lib/gcc/arm-none-eabi/9.3.1/thumb/v7-m/nofp\libgcc.a(_arm_addsubdf3.o)
 .data          0x0000000000000000        0x0 c:/st/stm32cubeide_1.8.0/stm32cubeide/plugins/com.st.stm32cube.ide.mcu.externaltools.gnu-tools-for-stm32.9-2020-q2-update.win32_2.0.0.202105311346/tools/bin/../lib/gcc/arm-none-eabi/9.3.1/thumb/v7-m/nofp\libgcc.a(_arm_addsubdf3.o)
 .bss           0x0000000000000000        0x0 c:/st/stm32cubeide_1.8.0/stm32cubeide/plugins/com.st.stm32cube.ide.mcu.externaltools.gnu-tools-for-stm32.9-2020-q2-update.win32_2.0.0.202105311346/tools/bin/../lib/gcc/arm-none-eabi/9.3.1/thumb/v7-m/nofp\libgcc.a(_arm_addsubdf3.o)
 .debug_frame   0x0000000000000000       0xac c:/st/stm32cubeide_1.8.0/stm32cubeide/plugins/com.st.stm32cube.ide.mcu.externaltools.gnu-tools-for-stm32.9-2020-q2-update.win32_2.0.0.202105311346/tools/bin/../lib/gcc/arm-none-eabi/9.3.1/thumb/v7-m/nofp\libgcc.a(_arm_addsubdf3.o)
 .ARM.attributes
                0x0000000000000000       0x1d c:/st/stm32cubeide_1.8.0/stm32cubeide/plugins/com.st.stm32cube.ide.mcu.externaltools.gnu-tools-for-stm32.9-2020-q2-update.win32_2.0.0.202105311346/tools/bin/../lib/gcc/arm-none-eabi/9.3.1/thumb/v7-m/nofp\libgcc.a(_arm_addsubdf3.o)
 .text          0x0000000000000000      0x424 c:/st/stm32cubeide_1.8.0/stm32cubeide/plugins/com.st.stm32cube.ide.mcu.externaltools.gnu-tools-for-stm32.9-2020-q2-update.win32_2.0.0.202105311346/tools/bin/../lib/gcc/arm-none-eabi/9.3.1/thumb/v7-m/nofp\libgcc.a(_arm_muldivdf3.o)
 .data          0x0000000000000000        0x0 c:/st/stm32cubeide_1.8.0/stm32cubeide/plugins/com.st.stm32cube.ide.mcu.externaltools.gnu-tools-for-stm32.9-2020-q2-update.win32_2.0.0.202105311346/tools/bin/../lib/gcc/arm-none-eabi/9.3.1/thumb/v7-m/nofp\libgcc.a(_arm_muldivdf3.o)
 .bss           0x0000000000000000        0x0 c:/st/stm32cubeide_1.8.0/stm32cubeide/plugins/com.st.stm32cube.ide.mcu.externaltools.gnu-tools-for-stm32.9-2020-q2-update.win32_2.0.0.202105311346/tools/bin/../lib/gcc/arm-none-eabi/9.3.1/thumb/v7-m/nofp\libgcc.a(_arm_muldivdf3.o)
 .debug_frame   0x0000000000000000       0x50 c:/st/stm32cubeide_1.8.0/stm32cubeide/plugins/com.st.stm32cube.ide.mcu.externaltools.gnu-tools-for-stm32.9-2020-q2-update.win32_2.0.0.202105311346/tools/bin/../lib/gcc/arm-none-eabi/9.3.1/thumb/v7-m/nofp\libgcc.a(_arm_muldivdf3.o)
 .ARM.attributes
                0x0000000000000000       0x1d c:/st/stm32cubeide_1.8.0/stm32cubeide/plugins/com.st.stm32cube.ide.mcu.externaltools.gnu-tools-for-stm32.9-2020-q2-update.win32_2.0.0.202105311346/tools/bin/../lib/gcc/arm-none-eabi/9.3.1/thumb/v7-m/nofp\libgcc.a(_arm_muldivdf3.o)
 .text          0x0000000000000000      0x110 c:/st/stm32cubeide_1.8.0/stm32cubeide/plugins/com.st.stm32cube.ide.mcu.externaltools.gnu-tools-for-stm32.9-2020-q2-update.win32_2.0.0.202105311346/tools/bin/../lib/gcc/arm-none-eabi/9.3.1/thumb/v7-m/nofp\libgcc.a(_arm_cmpdf2.o)
 .data          0x0000000000000000        0x0 c:/st/stm32cubeide_1.8.0/stm32cubeide/plugins/com.st.stm32cube.ide.mcu.externaltools.gnu-tools-for-stm32.9-2020-q2-update.win32_2.0.0.202105311346/tools/bin/../lib/gcc/arm-none-eabi/9.3.1/thumb/v7-m/nofp\libgcc.a(_arm_cmpdf2.o)
 .bss           0x0000000000000000        0x0 c:/st/stm32cubeide_1.8.0/stm32cubeide/plugins/com.st.stm32cube.ide.mcu.externaltools.gnu-tools-for-stm32.9-2020-q2-update.win32_2.0.0.202105311346/tools/bin/../lib/gcc/arm-none-eabi/9.3.1/thumb/v7-m/nofp\libgcc.a(_arm_cmpdf2.o)
 .debug_frame   0x0000000000000000       0xc4 c:/st/stm32cubeide_1.8.0/stm32cubeide/plugins/com.st.stm32cube.ide.mcu.externaltools.gnu-tools-for-stm32.9-2020-q2-update.win32_2.0.0.202105311346/tools/bin/../lib/gcc/arm-none-eabi/9.3.1/thumb/v7-m/nofp\libgcc.a(_arm_cmpdf2.o)
 .ARM.attributes
                0x0000000000000000       0x1d c:/st/stm32cubeide_1.8.0/stm32cubeide/plugins/com.st.stm32cube.ide.mcu.externaltools.gnu-tools-for-stm32.9-2020-q2-update.win32_2.0.0.202105311346/tools/bin/../lib/gcc/arm-none-eabi/9.3.1/thumb/v7-m/nofp\libgcc.a(_arm_cmpdf2.o)
 .text          0x0000000000000000       0x40 c:/st/stm32cubeide_1.8.0/stm32cubeide/plugins/com.st.stm32cube.ide.mcu.externaltools.gnu-tools-for-stm32.9-2020-q2-update.win32_2.0.0.202105311346/tools/bin/../lib/gcc/arm-none-eabi/9.3.1/thumb/v7-m/nofp\libgcc.a(_arm_fixunsdfsi.o)
 .data          0x0000000000000000        0x0 c:/st/stm32cubeide_1.8.0/stm32cubeide/plugins/com.st.stm32cube.ide.mcu.externaltools.gnu-tools-for-stm32.9-2020-q2-update.win32_2.0.0.202105311346/tools/bin/../lib/gcc/arm-none-eabi/9.3.1/thumb/v7-m/nofp\libgcc.a(_arm_fixunsdfsi.o)
 .bss           0x0000000000000000        0x0 c:/st/stm32cubeide_1.8.0/stm32cubeide/plugins/com.st.stm32cube.ide.mcu.externaltools.gnu-tools-for-stm32.9-2020-q2-update.win32_2.0.0.202105311346/tools/bin/../lib/gcc/arm-none-eabi/9.3.1/thumb/v7-m/nofp\libgcc.a(_arm_fixunsdfsi.o)
 .debug_frame   0x0000000000000000       0x24 c:/st/stm32cubeide_1.8.0/stm32cubeide/plugins/com.st.stm32cube.ide.mcu.externaltools.gnu-tools-for-stm32.9-2020-q2-update.win32_2.0.0.202105311346/tools/bin/../lib/gcc/arm-none-eabi/9.3.1/thumb/v7-m/nofp\libgcc.a(_arm_fixunsdfsi.o)
 .ARM.attributes
                0x0000000000000000       0x1d c:/st/stm32cubeide_1.8.0/stm32cubeide/plugins/com.st.stm32cube.ide.mcu.externaltools.gnu-tools-for-stm32.9-2020-q2-update.win32_2.0.0.202105311346/tools/bin/../lib/gcc/arm-none-eabi/9.3.1/thumb/v7-m/nofp\libgcc.a(_arm_fixunsdfsi.o)
 .text          0x0000000000000000        0x0 c:/st/stm32cubeide_1.8.0/stm32cubeide/plugins/com.st.stm32cube.ide.mcu.externaltools.gnu-tools-for-stm32.9-2020-q2-update.win32_2.0.0.202105311346/tools/bin/../lib/gcc/arm-none-eabi/9.3.1/thumb/v7-m/nofp/crtend.o
 .data          0x0000000000000000        0x0 c:/st/stm32cubeide_1.8.0/stm32cubeide/plugins/com.st.stm32cube.ide.mcu.externaltools.gnu-tools-for-stm32.9-2020-q2-update.win32_2.0.0.202105311346/tools/bin/../lib/gcc/arm-none-eabi/9.3.1/thumb/v7-m/nofp/crtend.o
 .bss           0x0000000000000000        0x0 c:/st/stm32cubeide_1.8.0/stm32cubeide/plugins/com.st.stm32cube.ide.mcu.externaltools.gnu-tools-for-stm32.9-2020-q2-update.win32_2.0.0.202105311346/tools/bin/../lib/gcc/arm-none-eabi/9.3.1/thumb/v7-m/nofp/crtend.o
 .eh_frame      0x0000000000000000        0x4 c:/st/stm32cubeide_1.8.0/stm32cubeide/plugins/com.st.stm32cube.ide.mcu.externaltools.gnu-tools-for-stm32.9-2020-q2-update.win32_2.0.0.202105311346/tools/bin/../lib/gcc/arm-none-eabi/9.3.1/thumb/v7-m/nofp/crtend.o
 .ARM.attributes
                0x0000000000000000       0x2d c:/st/stm32cubeide_1.8.0/stm32cubeide/plugins/com.st.stm32cube.ide.mcu.externaltools.gnu-tools-for-stm32.9-2020-q2-update.win32_2.0.0.202105311346/tools/bin/../lib/gcc/arm-none-eabi/9.3.1/thumb/v7-m/nofp/crtend.o
 .text          0x0000000000000000        0x0 c:/st/stm32cubeide_1.8.0/stm32cubeide/plugins/com.st.stm32cube.ide.mcu.externaltools.gnu-tools-for-stm32.9-2020-q2-update.win32_2.0.0.202105311346/tools/bin/../lib/gcc/arm-none-eabi/9.3.1/thumb/v7-m/nofp/crtn.o
 .data          0x0000000000000000        0x0 c:/st/stm32cubeide_1.8.0/stm32cubeide/plugins/com.st.stm32cube.ide.mcu.externaltools.gnu-tools-for-stm32.9-2020-q2-update.win32_2.0.0.202105311346/tools/bin/../lib/gcc/arm-none-eabi/9.3.1/thumb/v7-m/nofp/crtn.o
 .bss           0x0000000000000000        0x0 c:/st/stm32cubeide_1.8.0/stm32cubeide/plugins/com.st.stm32cube.ide.mcu.externaltools.gnu-tools-for-stm32.9-2020-q2-update.win32_2.0.0.202105311346/tools/bin/../lib/gcc/arm-none-eabi/9.3.1/thumb/v7-m/nofp/crtn.o

Memory Configuration

Name             Origin             Length             Attributes
RAM              0x0000000020000000 0x0000000000002800 xrw
FLASH            0x0000000008000000 0x0000000000008000 xr
*default*        0x0000000000000000 0xffffffffffffffff

Linker script and memory map

LOAD c:/st/stm32cubeide_1.8.0/stm32cubeide/plugins/com.st.stm32cube.ide.mcu.externaltools.gnu-tools-for-stm32.9-2020-q2-update.win32_2.0.0.202105311346/tools/bin/../lib/gcc/arm-none-eabi/9.3.1/thumb/v7-m/nofp/crti.o
LOAD c:/st/stm32cubeide_1.8.0/stm32cubeide/plugins/com.st.stm32cube.ide.mcu.externaltools.gnu-tools-for-stm32.9-2020-q2-update.win32_2.0.0.202105311346/tools/bin/../lib/gcc/arm-none-eabi/9.3.1/thumb/v7-m/nofp/crtbegin.o
LOAD c:/st/stm32cubeide_1.8.0/stm32cubeide/plugins/com.st.stm32cube.ide.mcu.externaltools.gnu-tools-for-stm32.9-2020-q2-update.win32_2.0.0.202105311346/tools/bin/../lib/gcc/arm-none-eabi/9.3.1/../../../../arm-none-eabi/lib/thumb/v7-m/nofp/crt0.o
LOAD ./Inc/adc.o
LOAD ./Inc/gpio.o
LOAD ./Inc/i2c.o
LOAD ./Inc/interrupt_PA0.o
LOAD ./Inc/lcd_1602_mode8_4.o
LOAD ./Inc/spi.o
LOAD ./Inc/string_func.o
LOAD ./Inc/system_clock.o
LOAD ./Inc/systick_delay.o
LOAD ./Inc/systick_interrupt.o
LOAD ./Inc/usart.o
LOAD ./Inc/usart_rx_interrupt.o
LOAD ./Src/main.o
LOAD ./Src/syscalls.o
LOAD ./Src/sysmem.o
LOAD ./Startup/startup_stm32f103c6tx.o
START GROUP
LOAD c:/st/stm32cubeide_1.8.0/stm32cubeide/plugins/com.st.stm32cube.ide.mcu.externaltools.gnu-tools-for-stm32.9-2020-q2-update.win32_2.0.0.202105311346/tools/bin/../lib/gcc/arm-none-eabi/9.3.1/../../../../arm-none-eabi/lib/thumb/v7-m/nofp\libc_nano.a
LOAD c:/st/stm32cubeide_1.8.0/stm32cubeide/plugins/com.st.stm32cube.ide.mcu.externaltools.gnu-tools-for-stm32.9-2020-q2-update.win32_2.0.0.202105311346/tools/bin/../lib/gcc/arm-none-eabi/9.3.1/../../../../arm-none-eabi/lib/thumb/v7-m/nofp\libm.a
END GROUP
START GROUP
LOAD c:/st/stm32cubeide_1.8.0/stm32cubeide/plugins/com.st.stm32cube.ide.mcu.externaltools.gnu-tools-for-stm32.9-2020-q2-update.win32_2.0.0.202105311346/tools/bin/../lib/gcc/arm-none-eabi/9.3.1/thumb/v7-m/nofp\libgcc.a
LOAD c:/st/stm32cubeide_1.8.0/stm32cubeide/plugins/com.st.stm32cube.ide.mcu.externaltools.gnu-tools-for-stm32.9-2020-q2-update.win32_2.0.0.202105311346/tools/bin/../lib/gcc/arm-none-eabi/9.3.1/../../../../arm-none-eabi/lib/thumb/v7-m/nofp\libc_nano.a
END GROUP
START GROUP
LOAD c:/st/stm32cubeide_1.8.0/stm32cubeide/plugins/com.st.stm32cube.ide.mcu.externaltools.gnu-tools-for-stm32.9-2020-q2-update.win32_2.0.0.202105311346/tools/bin/../lib/gcc/arm-none-eabi/9.3.1/thumb/v7-m/nofp\libgcc.a
LOAD c:/st/stm32cubeide_1.8.0/stm32cubeide/plugins/com.st.stm32cube.ide.mcu.externaltools.gnu-tools-for-stm32.9-2020-q2-update.win32_2.0.0.202105311346/tools/bin/../lib/gcc/arm-none-eabi/9.3.1/../../../../arm-none-eabi/lib/thumb/v7-m/nofp\libc_nano.a
LOAD c:/st/stm32cubeide_1.8.0/stm32cubeide/plugins/com.st.stm32cube.ide.mcu.externaltools.gnu-tools-for-stm32.9-2020-q2-update.win32_2.0.0.202105311346/tools/bin/../lib/gcc/arm-none-eabi/9.3.1/../../../../arm-none-eabi/lib/thumb/v7-m/nofp\libnosys.a
END GROUP
START GROUP
LOAD c:/st/stm32cubeide_1.8.0/stm32cubeide/plugins/com.st.stm32cube.ide.mcu.externaltools.gnu-tools-for-stm32.9-2020-q2-update.win32_2.0.0.202105311346/tools/bin/../lib/gcc/arm-none-eabi/9.3.1/thumb/v7-m/nofp\libgcc.a
LOAD c:/st/stm32cubeide_1.8.0/stm32cubeide/plugins/com.st.stm32cube.ide.mcu.externaltools.gnu-tools-for-stm32.9-2020-q2-update.win32_2.0.0.202105311346/tools/bin/../lib/gcc/arm-none-eabi/9.3.1/../../../../arm-none-eabi/lib/thumb/v7-m/nofp\libc_nano.a
LOAD c:/st/stm32cubeide_1.8.0/stm32cubeide/plugins/com.st.stm32cube.ide.mcu.externaltools.gnu-tools-for-stm32.9-2020-q2-update.win32_2.0.0.202105311346/tools/bin/../lib/gcc/arm-none-eabi/9.3.1/../../../../arm-none-eabi/lib/thumb/v7-m/nofp\libnosys.a
END GROUP
LOAD c:/st/stm32cubeide_1.8.0/stm32cubeide/plugins/com.st.stm32cube.ide.mcu.externaltools.gnu-tools-for-stm32.9-2020-q2-update.win32_2.0.0.202105311346/tools/bin/../lib/gcc/arm-none-eabi/9.3.1/thumb/v7-m/nofp/crtend.o
LOAD c:/st/stm32cubeide_1.8.0/stm32cubeide/plugins/com.st.stm32cube.ide.mcu.externaltools.gnu-tools-for-stm32.9-2020-q2-update.win32_2.0.0.202105311346/tools/bin/../lib/gcc/arm-none-eabi/9.3.1/thumb/v7-m/nofp/crtn.o
                0x0000000020002800                _estack = (ORIGIN (RAM) + LENGTH (RAM))
                0x0000000000000200                _Min_Heap_Size = 0x200
                0x0000000000000400                _Min_Stack_Size = 0x400

.isr_vector     0x0000000008000000      0x130
                0x0000000008000000                . = ALIGN (0x4)
 *(.isr_vector)
 .isr_vector    0x0000000008000000      0x130 ./Startup/startup_stm32f103c6tx.o
                0x0000000008000000                g_pfnVectors
                0x0000000008000130                . = ALIGN (0x4)

.text           0x0000000008000130      0xa6c
                0x0000000008000130                . = ALIGN (0x4)
 *(.text)
 .text          0x0000000008000130       0x40 c:/st/stm32cubeide_1.8.0/stm32cubeide/plugins/com.st.stm32cube.ide.mcu.externaltools.gnu-tools-for-stm32.9-2020-q2-update.win32_2.0.0.202105311346/tools/bin/../lib/gcc/arm-none-eabi/9.3.1/thumb/v7-m/nofp/crtbegin.o
 *(.text*)
 .text.adc_init
                0x0000000008000170      0x12c ./Inc/adc.o
                0x0000000008000170                adc_init
 .text.adc_check
                0x000000000800029c       0x58 ./Inc/adc.o
                0x000000000800029c                adc_check
 .text.adc_rx   0x00000000080002f4       0x44 ./Inc/adc.o
                0x00000000080002f4                adc_rx
 .text.init_GP  0x0000000008000338       0xe0 ./Inc/gpio.o
                0x0000000008000338                init_GP
 .text.W_GP     0x0000000008000418       0x8e ./Inc/gpio.o
                0x0000000008000418                W_GP
 .text.Digital_Output
                0x00000000080004a6       0x24 ./Inc/gpio.o
                0x00000000080004a6                Digital_Output
 *fill*         0x00000000080004ca        0x2 
 .text.EXTI0_IRQHandler
                0x00000000080004cc       0x20 ./Inc/interrupt_PA0.o
                0x00000000080004cc                EXTI0_IRQHandler
 .text.pin_output
                0x00000000080004ec       0x3a ./Inc/lcd_1602_mode8_4.o
                0x00000000080004ec                pin_output
 .text.lcd_rs   0x0000000008000526       0x20 ./Inc/lcd_1602_mode8_4.o
                0x0000000008000526                lcd_rs
 .text.lcd_rw   0x0000000008000546       0x20 ./Inc/lcd_1602_mode8_4.o
                0x0000000008000546                lcd_rw
 .text.lcd_e    0x0000000008000566       0x20 ./Inc/lcd_1602_mode8_4.o
                0x0000000008000566                lcd_e
 *fill*         0x0000000008000586        0x2 
 .text.lcd_data_4
                0x0000000008000588       0xa4 ./Inc/lcd_1602_mode8_4.o
                0x0000000008000588                lcd_data_4
 .text.lcd_cmd_4
                0x000000000800062c       0xa4 ./Inc/lcd_1602_mode8_4.o
                0x000000000800062c                lcd_cmd_4
 .text.lcd_init_4
                0x00000000080006d0      0x16c ./Inc/lcd_1602_mode8_4.o
                0x00000000080006d0                lcd_init_4
 .text.lcd_send_4
                0x000000000800083c       0x3e ./Inc/lcd_1602_mode8_4.o
                0x000000000800083c                lcd_send_4
 .text.lcd_msg_4
                0x000000000800087a       0x52 ./Inc/lcd_1602_mode8_4.o
                0x000000000800087a                lcd_msg_4
 .text.int2char
                0x00000000080008cc       0xb0 ./Inc/string_func.o
                0x00000000080008cc                int2char
 .text.config_clock
                0x000000000800097c       0x90 ./Inc/system_clock.o
                0x000000000800097c                config_clock
 .text.delay_us
                0x0000000008000a0c       0x2c ./Inc/system_clock.o
                0x0000000008000a0c                delay_us
 .text.delay_ms
                0x0000000008000a38       0x30 ./Inc/system_clock.o
                0x0000000008000a38                delay_ms
 .text.main     0x0000000008000a68       0x80 ./Src/main.o
                0x0000000008000a68                main
 .text.Reset_Handler
                0x0000000008000ae8       0x50 ./Startup/startup_stm32f103c6tx.o
                0x0000000008000ae8                Reset_Handler
 .text.Default_Handler
                0x0000000008000b38        0x2 ./Startup/startup_stm32f103c6tx.o
                0x0000000008000b38                EXTI2_IRQHandler
                0x0000000008000b38                TIM8_TRG_COM_IRQHandler
                0x0000000008000b38                TIM8_CC_IRQHandler
                0x0000000008000b38                DebugMon_Handler
                0x0000000008000b38                TIM1_CC_IRQHandler
                0x0000000008000b38                HardFault_Handler
                0x0000000008000b38                TIM6_IRQHandler
                0x0000000008000b38                SysTick_Handler
                0x0000000008000b38                PVD_IRQHandler
                0x0000000008000b38                SDIO_IRQHandler
                0x0000000008000b38                PendSV_Handler
                0x0000000008000b38                NMI_Handler
                0x0000000008000b38                EXTI3_IRQHandler
                0x0000000008000b38                USB_HP_CAN_TX_IRQHandler
                0x0000000008000b38                I2C2_EV_IRQHandler
                0x0000000008000b38                UsageFault_Handler
                0x0000000008000b38                ADC1_2_IRQHandler
                0x0000000008000b38                SPI1_IRQHandler
                0x0000000008000b38                CAN_SCE_IRQHandler
                0x0000000008000b38                TAMPER_IRQHandler
                0x0000000008000b38                TIM8_UP_IRQHandler
                0x0000000008000b38                DMA2_Channel2_IRQHandler
                0x0000000008000b38                DMA1_Channel4_IRQHandler
                0x0000000008000b38                USART3_IRQHandler
                0x0000000008000b38                RTC_IRQHandler
                0x0000000008000b38                DMA1_Channel7_IRQHandler
                0x0000000008000b38                UART5_IRQHandler
                0x0000000008000b38                ADC3_IRQHandler
                0x0000000008000b38                TIM4_IRQHandler
                0x0000000008000b38                CAN_RX1_IRQHandler
                0x0000000008000b38                DMA2_Channel1_IRQHandler
                0x0000000008000b38                I2C1_EV_IRQHandler
                0x0000000008000b38                DMA1_Channel6_IRQHandler
                0x0000000008000b38                UART4_IRQHandler
                0x0000000008000b38                TIM3_IRQHandler
                0x0000000008000b38                RCC_IRQHandler
                0x0000000008000b38                TIM1_TRG_COM_IRQHandler
                0x0000000008000b38                DMA1_Channel1_IRQHandler
                0x0000000008000b38                Default_Handler
                0x0000000008000b38                EXTI15_10_IRQHandler
                0x0000000008000b38                TIM7_IRQHandler
                0x0000000008000b38                TIM5_IRQHandler
                0x0000000008000b38                EXTI9_5_IRQHandler
                0x0000000008000b38                SPI2_IRQHandler
                0x0000000008000b38                USB_LP_CAN_RX0_IRQHandler
                0x0000000008000b38                MemManage_Handler
                0x0000000008000b38                SVC_Handler
                0x0000000008000b38                DMA1_Channel5_IRQHandler
                0x0000000008000b38                EXTI4_IRQHandler
                0x0000000008000b38                DMA1_Channel3_IRQHandler
                0x0000000008000b38                FSMC_IRQHandler
                0x0000000008000b38                TIM1_UP_IRQHandler
                0x0000000008000b38                WWDG_IRQHandler
                0x0000000008000b38                TIM2_IRQHandler
                0x0000000008000b38                TIM1_BRK_IRQHandler
                0x0000000008000b38                EXTI1_IRQHandler
                0x0000000008000b38                RTCAlarm_IRQHandler
                0x0000000008000b38                DMA2_Channel4_5_IRQHandler
                0x0000000008000b38                USART2_IRQHandler
                0x0000000008000b38                I2C2_ER_IRQHandler
                0x0000000008000b38                DMA1_Channel2_IRQHandler
                0x0000000008000b38                TIM8_BRK_IRQHandler
                0x0000000008000b38                FLASH_IRQHandler
                0x0000000008000b38                BusFault_Handler
                0x0000000008000b38                USART1_IRQHandler
                0x0000000008000b38                SPI3_IRQHandler
                0x0000000008000b38                I2C1_ER_IRQHandler
                0x0000000008000b38                DMA2_Channel3_IRQHandler
 *fill*         0x0000000008000b3a        0x2 
 .text.__libc_init_array
                0x0000000008000b3c       0x48 c:/st/stm32cubeide_1.8.0/stm32cubeide/plugins/com.st.stm32cube.ide.mcu.externaltools.gnu-tools-for-stm32.9-2020-q2-update.win32_2.0.0.202105311346/tools/bin/../lib/gcc/arm-none-eabi/9.3.1/../../../../arm-none-eabi/lib/thumb/v7-m/nofp\libc_nano.a(lib_a-init.o)
                0x0000000008000b3c                __libc_init_array
 *(.glue_7)
 .glue_7        0x0000000008000b84        0x0 linker stubs
 *(.glue_7t)
 .glue_7t       0x0000000008000b84        0x0 linker stubs
 *(.eh_frame)
 .eh_frame      0x0000000008000b84        0x0 c:/st/stm32cubeide_1.8.0/stm32cubeide/plugins/com.st.stm32cube.ide.mcu.externaltools.gnu-tools-for-stm32.9-2020-q2-update.win32_2.0.0.202105311346/tools/bin/../lib/gcc/arm-none-eabi/9.3.1/thumb/v7-m/nofp/crtbegin.o
 *(.init)
 .init          0x0000000008000b84        0x4 c:/st/stm32cubeide_1.8.0/stm32cubeide/plugins/com.st.stm32cube.ide.mcu.externaltools.gnu-tools-for-stm32.9-2020-q2-update.win32_2.0.0.202105311346/tools/bin/../lib/gcc/arm-none-eabi/9.3.1/thumb/v7-m/nofp/crti.o
                0x0000000008000b84                _init
 .init          0x0000000008000b88        0x8 c:/st/stm32cubeide_1.8.0/stm32cubeide/plugins/com.st.stm32cube.ide.mcu.externaltools.gnu-tools-for-stm32.9-2020-q2-update.win32_2.0.0.202105311346/tools/bin/../lib/gcc/arm-none-eabi/9.3.1/thumb/v7-m/nofp/crtn.o
 *(.fini)
 .fini          0x0000000008000b90        0x4 c:/st/stm32cubeide_1.8.0/stm32cubeide/plugins/com.st.stm32cube.ide.mcu.externaltools.gnu-tools-for-stm32.9-2020-q2-update.win32_2.0.0.202105311346/tools/bin/../lib/gcc/arm-none-eabi/9.3.1/thumb/v7-m/nofp/crti.o
                0x0000000008000b90                _fini
 .fini          0x0000000008000b94        0x8 c:/st/stm32cubeide_1.8.0/stm32cubeide/plugins/com.st.stm32cube.ide.mcu.externaltools.gnu-tools-for-stm32.9-2020-q2-update.win32_2.0.0.202105311346/tools/bin/../lib/gcc/arm-none-eabi/9.3.1/thumb/v7-m/nofp/crtn.o
                0x0000000008000b9c                . = ALIGN (0x4)
                0x0000000008000b9c                _etext = .

.vfp11_veneer   0x0000000008000b9c        0x0
 .vfp11_veneer  0x0000000008000b9c        0x0 linker stubs

.v4_bx          0x0000000008000b9c        0x0
 .v4_bx         0x0000000008000b9c        0x0 linker stubs

.iplt           0x0000000008000b9c        0x0
 .iplt          0x0000000008000b9c        0x0 c:/st/stm32cubeide_1.8.0/stm32cubeide/plugins/com.st.stm32cube.ide.mcu.externaltools.gnu-tools-for-stm32.9-2020-q2-update.win32_2.0.0.202105311346/tools/bin/../lib/gcc/arm-none-eabi/9.3.1/thumb/v7-m/nofp/crtbegin.o

.rel.dyn        0x0000000008000b9c        0x0
 .rel.iplt      0x0000000008000b9c        0x0 c:/st/stm32cubeide_1.8.0/stm32cubeide/plugins/com.st.stm32cube.ide.mcu.externaltools.gnu-tools-for-stm32.9-2020-q2-update.win32_2.0.0.202105311346/tools/bin/../lib/gcc/arm-none-eabi/9.3.1/thumb/v7-m/nofp/crtbegin.o

.rodata         0x0000000008000b9c        0x0
                0x0000000008000b9c                . = ALIGN (0x4)
 *(.rodata)
 *(.rodata*)
                0x0000000008000b9c                . = ALIGN (0x4)

.ARM.extab      0x0000000008000b9c        0x0
                0x0000000008000b9c                . = ALIGN (0x4)
 *(.ARM.extab* .gnu.linkonce.armextab.*)
                0x0000000008000b9c                . = ALIGN (0x4)

.ARM            0x0000000008000b9c        0x0
                0x0000000008000b9c                . = ALIGN (0x4)
                0x0000000008000b9c                __exidx_start = .
 *(.ARM.exidx*)
                0x0000000008000b9c                __exidx_end = .
                0x0000000008000b9c                . = ALIGN (0x4)

.preinit_array  0x0000000008000b9c        0x0
                0x0000000008000b9c                . = ALIGN (0x4)
                0x0000000008000b9c                PROVIDE (__preinit_array_start = .)
 *(.preinit_array*)
                0x0000000008000b9c                PROVIDE (__preinit_array_end = .)
                0x0000000008000b9c                . = ALIGN (0x4)

.init_array     0x0000000008000b9c        0x4
                0x0000000008000b9c                . = ALIGN (0x4)
                0x0000000008000b9c                PROVIDE (__init_array_start = .)
 *(SORT_BY_NAME(.init_array.*))
 *(.init_array*)
 .init_array    0x0000000008000b9c        0x4 c:/st/stm32cubeide_1.8.0/stm32cubeide/plugins/com.st.stm32cube.ide.mcu.externaltools.gnu-tools-for-stm32.9-2020-q2-update.win32_2.0.0.202105311346/tools/bin/../lib/gcc/arm-none-eabi/9.3.1/thumb/v7-m/nofp/crtbegin.o
                0x0000000008000ba0                PROVIDE (__init_array_end = .)
                0x0000000008000ba0                . = ALIGN (0x4)

.fini_array     0x0000000008000ba0        0x4
                0x0000000008000ba0                . = ALIGN (0x4)
                [!provide]                        PROVIDE (__fini_array_start = .)
 *(SORT_BY_NAME(.fini_array.*))
 *(.fini_array*)
 .fini_array    0x0000000008000ba0        0x4 c:/st/stm32cubeide_1.8.0/stm32cubeide/plugins/com.st.stm32cube.ide.mcu.externaltools.gnu-tools-for-stm32.9-2020-q2-update.win32_2.0.0.202105311346/tools/bin/../lib/gcc/arm-none-eabi/9.3.1/thumb/v7-m/nofp/crtbegin.o
                [!provide]                        PROVIDE (__fini_array_end = .)
                0x0000000008000ba4                . = ALIGN (0x4)
                0x0000000008000ba4                _sidata = LOADADDR (.data)

.data           0x0000000020000000        0x0 load address 0x0000000008000ba4
                0x0000000020000000                . = ALIGN (0x4)
                0x0000000020000000                _sdata = .
 *(.data)
 *(.data*)
 *(.RamFunc)
 *(.RamFunc*)
                0x0000000020000000                . = ALIGN (0x4)
                0x0000000020000000                _edata = .

.igot.plt       0x0000000020000000        0x0 load address 0x0000000008000ba4
 .igot.plt      0x0000000020000000        0x0 c:/st/stm32cubeide_1.8.0/stm32cubeide/plugins/com.st.stm32cube.ide.mcu.externaltools.gnu-tools-for-stm32.9-2020-q2-update.win32_2.0.0.202105311346/tools/bin/../lib/gcc/arm-none-eabi/9.3.1/thumb/v7-m/nofp/crtbegin.o
                0x0000000020000000                . = ALIGN (0x4)

.bss            0x0000000020000000       0x34 load address 0x0000000008000ba4
                0x0000000020000000                _sbss = .
                0x0000000020000000                __bss_start__ = _sbss
 *(.bss)
 .bss           0x0000000020000000       0x1c c:/st/stm32cubeide_1.8.0/stm32cubeide/plugins/com.st.stm32cube.ide.mcu.externaltools.gnu-tools-for-stm32.9-2020-q2-update.win32_2.0.0.202105311346/tools/bin/../lib/gcc/arm-none-eabi/9.3.1/thumb/v7-m/nofp/crtbegin.o
 *(.bss*)
 .bss.chuoi     0x000000002000001c       0x14 ./Src/main.o
                0x000000002000001c                chuoi
 *(COMMON)
 COMMON         0x0000000020000030        0x4 ./Src/main.o
                0x0000000020000030                a
                0x0000000020000034                . = ALIGN (0x4)
                0x0000000020000034                _ebss = .
                0x0000000020000034                __bss_end__ = _ebss

._user_heap_stack
                0x0000000020000034      0x604 load address 0x0000000008000ba4
                0x0000000020000038                . = ALIGN (0x8)
 *fill*         0x0000000020000034        0x4 
                [!provide]                        PROVIDE (end = .)
                0x0000000020000038                PROVIDE (_end = .)
                0x0000000020000238                . = (. + _Min_Heap_Size)
 *fill*         0x0000000020000038      0x200 
                0x0000000020000638                . = (. + _Min_Stack_Size)
 *fill*         0x0000000020000238      0x400 
                0x0000000020000638                . = ALIGN (0x8)

/DISCARD/
 libc.a(*)
 libm.a(*)
 libgcc.a(*)

.ARM.attributes
                0x0000000000000000       0x29
 *(.ARM.attributes)
 .ARM.attributes
                0x0000000000000000       0x1d c:/st/stm32cubeide_1.8.0/stm32cubeide/plugins/com.st.stm32cube.ide.mcu.externaltools.gnu-tools-for-stm32.9-2020-q2-update.win32_2.0.0.202105311346/tools/bin/../lib/gcc/arm-none-eabi/9.3.1/thumb/v7-m/nofp/crti.o
 .ARM.attributes
                0x000000000000001d       0x2d c:/st/stm32cubeide_1.8.0/stm32cubeide/plugins/com.st.stm32cube.ide.mcu.externaltools.gnu-tools-for-stm32.9-2020-q2-update.win32_2.0.0.202105311346/tools/bin/../lib/gcc/arm-none-eabi/9.3.1/thumb/v7-m/nofp/crtbegin.o
 .ARM.attributes
                0x000000000000004a       0x2d ./Inc/adc.o
 .ARM.attributes
                0x0000000000000077       0x2d ./Inc/gpio.o
 .ARM.attributes
                0x00000000000000a4       0x2d ./Inc/interrupt_PA0.o
 .ARM.attributes
                0x00000000000000d1       0x2d ./Inc/lcd_1602_mode8_4.o
 .ARM.attributes
                0x00000000000000fe       0x2d ./Inc/string_func.o
 .ARM.attributes
                0x000000000000012b       0x2d ./Inc/system_clock.o
 .ARM.attributes
                0x0000000000000158       0x2d ./Src/main.o
 .ARM.attributes
                0x0000000000000185       0x21 ./Startup/startup_stm32f103c6tx.o
 .ARM.attributes
                0x00000000000001a6       0x2d c:/st/stm32cubeide_1.8.0/stm32cubeide/plugins/com.st.stm32cube.ide.mcu.externaltools.gnu-tools-for-stm32.9-2020-q2-update.win32_2.0.0.202105311346/tools/bin/../lib/gcc/arm-none-eabi/9.3.1/../../../../arm-none-eabi/lib/thumb/v7-m/nofp\libc_nano.a(lib_a-init.o)
 .ARM.attributes
                0x00000000000001d3       0x1d c:/st/stm32cubeide_1.8.0/stm32cubeide/plugins/com.st.stm32cube.ide.mcu.externaltools.gnu-tools-for-stm32.9-2020-q2-update.win32_2.0.0.202105311346/tools/bin/../lib/gcc/arm-none-eabi/9.3.1/thumb/v7-m/nofp/crtn.o
OUTPUT(STM32F103C6 LIBRARY.elf elf32-littlearm)
LOAD linker stubs
LOAD c:/st/stm32cubeide_1.8.0/stm32cubeide/plugins/com.st.stm32cube.ide.mcu.externaltools.gnu-tools-for-stm32.9-2020-q2-update.win32_2.0.0.202105311346/tools/bin/../lib/gcc/arm-none-eabi/9.3.1/../../../../arm-none-eabi/lib/thumb/v7-m/nofp\libc.a
LOAD c:/st/stm32cubeide_1.8.0/stm32cubeide/plugins/com.st.stm32cube.ide.mcu.externaltools.gnu-tools-for-stm32.9-2020-q2-update.win32_2.0.0.202105311346/tools/bin/../lib/gcc/arm-none-eabi/9.3.1/../../../../arm-none-eabi/lib/thumb/v7-m/nofp\libm.a
LOAD c:/st/stm32cubeide_1.8.0/stm32cubeide/plugins/com.st.stm32cube.ide.mcu.externaltools.gnu-tools-for-stm32.9-2020-q2-update.win32_2.0.0.202105311346/tools/bin/../lib/gcc/arm-none-eabi/9.3.1/thumb/v7-m/nofp\libgcc.a

.debug_info     0x0000000000000000     0x1646
 .debug_info    0x0000000000000000      0x3f4 ./Inc/adc.o
 .debug_info    0x00000000000003f4      0x22c ./Inc/gpio.o
 .debug_info    0x0000000000000620      0x4ef ./Inc/interrupt_PA0.o
 .debug_info    0x0000000000000b0f      0x421 ./Inc/lcd_1602_mode8_4.o
 .debug_info    0x0000000000000f30      0x1fc ./Inc/string_func.o
 .debug_info    0x000000000000112c      0x38c ./Inc/system_clock.o
 .debug_info    0x00000000000014b8      0x16c ./Src/main.o
 .debug_info    0x0000000000001624       0x22 ./Startup/startup_stm32f103c6tx.o

.debug_abbrev   0x0000000000000000      0x836
 .debug_abbrev  0x0000000000000000      0x160 ./Inc/adc.o
 .debug_abbrev  0x0000000000000160       0xf1 ./Inc/gpio.o
 .debug_abbrev  0x0000000000000251      0x1a0 ./Inc/interrupt_PA0.o
 .debug_abbrev  0x00000000000003f1      0x14e ./Inc/lcd_1602_mode8_4.o
 .debug_abbrev  0x000000000000053f       0xe2 ./Inc/string_func.o
 .debug_abbrev  0x0000000000000621      0x13f ./Inc/system_clock.o
 .debug_abbrev  0x0000000000000760       0xc4 ./Src/main.o
 .debug_abbrev  0x0000000000000824       0x12 ./Startup/startup_stm32f103c6tx.o

.debug_aranges  0x0000000000000000      0x1e0
 .debug_aranges
                0x0000000000000000       0x30 ./Inc/adc.o
 .debug_aranges
                0x0000000000000030       0x48 ./Inc/gpio.o
 .debug_aranges
                0x0000000000000078       0x30 ./Inc/interrupt_PA0.o
 .debug_aranges
                0x00000000000000a8       0x88 ./Inc/lcd_1602_mode8_4.o
 .debug_aranges
                0x0000000000000130       0x38 ./Inc/string_func.o
 .debug_aranges
                0x0000000000000168       0x30 ./Inc/system_clock.o
 .debug_aranges
                0x0000000000000198       0x20 ./Src/main.o
 .debug_aranges
                0x00000000000001b8       0x28 ./Startup/startup_stm32f103c6tx.o

.debug_ranges   0x0000000000000000      0x168
 .debug_ranges  0x0000000000000000       0x20 ./Inc/adc.o
 .debug_ranges  0x0000000000000020       0x38 ./Inc/gpio.o
 .debug_ranges  0x0000000000000058       0x20 ./Inc/interrupt_PA0.o
 .debug_ranges  0x0000000000000078       0x78 ./Inc/lcd_1602_mode8_4.o
 .debug_ranges  0x00000000000000f0       0x28 ./Inc/string_func.o
 .debug_ranges  0x0000000000000118       0x20 ./Inc/system_clock.o
 .debug_ranges  0x0000000000000138       0x10 ./Src/main.o
 .debug_ranges  0x0000000000000148       0x20 ./Startup/startup_stm32f103c6tx.o

.debug_macro    0x0000000000000000    0x1015e
 .debug_macro   0x0000000000000000       0xdd ./Inc/adc.o
 .debug_macro   0x00000000000000dd      0xaa2 ./Inc/adc.o
 .debug_macro   0x0000000000000b7f       0x82 ./Inc/adc.o
 .debug_macro   0x0000000000000c01       0x2e ./Inc/adc.o
 .debug_macro   0x0000000000000c2f       0x22 ./Inc/adc.o
 .debug_macro   0x0000000000000c51       0x22 ./Inc/adc.o
 .debug_macro   0x0000000000000c73       0x8e ./Inc/adc.o
 .debug_macro   0x0000000000000d01       0x51 ./Inc/adc.o
 .debug_macro   0x0000000000000d52      0x103 ./Inc/adc.o
 .debug_macro   0x0000000000000e55       0x6a ./Inc/adc.o
 .debug_macro   0x0000000000000ebf      0x1df ./Inc/adc.o
 .debug_macro   0x000000000000109e       0x1c ./Inc/adc.o
 .debug_macro   0x00000000000010ba       0x22 ./Inc/adc.o
 .debug_macro   0x00000000000010dc       0xc3 ./Inc/adc.o
 .debug_macro   0x000000000000119f      0xd23 ./Inc/adc.o
 .debug_macro   0x0000000000001ec2     0xde75 ./Inc/adc.o
 .debug_macro   0x000000000000fd37       0x6d ./Inc/adc.o
 .debug_macro   0x000000000000fda4       0x10 ./Inc/adc.o
 .debug_macro   0x000000000000fdb4       0x1a ./Inc/gpio.o
 .debug_macro   0x000000000000fdce       0xcf ./Inc/interrupt_PA0.o
 .debug_macro   0x000000000000fe9d       0xd8 ./Inc/lcd_1602_mode8_4.o
 .debug_macro   0x000000000000ff75       0x1b ./Inc/string_func.o
 .debug_macro   0x000000000000ff90       0xc5 ./Inc/system_clock.o
 .debug_macro   0x0000000000010055       0xf3 ./Src/main.o
 .debug_macro   0x0000000000010148       0x16 ./Src/main.o

.debug_line     0x0000000000000000     0x204a
 .debug_line    0x0000000000000000      0x58a ./Inc/adc.o
 .debug_line    0x000000000000058a      0x1ac ./Inc/gpio.o
 .debug_line    0x0000000000000736      0x533 ./Inc/interrupt_PA0.o
 .debug_line    0x0000000000000c69      0x722 ./Inc/lcd_1602_mode8_4.o
 .debug_line    0x000000000000138b      0x1c7 ./Inc/string_func.o
 .debug_line    0x0000000000001552      0x571 ./Inc/system_clock.o
 .debug_line    0x0000000000001ac3      0x503 ./Src/main.o
 .debug_line    0x0000000000001fc6       0x84 ./Startup/startup_stm32f103c6tx.o

.debug_str      0x0000000000000000    0x539f3
 .debug_str     0x0000000000000000    0x53428 ./Inc/adc.o
                                      0x53665 (size before relaxing)
 .debug_str     0x0000000000053428       0x5e ./Inc/gpio.o
                                       0x2f27 (size before relaxing)
 .debug_str     0x0000000000053486      0x340 ./Inc/interrupt_PA0.o
                                      0x537ef (size before relaxing)
 .debug_str     0x00000000000537c6       0xe6 ./Inc/lcd_1602_mode8_4.o
                                      0x5365d (size before relaxing)
 .debug_str     0x00000000000538ac       0x78 ./Inc/string_func.o
                                       0x2dec (size before relaxing)
 .debug_str     0x0000000000053924       0x85 ./Inc/system_clock.o
                                      0x534f5 (size before relaxing)
 .debug_str     0x00000000000539a9       0x19 ./Src/main.o
                                      0x535c6 (size before relaxing)
 .debug_str     0x00000000000539c2       0x31 ./Startup/startup_stm32f103c6tx.o
                                         0x60 (size before relaxing)

.comment        0x0000000000000000       0x53
 .comment       0x0000000000000000       0x53 ./Inc/adc.o
                                         0x54 (size before relaxing)
 .comment       0x0000000000000053       0x54 ./Inc/gpio.o
 .comment       0x0000000000000053       0x54 ./Inc/interrupt_PA0.o
 .comment       0x0000000000000053       0x54 ./Inc/lcd_1602_mode8_4.o
 .comment       0x0000000000000053       0x54 ./Inc/string_func.o
 .comment       0x0000000000000053       0x54 ./Inc/system_clock.o
 .comment       0x0000000000000053       0x54 ./Src/main.o

.debug_frame    0x0000000000000000      0x560
 .debug_frame   0x0000000000000000       0x84 ./Inc/adc.o
 .debug_frame   0x0000000000000084       0xf8 ./Inc/gpio.o
 .debug_frame   0x000000000000017c       0x70 ./Inc/interrupt_PA0.o
 .debug_frame   0x00000000000001ec      0x1f8 ./Inc/lcd_1602_mode8_4.o
 .debug_frame   0x00000000000003e4       0xa8 ./Inc/string_func.o
 .debug_frame   0x000000000000048c       0x7c ./Inc/system_clock.o
 .debug_frame   0x0000000000000508       0x2c ./Src/main.o
 .debug_frame   0x0000000000000534       0x2c c:/st/stm32cubeide_1.8.0/stm32cubeide/plugins/com.st.stm32cube.ide.mcu.externaltools.gnu-tools-for-stm32.9-2020-q2-update.win32_2.0.0.202105311346/tools/bin/../lib/gcc/arm-none-eabi/9.3.1/../../../../arm-none-eabi/lib/thumb/v7-m/nofp\libc_nano.a(lib_a-init.o)
