Archive member included to satisfy reference by file (symbol)

c:/st/stm32cubeide_1.8.0/stm32cubeide/plugins/com.st.stm32cube.ide.mcu.externaltools.gnu-tools-for-stm32.9-2020-q2-update.win32_2.0.0.202105311346/tools/bin/../lib/gcc/arm-none-eabi/9.3.1/../../../../arm-none-eabi/lib/thumb/v7-m/nofp\libc_nano.a(lib_a-errno.o)
                              ./Src/syscalls.o (__errno)
c:/st/stm32cubeide_1.8.0/stm32cubeide/plugins/com.st.stm32cube.ide.mcu.externaltools.gnu-tools-for-stm32.9-2020-q2-update.win32_2.0.0.202105311346/tools/bin/../lib/gcc/arm-none-eabi/9.3.1/../../../../arm-none-eabi/lib/thumb/v7-m/nofp\libc_nano.a(lib_a-exit.o)
                              c:/st/stm32cubeide_1.8.0/stm32cubeide/plugins/com.st.stm32cube.ide.mcu.externaltools.gnu-tools-for-stm32.9-2020-q2-update.win32_2.0.0.202105311346/tools/bin/../lib/gcc/arm-none-eabi/9.3.1/../../../../arm-none-eabi/lib/thumb/v7-m/nofp/crt0.o (exit)
c:/st/stm32cubeide_1.8.0/stm32cubeide/plugins/com.st.stm32cube.ide.mcu.externaltools.gnu-tools-for-stm32.9-2020-q2-update.win32_2.0.0.202105311346/tools/bin/../lib/gcc/arm-none-eabi/9.3.1/../../../../arm-none-eabi/lib/thumb/v7-m/nofp\libc_nano.a(lib_a-impure.o)
                              c:/st/stm32cubeide_1.8.0/stm32cubeide/plugins/com.st.stm32cube.ide.mcu.externaltools.gnu-tools-for-stm32.9-2020-q2-update.win32_2.0.0.202105311346/tools/bin/../lib/gcc/arm-none-eabi/9.3.1/../../../../arm-none-eabi/lib/thumb/v7-m/nofp\libc_nano.a(lib_a-exit.o) (_global_impure_ptr)
c:/st/stm32cubeide_1.8.0/stm32cubeide/plugins/com.st.stm32cube.ide.mcu.externaltools.gnu-tools-for-stm32.9-2020-q2-update.win32_2.0.0.202105311346/tools/bin/../lib/gcc/arm-none-eabi/9.3.1/../../../../arm-none-eabi/lib/thumb/v7-m/nofp\libc_nano.a(lib_a-init.o)
                              c:/st/stm32cubeide_1.8.0/stm32cubeide/plugins/com.st.stm32cube.ide.mcu.externaltools.gnu-tools-for-stm32.9-2020-q2-update.win32_2.0.0.202105311346/tools/bin/../lib/gcc/arm-none-eabi/9.3.1/../../../../arm-none-eabi/lib/thumb/v7-m/nofp/crt0.o (__libc_init_array)
c:/st/stm32cubeide_1.8.0/stm32cubeide/plugins/com.st.stm32cube.ide.mcu.externaltools.gnu-tools-for-stm32.9-2020-q2-update.win32_2.0.0.202105311346/tools/bin/../lib/gcc/arm-none-eabi/9.3.1/../../../../arm-none-eabi/lib/thumb/v7-m/nofp\libc_nano.a(lib_a-memset.o)
                              c:/st/stm32cubeide_1.8.0/stm32cubeide/plugins/com.st.stm32cube.ide.mcu.externaltools.gnu-tools-for-stm32.9-2020-q2-update.win32_2.0.0.202105311346/tools/bin/../lib/gcc/arm-none-eabi/9.3.1/../../../../arm-none-eabi/lib/thumb/v7-m/nofp/crt0.o (memset)
c:/st/stm32cubeide_1.8.0/stm32cubeide/plugins/com.st.stm32cube.ide.mcu.externaltools.gnu-tools-for-stm32.9-2020-q2-update.win32_2.0.0.202105311346/tools/bin/../lib/gcc/arm-none-eabi/9.3.1/thumb/v7-m/nofp\libgcc.a(_arm_muldf3.o)
                              ./Inc/usart.o (__aeabi_dmul)
c:/st/stm32cubeide_1.8.0/stm32cubeide/plugins/com.st.stm32cube.ide.mcu.externaltools.gnu-tools-for-stm32.9-2020-q2-update.win32_2.0.0.202105311346/tools/bin/../lib/gcc/arm-none-eabi/9.3.1/thumb/v7-m/nofp\libgcc.a(_arm_addsubdf3.o)
                              ./Inc/usart.o (__aeabi_dsub)
c:/st/stm32cubeide_1.8.0/stm32cubeide/plugins/com.st.stm32cube.ide.mcu.externaltools.gnu-tools-for-stm32.9-2020-q2-update.win32_2.0.0.202105311346/tools/bin/../lib/gcc/arm-none-eabi/9.3.1/thumb/v7-m/nofp\libgcc.a(_arm_muldivdf3.o)
                              ./Inc/usart.o (__aeabi_ddiv)
c:/st/stm32cubeide_1.8.0/stm32cubeide/plugins/com.st.stm32cube.ide.mcu.externaltools.gnu-tools-for-stm32.9-2020-q2-update.win32_2.0.0.202105311346/tools/bin/../lib/gcc/arm-none-eabi/9.3.1/thumb/v7-m/nofp\libgcc.a(_arm_cmpdf2.o)
                              ./Inc/usart.o (__aeabi_dcmpgt)
c:/st/stm32cubeide_1.8.0/stm32cubeide/plugins/com.st.stm32cube.ide.mcu.externaltools.gnu-tools-for-stm32.9-2020-q2-update.win32_2.0.0.202105311346/tools/bin/../lib/gcc/arm-none-eabi/9.3.1/thumb/v7-m/nofp\libgcc.a(_arm_fixunsdfsi.o)
                              ./Inc/usart.o (__aeabi_d2uiz)

Discarded input sections

 .text          0x0000000000000000        0x0 c:/st/stm32cubeide_1.8.0/stm32cubeide/plugins/com.st.stm32cube.ide.mcu.externaltools.gnu-tools-for-stm32.9-2020-q2-update.win32_2.0.0.202105311346/tools/bin/../lib/gcc/arm-none-eabi/9.3.1/thumb/v7-m/nofp/crti.o
 .data          0x0000000000000000        0x0 c:/st/stm32cubeide_1.8.0/stm32cubeide/plugins/com.st.stm32cube.ide.mcu.externaltools.gnu-tools-for-stm32.9-2020-q2-update.win32_2.0.0.202105311346/tools/bin/../lib/gcc/arm-none-eabi/9.3.1/thumb/v7-m/nofp/crti.o
 .bss           0x0000000000000000        0x0 c:/st/stm32cubeide_1.8.0/stm32cubeide/plugins/com.st.stm32cube.ide.mcu.externaltools.gnu-tools-for-stm32.9-2020-q2-update.win32_2.0.0.202105311346/tools/bin/../lib/gcc/arm-none-eabi/9.3.1/thumb/v7-m/nofp/crti.o
 .data          0x0000000000000000        0x4 c:/st/stm32cubeide_1.8.0/stm32cubeide/plugins/com.st.stm32cube.ide.mcu.externaltools.gnu-tools-for-stm32.9-2020-q2-update.win32_2.0.0.202105311346/tools/bin/../lib/gcc/arm-none-eabi/9.3.1/thumb/v7-m/nofp/crtbegin.o
 .text          0x0000000000000000       0x7c c:/st/stm32cubeide_1.8.0/stm32cubeide/plugins/com.st.stm32cube.ide.mcu.externaltools.gnu-tools-for-stm32.9-2020-q2-update.win32_2.0.0.202105311346/tools/bin/../lib/gcc/arm-none-eabi/9.3.1/../../../../arm-none-eabi/lib/thumb/v7-m/nofp/crt0.o
 .data          0x0000000000000000        0x0 c:/st/stm32cubeide_1.8.0/stm32cubeide/plugins/com.st.stm32cube.ide.mcu.externaltools.gnu-tools-for-stm32.9-2020-q2-update.win32_2.0.0.202105311346/tools/bin/../lib/gcc/arm-none-eabi/9.3.1/../../../../arm-none-eabi/lib/thumb/v7-m/nofp/crt0.o
 .bss           0x0000000000000000        0x0 c:/st/stm32cubeide_1.8.0/stm32cubeide/plugins/com.st.stm32cube.ide.mcu.externaltools.gnu-tools-for-stm32.9-2020-q2-update.win32_2.0.0.202105311346/tools/bin/../lib/gcc/arm-none-eabi/9.3.1/../../../../arm-none-eabi/lib/thumb/v7-m/nofp/crt0.o
 .ARM.extab     0x0000000000000000        0x0 c:/st/stm32cubeide_1.8.0/stm32cubeide/plugins/com.st.stm32cube.ide.mcu.externaltools.gnu-tools-for-stm32.9-2020-q2-update.win32_2.0.0.202105311346/tools/bin/../lib/gcc/arm-none-eabi/9.3.1/../../../../arm-none-eabi/lib/thumb/v7-m/nofp/crt0.o
 .ARM.exidx     0x0000000000000000       0x10 c:/st/stm32cubeide_1.8.0/stm32cubeide/plugins/com.st.stm32cube.ide.mcu.externaltools.gnu-tools-for-stm32.9-2020-q2-update.win32_2.0.0.202105311346/tools/bin/../lib/gcc/arm-none-eabi/9.3.1/../../../../arm-none-eabi/lib/thumb/v7-m/nofp/crt0.o
 .ARM.attributes
                0x0000000000000000       0x1b c:/st/stm32cubeide_1.8.0/stm32cubeide/plugins/com.st.stm32cube.ide.mcu.externaltools.gnu-tools-for-stm32.9-2020-q2-update.win32_2.0.0.202105311346/tools/bin/../lib/gcc/arm-none-eabi/9.3.1/../../../../arm-none-eabi/lib/thumb/v7-m/nofp/crt0.o
 .group         0x0000000000000000        0xc ./Inc/gpio.o
 .group         0x0000000000000000        0xc ./Inc/gpio.o
 .text          0x0000000000000000        0x0 ./Inc/gpio.o
 .data          0x0000000000000000        0x0 ./Inc/gpio.o
 .bss           0x0000000000000000        0x0 ./Inc/gpio.o
 .text.R_GP     0x0000000000000000       0x76 ./Inc/gpio.o
 .text.toggle_GP
                0x0000000000000000       0x44 ./Inc/gpio.o
 .group         0x0000000000000000        0xc ./Inc/interrupt_PA0.o
 .group         0x0000000000000000        0xc ./Inc/interrupt_PA0.o
 .group         0x0000000000000000        0xc ./Inc/interrupt_PA0.o
 .group         0x0000000000000000        0xc ./Inc/interrupt_PA0.o
 .group         0x0000000000000000        0xc ./Inc/interrupt_PA0.o
 .group         0x0000000000000000        0xc ./Inc/interrupt_PA0.o
 .group         0x0000000000000000        0xc ./Inc/interrupt_PA0.o
 .group         0x0000000000000000        0xc ./Inc/interrupt_PA0.o
 .group         0x0000000000000000        0xc ./Inc/interrupt_PA0.o
 .group         0x0000000000000000        0xc ./Inc/interrupt_PA0.o
 .group         0x0000000000000000        0xc ./Inc/interrupt_PA0.o
 .group         0x0000000000000000        0xc ./Inc/interrupt_PA0.o
 .group         0x0000000000000000        0xc ./Inc/interrupt_PA0.o
 .group         0x0000000000000000        0xc ./Inc/interrupt_PA0.o
 .group         0x0000000000000000        0xc ./Inc/interrupt_PA0.o
 .text          0x0000000000000000        0x0 ./Inc/interrupt_PA0.o
 .data          0x0000000000000000        0x0 ./Inc/interrupt_PA0.o
 .bss           0x0000000000000000        0x0 ./Inc/interrupt_PA0.o
 .text.__NVIC_EnableIRQ
                0x0000000000000000       0x38 ./Inc/interrupt_PA0.o
 .text.init_interrupt_PA0
                0x0000000000000000       0x3c ./Inc/interrupt_PA0.o
 .debug_macro   0x0000000000000000      0xaa2 ./Inc/interrupt_PA0.o
 .group         0x0000000000000000        0xc ./Inc/string_func.o
 .text          0x0000000000000000        0x0 ./Inc/string_func.o
 .data          0x0000000000000000        0x0 ./Inc/string_func.o
 .bss           0x0000000000000000        0x0 ./Inc/string_func.o
 .text.string_len
                0x0000000000000000       0x2e ./Inc/string_func.o
 .text.find_str
                0x0000000000000000       0xb8 ./Inc/string_func.o
 .text.int2char
                0x0000000000000000       0xa8 ./Inc/string_func.o
 .rodata        0x0000000000000000        0xb ./Inc/string_func.o
 .text.char2int
                0x0000000000000000       0x94 ./Inc/string_func.o
 .debug_info    0x0000000000000000      0x1fc ./Inc/string_func.o
 .debug_abbrev  0x0000000000000000       0xe2 ./Inc/string_func.o
 .debug_aranges
                0x0000000000000000       0x38 ./Inc/string_func.o
 .debug_ranges  0x0000000000000000       0x28 ./Inc/string_func.o
 .debug_macro   0x0000000000000000       0x1b ./Inc/string_func.o
 .debug_macro   0x0000000000000000      0xaa2 ./Inc/string_func.o
 .debug_line    0x0000000000000000      0x1bf ./Inc/string_func.o
 .debug_str     0x0000000000000000     0x2dec ./Inc/string_func.o
 .comment       0x0000000000000000       0x54 ./Inc/string_func.o
 .debug_frame   0x0000000000000000       0xa8 ./Inc/string_func.o
 .ARM.attributes
                0x0000000000000000       0x2d ./Inc/string_func.o
 .group         0x0000000000000000        0xc ./Inc/system_clock.o
 .group         0x0000000000000000        0xc ./Inc/system_clock.o
 .group         0x0000000000000000        0xc ./Inc/system_clock.o
 .group         0x0000000000000000        0xc ./Inc/system_clock.o
 .group         0x0000000000000000        0xc ./Inc/system_clock.o
 .group         0x0000000000000000        0xc ./Inc/system_clock.o
 .group         0x0000000000000000        0xc ./Inc/system_clock.o
 .group         0x0000000000000000        0xc ./Inc/system_clock.o
 .group         0x0000000000000000        0xc ./Inc/system_clock.o
 .group         0x0000000000000000        0xc ./Inc/system_clock.o
 .group         0x0000000000000000        0xc ./Inc/system_clock.o
 .group         0x0000000000000000        0xc ./Inc/system_clock.o
 .group         0x0000000000000000        0xc ./Inc/system_clock.o
 .group         0x0000000000000000        0xc ./Inc/system_clock.o
 .group         0x0000000000000000        0xc ./Inc/system_clock.o
 .text          0x0000000000000000        0x0 ./Inc/system_clock.o
 .data          0x0000000000000000        0x0 ./Inc/system_clock.o
 .bss           0x0000000000000000        0x0 ./Inc/system_clock.o
 .debug_macro   0x0000000000000000      0xaa2 ./Inc/system_clock.o
 .debug_macro   0x0000000000000000       0x22 ./Inc/system_clock.o
 .debug_macro   0x0000000000000000       0x8e ./Inc/system_clock.o
 .debug_macro   0x0000000000000000       0x51 ./Inc/system_clock.o
 .debug_macro   0x0000000000000000      0x103 ./Inc/system_clock.o
 .debug_macro   0x0000000000000000       0x6a ./Inc/system_clock.o
 .debug_macro   0x0000000000000000      0x1df ./Inc/system_clock.o
 .debug_macro   0x0000000000000000       0x2e ./Inc/system_clock.o
 .debug_macro   0x0000000000000000       0x22 ./Inc/system_clock.o
 .debug_macro   0x0000000000000000       0x1c ./Inc/system_clock.o
 .debug_macro   0x0000000000000000       0x22 ./Inc/system_clock.o
 .debug_macro   0x0000000000000000       0xc3 ./Inc/system_clock.o
 .debug_macro   0x0000000000000000      0xd23 ./Inc/system_clock.o
 .debug_macro   0x0000000000000000     0xde75 ./Inc/system_clock.o
 .debug_macro   0x0000000000000000       0x6d ./Inc/system_clock.o
 .group         0x0000000000000000        0xc ./Inc/systick_delay.o
 .group         0x0000000000000000        0xc ./Inc/systick_delay.o
 .group         0x0000000000000000        0xc ./Inc/systick_delay.o
 .group         0x0000000000000000        0xc ./Inc/systick_delay.o
 .group         0x0000000000000000        0xc ./Inc/systick_delay.o
 .group         0x0000000000000000        0xc ./Inc/systick_delay.o
 .group         0x0000000000000000        0xc ./Inc/systick_delay.o
 .group         0x0000000000000000        0xc ./Inc/systick_delay.o
 .group         0x0000000000000000        0xc ./Inc/systick_delay.o
 .group         0x0000000000000000        0xc ./Inc/systick_delay.o
 .group         0x0000000000000000        0xc ./Inc/systick_delay.o
 .group         0x0000000000000000        0xc ./Inc/systick_delay.o
 .group         0x0000000000000000        0xc ./Inc/systick_delay.o
 .group         0x0000000000000000        0xc ./Inc/systick_delay.o
 .group         0x0000000000000000        0xc ./Inc/systick_delay.o
 .text          0x0000000000000000        0x0 ./Inc/systick_delay.o
 .data          0x0000000000000000        0x0 ./Inc/systick_delay.o
 .bss           0x0000000000000000        0x0 ./Inc/systick_delay.o
 .text.init_systick_delay
                0x0000000000000000       0x2c ./Inc/systick_delay.o
 .text.delayus  0x0000000000000000       0x30 ./Inc/systick_delay.o
 .text.delayms  0x0000000000000000       0x24 ./Inc/systick_delay.o
 .debug_info    0x0000000000000000      0x1c0 ./Inc/systick_delay.o
 .debug_abbrev  0x0000000000000000      0x107 ./Inc/systick_delay.o
 .debug_aranges
                0x0000000000000000       0x30 ./Inc/systick_delay.o
 .debug_ranges  0x0000000000000000       0x20 ./Inc/systick_delay.o
 .debug_macro   0x0000000000000000       0xc5 ./Inc/systick_delay.o
 .debug_macro   0x0000000000000000      0xaa2 ./Inc/systick_delay.o
 .debug_macro   0x0000000000000000       0x2e ./Inc/systick_delay.o
 .debug_macro   0x0000000000000000       0x22 ./Inc/systick_delay.o
 .debug_macro   0x0000000000000000       0x22 ./Inc/systick_delay.o
 .debug_macro   0x0000000000000000       0x8e ./Inc/systick_delay.o
 .debug_macro   0x0000000000000000       0x51 ./Inc/systick_delay.o
 .debug_macro   0x0000000000000000      0x103 ./Inc/systick_delay.o
 .debug_macro   0x0000000000000000       0x6a ./Inc/systick_delay.o
 .debug_macro   0x0000000000000000      0x1df ./Inc/systick_delay.o
 .debug_macro   0x0000000000000000       0x1c ./Inc/systick_delay.o
 .debug_macro   0x0000000000000000       0x22 ./Inc/systick_delay.o
 .debug_macro   0x0000000000000000       0xc3 ./Inc/systick_delay.o
 .debug_macro   0x0000000000000000      0xd23 ./Inc/systick_delay.o
 .debug_macro   0x0000000000000000     0xde75 ./Inc/systick_delay.o
 .debug_macro   0x0000000000000000       0x6d ./Inc/systick_delay.o
 .debug_line    0x0000000000000000      0x52a ./Inc/systick_delay.o
 .debug_str     0x0000000000000000    0x53480 ./Inc/systick_delay.o
 .comment       0x0000000000000000       0x54 ./Inc/systick_delay.o
 .debug_frame   0x0000000000000000       0x74 ./Inc/systick_delay.o
 .ARM.attributes
                0x0000000000000000       0x2d ./Inc/systick_delay.o
 .group         0x0000000000000000        0xc ./Inc/systick_interrupt.o
 .group         0x0000000000000000        0xc ./Inc/systick_interrupt.o
 .group         0x0000000000000000        0xc ./Inc/systick_interrupt.o
 .group         0x0000000000000000        0xc ./Inc/systick_interrupt.o
 .group         0x0000000000000000        0xc ./Inc/systick_interrupt.o
 .group         0x0000000000000000        0xc ./Inc/systick_interrupt.o
 .group         0x0000000000000000        0xc ./Inc/systick_interrupt.o
 .group         0x0000000000000000        0xc ./Inc/systick_interrupt.o
 .group         0x0000000000000000        0xc ./Inc/systick_interrupt.o
 .group         0x0000000000000000        0xc ./Inc/systick_interrupt.o
 .group         0x0000000000000000        0xc ./Inc/systick_interrupt.o
 .group         0x0000000000000000        0xc ./Inc/systick_interrupt.o
 .group         0x0000000000000000        0xc ./Inc/systick_interrupt.o
 .group         0x0000000000000000        0xc ./Inc/systick_interrupt.o
 .group         0x0000000000000000        0xc ./Inc/systick_interrupt.o
 .group         0x0000000000000000        0xc ./Inc/systick_interrupt.o
 .text          0x0000000000000000        0x0 ./Inc/systick_interrupt.o
 .data          0x0000000000000000        0x0 ./Inc/systick_interrupt.o
 .bss           0x0000000000000000        0x0 ./Inc/systick_interrupt.o
 .text.init_systick_interrupt
                0x0000000000000000       0x58 ./Inc/systick_interrupt.o
 .debug_macro   0x0000000000000000      0xaa2 ./Inc/systick_interrupt.o
 .debug_macro   0x0000000000000000       0x2e ./Inc/systick_interrupt.o
 .debug_macro   0x0000000000000000       0x22 ./Inc/systick_interrupt.o
 .debug_macro   0x0000000000000000       0x22 ./Inc/systick_interrupt.o
 .debug_macro   0x0000000000000000       0x8e ./Inc/systick_interrupt.o
 .debug_macro   0x0000000000000000       0x51 ./Inc/systick_interrupt.o
 .debug_macro   0x0000000000000000      0x103 ./Inc/systick_interrupt.o
 .debug_macro   0x0000000000000000       0x6a ./Inc/systick_interrupt.o
 .debug_macro   0x0000000000000000      0x1df ./Inc/systick_interrupt.o
 .debug_macro   0x0000000000000000       0x1c ./Inc/systick_interrupt.o
 .debug_macro   0x0000000000000000       0x22 ./Inc/systick_interrupt.o
 .debug_macro   0x0000000000000000       0xc3 ./Inc/systick_interrupt.o
 .debug_macro   0x0000000000000000      0xd23 ./Inc/systick_interrupt.o
 .debug_macro   0x0000000000000000     0xde75 ./Inc/systick_interrupt.o
 .debug_macro   0x0000000000000000       0x6d ./Inc/systick_interrupt.o
 .debug_macro   0x0000000000000000       0x82 ./Inc/systick_interrupt.o
 .group         0x0000000000000000        0xc ./Inc/usart.o
 .group         0x0000000000000000        0xc ./Inc/usart.o
 .group         0x0000000000000000        0xc ./Inc/usart.o
 .group         0x0000000000000000        0xc ./Inc/usart.o
 .group         0x0000000000000000        0xc ./Inc/usart.o
 .group         0x0000000000000000        0xc ./Inc/usart.o
 .group         0x0000000000000000        0xc ./Inc/usart.o
 .group         0x0000000000000000        0xc ./Inc/usart.o
 .group         0x0000000000000000        0xc ./Inc/usart.o
 .group         0x0000000000000000        0xc ./Inc/usart.o
 .group         0x0000000000000000        0xc ./Inc/usart.o
 .group         0x0000000000000000        0xc ./Inc/usart.o
 .group         0x0000000000000000        0xc ./Inc/usart.o
 .group         0x0000000000000000        0xc ./Inc/usart.o
 .group         0x0000000000000000        0xc ./Inc/usart.o
 .group         0x0000000000000000        0xc ./Inc/usart.o
 .text          0x0000000000000000        0x0 ./Inc/usart.o
 .data          0x0000000000000000        0x0 ./Inc/usart.o
 .bss           0x0000000000000000        0x0 ./Inc/usart.o
 .debug_macro   0x0000000000000000      0xaa2 ./Inc/usart.o
 .debug_macro   0x0000000000000000       0x2e ./Inc/usart.o
 .debug_macro   0x0000000000000000       0x22 ./Inc/usart.o
 .debug_macro   0x0000000000000000       0x22 ./Inc/usart.o
 .debug_macro   0x0000000000000000       0x8e ./Inc/usart.o
 .debug_macro   0x0000000000000000       0x51 ./Inc/usart.o
 .debug_macro   0x0000000000000000      0x103 ./Inc/usart.o
 .debug_macro   0x0000000000000000       0x6a ./Inc/usart.o
 .debug_macro   0x0000000000000000      0x1df ./Inc/usart.o
 .debug_macro   0x0000000000000000       0x1c ./Inc/usart.o
 .debug_macro   0x0000000000000000       0x22 ./Inc/usart.o
 .debug_macro   0x0000000000000000       0xc3 ./Inc/usart.o
 .debug_macro   0x0000000000000000      0xd23 ./Inc/usart.o
 .debug_macro   0x0000000000000000     0xde75 ./Inc/usart.o
 .debug_macro   0x0000000000000000       0x6d ./Inc/usart.o
 .debug_macro   0x0000000000000000       0x82 ./Inc/usart.o
 .group         0x0000000000000000        0xc ./Inc/usart_rx_interrupt.o
 .group         0x0000000000000000        0xc ./Inc/usart_rx_interrupt.o
 .group         0x0000000000000000        0xc ./Inc/usart_rx_interrupt.o
 .group         0x0000000000000000        0xc ./Inc/usart_rx_interrupt.o
 .group         0x0000000000000000        0xc ./Inc/usart_rx_interrupt.o
 .group         0x0000000000000000        0xc ./Inc/usart_rx_interrupt.o
 .group         0x0000000000000000        0xc ./Inc/usart_rx_interrupt.o
 .group         0x0000000000000000        0xc ./Inc/usart_rx_interrupt.o
 .group         0x0000000000000000        0xc ./Inc/usart_rx_interrupt.o
 .group         0x0000000000000000        0xc ./Inc/usart_rx_interrupt.o
 .group         0x0000000000000000        0xc ./Inc/usart_rx_interrupt.o
 .group         0x0000000000000000        0xc ./Inc/usart_rx_interrupt.o
 .group         0x0000000000000000        0xc ./Inc/usart_rx_interrupt.o
 .group         0x0000000000000000        0xc ./Inc/usart_rx_interrupt.o
 .group         0x0000000000000000        0xc ./Inc/usart_rx_interrupt.o
 .text          0x0000000000000000        0x0 ./Inc/usart_rx_interrupt.o
 .data          0x0000000000000000        0x0 ./Inc/usart_rx_interrupt.o
 .bss           0x0000000000000000        0x0 ./Inc/usart_rx_interrupt.o
 .debug_macro   0x0000000000000000      0xaa2 ./Inc/usart_rx_interrupt.o
 .debug_macro   0x0000000000000000       0x2e ./Inc/usart_rx_interrupt.o
 .debug_macro   0x0000000000000000       0x22 ./Inc/usart_rx_interrupt.o
 .debug_macro   0x0000000000000000       0x22 ./Inc/usart_rx_interrupt.o
 .debug_macro   0x0000000000000000       0x8e ./Inc/usart_rx_interrupt.o
 .debug_macro   0x0000000000000000       0x51 ./Inc/usart_rx_interrupt.o
 .debug_macro   0x0000000000000000      0x103 ./Inc/usart_rx_interrupt.o
 .debug_macro   0x0000000000000000       0x6a ./Inc/usart_rx_interrupt.o
 .debug_macro   0x0000000000000000      0x1df ./Inc/usart_rx_interrupt.o
 .debug_macro   0x0000000000000000       0x1c ./Inc/usart_rx_interrupt.o
 .debug_macro   0x0000000000000000       0x22 ./Inc/usart_rx_interrupt.o
 .debug_macro   0x0000000000000000       0xc3 ./Inc/usart_rx_interrupt.o
 .debug_macro   0x0000000000000000      0xd23 ./Inc/usart_rx_interrupt.o
 .debug_macro   0x0000000000000000     0xde75 ./Inc/usart_rx_interrupt.o
 .debug_macro   0x0000000000000000       0x6d ./Inc/usart_rx_interrupt.o
 .group         0x0000000000000000        0xc ./Src/main.o
 .group         0x0000000000000000        0xc ./Src/main.o
 .group         0x0000000000000000        0xc ./Src/main.o
 .group         0x0000000000000000        0xc ./Src/main.o
 .group         0x0000000000000000        0xc ./Src/main.o
 .group         0x0000000000000000        0xc ./Src/main.o
 .group         0x0000000000000000        0xc ./Src/main.o
 .group         0x0000000000000000        0xc ./Src/main.o
 .group         0x0000000000000000        0xc ./Src/main.o
 .group         0x0000000000000000        0xc ./Src/main.o
 .group         0x0000000000000000        0xc ./Src/main.o
 .group         0x0000000000000000        0xc ./Src/main.o
 .group         0x0000000000000000        0xc ./Src/main.o
 .group         0x0000000000000000        0xc ./Src/main.o
 .group         0x0000000000000000        0xc ./Src/main.o
 .group         0x0000000000000000        0xc ./Src/main.o
 .text          0x0000000000000000        0x0 ./Src/main.o
 .data          0x0000000000000000        0x0 ./Src/main.o
 .bss           0x0000000000000000        0x0 ./Src/main.o
 .debug_macro   0x0000000000000000      0xaa2 ./Src/main.o
 .debug_macro   0x0000000000000000       0x22 ./Src/main.o
 .debug_macro   0x0000000000000000       0x8e ./Src/main.o
 .debug_macro   0x0000000000000000       0x51 ./Src/main.o
 .debug_macro   0x0000000000000000      0x103 ./Src/main.o
 .debug_macro   0x0000000000000000       0x6a ./Src/main.o
 .debug_macro   0x0000000000000000      0x1df ./Src/main.o
 .debug_macro   0x0000000000000000       0x82 ./Src/main.o
 .debug_macro   0x0000000000000000       0x2e ./Src/main.o
 .debug_macro   0x0000000000000000       0x22 ./Src/main.o
 .debug_macro   0x0000000000000000       0x1c ./Src/main.o
 .debug_macro   0x0000000000000000       0x22 ./Src/main.o
 .debug_macro   0x0000000000000000       0xc3 ./Src/main.o
 .debug_macro   0x0000000000000000      0xd23 ./Src/main.o
 .debug_macro   0x0000000000000000     0xde75 ./Src/main.o
 .debug_macro   0x0000000000000000       0x6d ./Src/main.o
 .group         0x0000000000000000        0xc ./Src/syscalls.o
 .group         0x0000000000000000        0xc ./Src/syscalls.o
 .group         0x0000000000000000        0xc ./Src/syscalls.o
 .group         0x0000000000000000        0xc ./Src/syscalls.o
 .group         0x0000000000000000        0xc ./Src/syscalls.o
 .group         0x0000000000000000        0xc ./Src/syscalls.o
 .group         0x0000000000000000        0xc ./Src/syscalls.o
 .group         0x0000000000000000        0xc ./Src/syscalls.o
 .group         0x0000000000000000        0xc ./Src/syscalls.o
 .group         0x0000000000000000        0xc ./Src/syscalls.o
 .group         0x0000000000000000        0xc ./Src/syscalls.o
 .group         0x0000000000000000        0xc ./Src/syscalls.o
 .group         0x0000000000000000        0xc ./Src/syscalls.o
 .group         0x0000000000000000        0xc ./Src/syscalls.o
 .group         0x0000000000000000        0xc ./Src/syscalls.o
 .group         0x0000000000000000        0xc ./Src/syscalls.o
 .group         0x0000000000000000        0xc ./Src/syscalls.o
 .group         0x0000000000000000        0xc ./Src/syscalls.o
 .group         0x0000000000000000        0xc ./Src/syscalls.o
 .group         0x0000000000000000        0xc ./Src/syscalls.o
 .group         0x0000000000000000        0xc ./Src/syscalls.o
 .group         0x0000000000000000        0xc ./Src/syscalls.o
 .group         0x0000000000000000        0xc ./Src/syscalls.o
 .group         0x0000000000000000        0xc ./Src/syscalls.o
 .group         0x0000000000000000        0xc ./Src/syscalls.o
 .group         0x0000000000000000        0xc ./Src/syscalls.o
 .group         0x0000000000000000        0xc ./Src/syscalls.o
 .group         0x0000000000000000        0xc ./Src/syscalls.o
 .group         0x0000000000000000        0xc ./Src/syscalls.o
 .group         0x0000000000000000        0xc ./Src/syscalls.o
 .group         0x0000000000000000        0xc ./Src/syscalls.o
 .group         0x0000000000000000        0xc ./Src/syscalls.o
 .group         0x0000000000000000        0xc ./Src/syscalls.o
 .group         0x0000000000000000        0xc ./Src/syscalls.o
 .group         0x0000000000000000        0xc ./Src/syscalls.o
 .group         0x0000000000000000        0xc ./Src/syscalls.o
 .group         0x0000000000000000        0xc ./Src/syscalls.o
 .group         0x0000000000000000        0xc ./Src/syscalls.o
 .group         0x0000000000000000        0xc ./Src/syscalls.o
 .group         0x0000000000000000        0xc ./Src/syscalls.o
 .group         0x0000000000000000        0xc ./Src/syscalls.o
 .group         0x0000000000000000        0xc ./Src/syscalls.o
 .group         0x0000000000000000        0xc ./Src/syscalls.o
 .group         0x0000000000000000        0xc ./Src/syscalls.o
 .group         0x0000000000000000        0xc ./Src/syscalls.o
 .group         0x0000000000000000        0xc ./Src/syscalls.o
 .group         0x0000000000000000        0xc ./Src/syscalls.o
 .text          0x0000000000000000        0x0 ./Src/syscalls.o
 .data          0x0000000000000000        0x0 ./Src/syscalls.o
 .bss           0x0000000000000000        0x0 ./Src/syscalls.o
 .bss.__env     0x0000000000000000        0x4 ./Src/syscalls.o
 .data.environ  0x0000000000000000        0x4 ./Src/syscalls.o
 .text.initialise_monitor_handles
                0x0000000000000000        0xc ./Src/syscalls.o
 .text._getpid  0x0000000000000000        0xe ./Src/syscalls.o
 .text._kill    0x0000000000000000       0x20 ./Src/syscalls.o
 .text._exit    0x0000000000000000       0x14 ./Src/syscalls.o
 .text._read    0x0000000000000000       0x3a ./Src/syscalls.o
 .text._write   0x0000000000000000       0x38 ./Src/syscalls.o
 .text._close   0x0000000000000000       0x16 ./Src/syscalls.o
 .text._fstat   0x0000000000000000       0x1e ./Src/syscalls.o
 .text._isatty  0x0000000000000000       0x14 ./Src/syscalls.o
 .text._lseek   0x0000000000000000       0x18 ./Src/syscalls.o
 .text._open    0x0000000000000000       0x1a ./Src/syscalls.o
 .text._wait    0x0000000000000000       0x1e ./Src/syscalls.o
 .text._unlink  0x0000000000000000       0x1e ./Src/syscalls.o
 .text._times   0x0000000000000000       0x16 ./Src/syscalls.o
 .text._stat    0x0000000000000000       0x1e ./Src/syscalls.o
 .text._link    0x0000000000000000       0x20 ./Src/syscalls.o
 .text._fork    0x0000000000000000       0x16 ./Src/syscalls.o
 .text._execve  0x0000000000000000       0x22 ./Src/syscalls.o
 .debug_info    0x0000000000000000      0xfa8 ./Src/syscalls.o
 .debug_abbrev  0x0000000000000000      0x286 ./Src/syscalls.o
 .debug_aranges
                0x0000000000000000       0xa8 ./Src/syscalls.o
 .debug_ranges  0x0000000000000000       0x98 ./Src/syscalls.o
 .debug_macro   0x0000000000000000      0x24c ./Src/syscalls.o
 .debug_macro   0x0000000000000000      0xaa2 ./Src/syscalls.o
 .debug_macro   0x0000000000000000       0x22 ./Src/syscalls.o
 .debug_macro   0x0000000000000000       0x4c ./Src/syscalls.o
 .debug_macro   0x0000000000000000       0x18 ./Src/syscalls.o
 .debug_macro   0x0000000000000000       0x94 ./Src/syscalls.o
 .debug_macro   0x0000000000000000       0x3c ./Src/syscalls.o
 .debug_macro   0x0000000000000000       0x34 ./Src/syscalls.o
 .debug_macro   0x0000000000000000       0x57 ./Src/syscalls.o
 .debug_macro   0x0000000000000000      0x174 ./Src/syscalls.o
 .debug_macro   0x0000000000000000      0x339 ./Src/syscalls.o
 .debug_macro   0x0000000000000000       0x16 ./Src/syscalls.o
 .debug_macro   0x0000000000000000       0x43 ./Src/syscalls.o
 .debug_macro   0x0000000000000000       0x34 ./Src/syscalls.o
 .debug_macro   0x0000000000000000       0x10 ./Src/syscalls.o
 .debug_macro   0x0000000000000000       0x58 ./Src/syscalls.o
 .debug_macro   0x0000000000000000       0x71 ./Src/syscalls.o
 .debug_macro   0x0000000000000000       0x1c ./Src/syscalls.o
 .debug_macro   0x0000000000000000      0x12a ./Src/syscalls.o
 .debug_macro   0x0000000000000000       0x10 ./Src/syscalls.o
 .debug_macro   0x0000000000000000       0x35 ./Src/syscalls.o
 .debug_macro   0x0000000000000000       0x10 ./Src/syscalls.o
 .debug_macro   0x0000000000000000       0x10 ./Src/syscalls.o
 .debug_macro   0x0000000000000000       0x10 ./Src/syscalls.o
 .debug_macro   0x0000000000000000       0x6a ./Src/syscalls.o
 .debug_macro   0x0000000000000000       0x1c ./Src/syscalls.o
 .debug_macro   0x0000000000000000       0x52 ./Src/syscalls.o
 .debug_macro   0x0000000000000000       0x22 ./Src/syscalls.o
 .debug_macro   0x0000000000000000       0x10 ./Src/syscalls.o
 .debug_macro   0x0000000000000000       0x40 ./Src/syscalls.o
 .debug_macro   0x0000000000000000       0xd5 ./Src/syscalls.o
 .debug_macro   0x0000000000000000       0x1c ./Src/syscalls.o
 .debug_macro   0x0000000000000000       0x3d ./Src/syscalls.o
 .debug_macro   0x0000000000000000       0x35 ./Src/syscalls.o
 .debug_macro   0x0000000000000000      0x12c ./Src/syscalls.o
 .debug_macro   0x0000000000000000       0x16 ./Src/syscalls.o
 .debug_macro   0x0000000000000000       0x16 ./Src/syscalls.o
 .debug_macro   0x0000000000000000       0x29 ./Src/syscalls.o
 .debug_macro   0x0000000000000000       0x10 ./Src/syscalls.o
 .debug_macro   0x0000000000000000      0x241 ./Src/syscalls.o
 .debug_macro   0x0000000000000000       0x1c ./Src/syscalls.o
 .debug_macro   0x0000000000000000       0x10 ./Src/syscalls.o
 .debug_macro   0x0000000000000000       0x10 ./Src/syscalls.o
 .debug_macro   0x0000000000000000       0x16 ./Src/syscalls.o
 .debug_macro   0x0000000000000000      0x145 ./Src/syscalls.o
 .debug_macro   0x0000000000000000      0x189 ./Src/syscalls.o
 .debug_macro   0x0000000000000000       0x16 ./Src/syscalls.o
 .debug_macro   0x0000000000000000       0xce ./Src/syscalls.o
 .debug_line    0x0000000000000000      0x7fd ./Src/syscalls.o
 .debug_str     0x0000000000000000     0x8e7c ./Src/syscalls.o
 .comment       0x0000000000000000       0x54 ./Src/syscalls.o
 .debug_frame   0x0000000000000000      0x2ac ./Src/syscalls.o
 .ARM.attributes
                0x0000000000000000       0x2d ./Src/syscalls.o
 .group         0x0000000000000000        0xc ./Src/sysmem.o
 .group         0x0000000000000000        0xc ./Src/sysmem.o
 .group         0x0000000000000000        0xc ./Src/sysmem.o
 .group         0x0000000000000000        0xc ./Src/sysmem.o
 .group         0x0000000000000000        0xc ./Src/sysmem.o
 .group         0x0000000000000000        0xc ./Src/sysmem.o
 .group         0x0000000000000000        0xc ./Src/sysmem.o
 .group         0x0000000000000000        0xc ./Src/sysmem.o
 .group         0x0000000000000000        0xc ./Src/sysmem.o
 .group         0x0000000000000000        0xc ./Src/sysmem.o
 .group         0x0000000000000000        0xc ./Src/sysmem.o
 .group         0x0000000000000000        0xc ./Src/sysmem.o
 .group         0x0000000000000000        0xc ./Src/sysmem.o
 .group         0x0000000000000000        0xc ./Src/sysmem.o
 .group         0x0000000000000000        0xc ./Src/sysmem.o
 .group         0x0000000000000000        0xc ./Src/sysmem.o
 .group         0x0000000000000000        0xc ./Src/sysmem.o
 .group         0x0000000000000000        0xc ./Src/sysmem.o
 .group         0x0000000000000000        0xc ./Src/sysmem.o
 .group         0x0000000000000000        0xc ./Src/sysmem.o
 .group         0x0000000000000000        0xc ./Src/sysmem.o
 .group         0x0000000000000000        0xc ./Src/sysmem.o
 .text          0x0000000000000000        0x0 ./Src/sysmem.o
 .data          0x0000000000000000        0x0 ./Src/sysmem.o
 .bss           0x0000000000000000        0x0 ./Src/sysmem.o
 .bss.__sbrk_heap_end
                0x0000000000000000        0x4 ./Src/sysmem.o
 .text._sbrk    0x0000000000000000       0x6c ./Src/sysmem.o
 .debug_info    0x0000000000000000      0xa25 ./Src/sysmem.o
 .debug_abbrev  0x0000000000000000      0x1bf ./Src/sysmem.o
 .debug_aranges
                0x0000000000000000       0x20 ./Src/sysmem.o
 .debug_ranges  0x0000000000000000       0x10 ./Src/sysmem.o
 .debug_macro   0x0000000000000000       0xff ./Src/sysmem.o
 .debug_macro   0x0000000000000000      0xaa2 ./Src/sysmem.o
 .debug_macro   0x0000000000000000       0x10 ./Src/sysmem.o
 .debug_macro   0x0000000000000000       0x22 ./Src/sysmem.o
 .debug_macro   0x0000000000000000       0x4c ./Src/sysmem.o
 .debug_macro   0x0000000000000000       0x18 ./Src/sysmem.o
 .debug_macro   0x0000000000000000       0x94 ./Src/sysmem.o
 .debug_macro   0x0000000000000000       0x3c ./Src/sysmem.o
 .debug_macro   0x0000000000000000       0x34 ./Src/sysmem.o
 .debug_macro   0x0000000000000000      0x174 ./Src/sysmem.o
 .debug_macro   0x0000000000000000       0x16 ./Src/sysmem.o
 .debug_macro   0x0000000000000000       0x43 ./Src/sysmem.o
 .debug_macro   0x0000000000000000       0x57 ./Src/sysmem.o
 .debug_macro   0x0000000000000000       0x34 ./Src/sysmem.o
 .debug_macro   0x0000000000000000       0x10 ./Src/sysmem.o
 .debug_macro   0x0000000000000000       0x58 ./Src/sysmem.o
 .debug_macro   0x0000000000000000       0x71 ./Src/sysmem.o
 .debug_macro   0x0000000000000000       0x1c ./Src/sysmem.o
 .debug_macro   0x0000000000000000      0x12a ./Src/sysmem.o
 .debug_macro   0x0000000000000000      0x23b ./Src/sysmem.o
 .debug_macro   0x0000000000000000      0x103 ./Src/sysmem.o
 .debug_macro   0x0000000000000000       0x6a ./Src/sysmem.o
 .debug_macro   0x0000000000000000      0x1df ./Src/sysmem.o
 .debug_line    0x0000000000000000      0x4f3 ./Src/sysmem.o
 .debug_str     0x0000000000000000     0x624f ./Src/sysmem.o
 .comment       0x0000000000000000       0x54 ./Src/sysmem.o
 .debug_frame   0x0000000000000000       0x34 ./Src/sysmem.o
 .ARM.attributes
                0x0000000000000000       0x2d ./Src/sysmem.o
 .text          0x0000000000000000       0x14 ./Startup/startup_stm32f103c6tx.o
 .data          0x0000000000000000        0x0 ./Startup/startup_stm32f103c6tx.o
 .bss           0x0000000000000000        0x0 ./Startup/startup_stm32f103c6tx.o
 .text          0x0000000000000000        0x0 c:/st/stm32cubeide_1.8.0/stm32cubeide/plugins/com.st.stm32cube.ide.mcu.externaltools.gnu-tools-for-stm32.9-2020-q2-update.win32_2.0.0.202105311346/tools/bin/../lib/gcc/arm-none-eabi/9.3.1/../../../../arm-none-eabi/lib/thumb/v7-m/nofp\libc_nano.a(lib_a-errno.o)
 .data          0x0000000000000000        0x0 c:/st/stm32cubeide_1.8.0/stm32cubeide/plugins/com.st.stm32cube.ide.mcu.externaltools.gnu-tools-for-stm32.9-2020-q2-update.win32_2.0.0.202105311346/tools/bin/../lib/gcc/arm-none-eabi/9.3.1/../../../../arm-none-eabi/lib/thumb/v7-m/nofp\libc_nano.a(lib_a-errno.o)
 .bss           0x0000000000000000        0x0 c:/st/stm32cubeide_1.8.0/stm32cubeide/plugins/com.st.stm32cube.ide.mcu.externaltools.gnu-tools-for-stm32.9-2020-q2-update.win32_2.0.0.202105311346/tools/bin/../lib/gcc/arm-none-eabi/9.3.1/../../../../arm-none-eabi/lib/thumb/v7-m/nofp\libc_nano.a(lib_a-errno.o)
 .text.__errno  0x0000000000000000        0xc c:/st/stm32cubeide_1.8.0/stm32cubeide/plugins/com.st.stm32cube.ide.mcu.externaltools.gnu-tools-for-stm32.9-2020-q2-update.win32_2.0.0.202105311346/tools/bin/../lib/gcc/arm-none-eabi/9.3.1/../../../../arm-none-eabi/lib/thumb/v7-m/nofp\libc_nano.a(lib_a-errno.o)
 .debug_frame   0x0000000000000000       0x20 c:/st/stm32cubeide_1.8.0/stm32cubeide/plugins/com.st.stm32cube.ide.mcu.externaltools.gnu-tools-for-stm32.9-2020-q2-update.win32_2.0.0.202105311346/tools/bin/../lib/gcc/arm-none-eabi/9.3.1/../../../../arm-none-eabi/lib/thumb/v7-m/nofp\libc_nano.a(lib_a-errno.o)
 .ARM.attributes
                0x0000000000000000       0x2d c:/st/stm32cubeide_1.8.0/stm32cubeide/plugins/com.st.stm32cube.ide.mcu.externaltools.gnu-tools-for-stm32.9-2020-q2-update.win32_2.0.0.202105311346/tools/bin/../lib/gcc/arm-none-eabi/9.3.1/../../../../arm-none-eabi/lib/thumb/v7-m/nofp\libc_nano.a(lib_a-errno.o)
 .text          0x0000000000000000        0x0 c:/st/stm32cubeide_1.8.0/stm32cubeide/plugins/com.st.stm32cube.ide.mcu.externaltools.gnu-tools-for-stm32.9-2020-q2-update.win32_2.0.0.202105311346/tools/bin/../lib/gcc/arm-none-eabi/9.3.1/../../../../arm-none-eabi/lib/thumb/v7-m/nofp\libc_nano.a(lib_a-exit.o)
 .data          0x0000000000000000        0x0 c:/st/stm32cubeide_1.8.0/stm32cubeide/plugins/com.st.stm32cube.ide.mcu.externaltools.gnu-tools-for-stm32.9-2020-q2-update.win32_2.0.0.202105311346/tools/bin/../lib/gcc/arm-none-eabi/9.3.1/../../../../arm-none-eabi/lib/thumb/v7-m/nofp\libc_nano.a(lib_a-exit.o)
 .bss           0x0000000000000000        0x0 c:/st/stm32cubeide_1.8.0/stm32cubeide/plugins/com.st.stm32cube.ide.mcu.externaltools.gnu-tools-for-stm32.9-2020-q2-update.win32_2.0.0.202105311346/tools/bin/../lib/gcc/arm-none-eabi/9.3.1/../../../../arm-none-eabi/lib/thumb/v7-m/nofp\libc_nano.a(lib_a-exit.o)
 .text.exit     0x0000000000000000       0x28 c:/st/stm32cubeide_1.8.0/stm32cubeide/plugins/com.st.stm32cube.ide.mcu.externaltools.gnu-tools-for-stm32.9-2020-q2-update.win32_2.0.0.202105311346/tools/bin/../lib/gcc/arm-none-eabi/9.3.1/../../../../arm-none-eabi/lib/thumb/v7-m/nofp\libc_nano.a(lib_a-exit.o)
 .debug_frame   0x0000000000000000       0x28 c:/st/stm32cubeide_1.8.0/stm32cubeide/plugins/com.st.stm32cube.ide.mcu.externaltools.gnu-tools-for-stm32.9-2020-q2-update.win32_2.0.0.202105311346/tools/bin/../lib/gcc/arm-none-eabi/9.3.1/../../../../arm-none-eabi/lib/thumb/v7-m/nofp\libc_nano.a(lib_a-exit.o)
 .ARM.attributes
                0x0000000000000000       0x2d c:/st/stm32cubeide_1.8.0/stm32cubeide/plugins/com.st.stm32cube.ide.mcu.externaltools.gnu-tools-for-stm32.9-2020-q2-update.win32_2.0.0.202105311346/tools/bin/../lib/gcc/arm-none-eabi/9.3.1/../../../../arm-none-eabi/lib/thumb/v7-m/nofp\libc_nano.a(lib_a-exit.o)
 .text          0x0000000000000000        0x0 c:/st/stm32cubeide_1.8.0/stm32cubeide/plugins/com.st.stm32cube.ide.mcu.externaltools.gnu-tools-for-stm32.9-2020-q2-update.win32_2.0.0.202105311346/tools/bin/../lib/gcc/arm-none-eabi/9.3.1/../../../../arm-none-eabi/lib/thumb/v7-m/nofp\libc_nano.a(lib_a-impure.o)
 .data          0x0000000000000000        0x0 c:/st/stm32cubeide_1.8.0/stm32cubeide/plugins/com.st.stm32cube.ide.mcu.externaltools.gnu-tools-for-stm32.9-2020-q2-update.win32_2.0.0.202105311346/tools/bin/../lib/gcc/arm-none-eabi/9.3.1/../../../../arm-none-eabi/lib/thumb/v7-m/nofp\libc_nano.a(lib_a-impure.o)
 .bss           0x0000000000000000        0x0 c:/st/stm32cubeide_1.8.0/stm32cubeide/plugins/com.st.stm32cube.ide.mcu.externaltools.gnu-tools-for-stm32.9-2020-q2-update.win32_2.0.0.202105311346/tools/bin/../lib/gcc/arm-none-eabi/9.3.1/../../../../arm-none-eabi/lib/thumb/v7-m/nofp\libc_nano.a(lib_a-impure.o)
 .data._impure_ptr
                0x0000000000000000        0x4 c:/st/stm32cubeide_1.8.0/stm32cubeide/plugins/com.st.stm32cube.ide.mcu.externaltools.gnu-tools-for-stm32.9-2020-q2-update.win32_2.0.0.202105311346/tools/bin/../lib/gcc/arm-none-eabi/9.3.1/../../../../arm-none-eabi/lib/thumb/v7-m/nofp\libc_nano.a(lib_a-impure.o)
 .data.impure_data
                0x0000000000000000       0x60 c:/st/stm32cubeide_1.8.0/stm32cubeide/plugins/com.st.stm32cube.ide.mcu.externaltools.gnu-tools-for-stm32.9-2020-q2-update.win32_2.0.0.202105311346/tools/bin/../lib/gcc/arm-none-eabi/9.3.1/../../../../arm-none-eabi/lib/thumb/v7-m/nofp\libc_nano.a(lib_a-impure.o)
 .rodata._global_impure_ptr
                0x0000000000000000        0x4 c:/st/stm32cubeide_1.8.0/stm32cubeide/plugins/com.st.stm32cube.ide.mcu.externaltools.gnu-tools-for-stm32.9-2020-q2-update.win32_2.0.0.202105311346/tools/bin/../lib/gcc/arm-none-eabi/9.3.1/../../../../arm-none-eabi/lib/thumb/v7-m/nofp\libc_nano.a(lib_a-impure.o)
 .ARM.attributes
                0x0000000000000000       0x2d c:/st/stm32cubeide_1.8.0/stm32cubeide/plugins/com.st.stm32cube.ide.mcu.externaltools.gnu-tools-for-stm32.9-2020-q2-update.win32_2.0.0.202105311346/tools/bin/../lib/gcc/arm-none-eabi/9.3.1/../../../../arm-none-eabi/lib/thumb/v7-m/nofp\libc_nano.a(lib_a-impure.o)
 .text          0x0000000000000000        0x0 c:/st/stm32cubeide_1.8.0/stm32cubeide/plugins/com.st.stm32cube.ide.mcu.externaltools.gnu-tools-for-stm32.9-2020-q2-update.win32_2.0.0.202105311346/tools/bin/../lib/gcc/arm-none-eabi/9.3.1/../../../../arm-none-eabi/lib/thumb/v7-m/nofp\libc_nano.a(lib_a-init.o)
 .data          0x0000000000000000        0x0 c:/st/stm32cubeide_1.8.0/stm32cubeide/plugins/com.st.stm32cube.ide.mcu.externaltools.gnu-tools-for-stm32.9-2020-q2-update.win32_2.0.0.202105311346/tools/bin/../lib/gcc/arm-none-eabi/9.3.1/../../../../arm-none-eabi/lib/thumb/v7-m/nofp\libc_nano.a(lib_a-init.o)
 .bss           0x0000000000000000        0x0 c:/st/stm32cubeide_1.8.0/stm32cubeide/plugins/com.st.stm32cube.ide.mcu.externaltools.gnu-tools-for-stm32.9-2020-q2-update.win32_2.0.0.202105311346/tools/bin/../lib/gcc/arm-none-eabi/9.3.1/../../../../arm-none-eabi/lib/thumb/v7-m/nofp\libc_nano.a(lib_a-init.o)
 .text          0x0000000000000000        0x0 c:/st/stm32cubeide_1.8.0/stm32cubeide/plugins/com.st.stm32cube.ide.mcu.externaltools.gnu-tools-for-stm32.9-2020-q2-update.win32_2.0.0.202105311346/tools/bin/../lib/gcc/arm-none-eabi/9.3.1/../../../../arm-none-eabi/lib/thumb/v7-m/nofp\libc_nano.a(lib_a-memset.o)
 .data          0x0000000000000000        0x0 c:/st/stm32cubeide_1.8.0/stm32cubeide/plugins/com.st.stm32cube.ide.mcu.externaltools.gnu-tools-for-stm32.9-2020-q2-update.win32_2.0.0.202105311346/tools/bin/../lib/gcc/arm-none-eabi/9.3.1/../../../../arm-none-eabi/lib/thumb/v7-m/nofp\libc_nano.a(lib_a-memset.o)
 .bss           0x0000000000000000        0x0 c:/st/stm32cubeide_1.8.0/stm32cubeide/plugins/com.st.stm32cube.ide.mcu.externaltools.gnu-tools-for-stm32.9-2020-q2-update.win32_2.0.0.202105311346/tools/bin/../lib/gcc/arm-none-eabi/9.3.1/../../../../arm-none-eabi/lib/thumb/v7-m/nofp\libc_nano.a(lib_a-memset.o)
 .text.memset   0x0000000000000000       0x10 c:/st/stm32cubeide_1.8.0/stm32cubeide/plugins/com.st.stm32cube.ide.mcu.externaltools.gnu-tools-for-stm32.9-2020-q2-update.win32_2.0.0.202105311346/tools/bin/../lib/gcc/arm-none-eabi/9.3.1/../../../../arm-none-eabi/lib/thumb/v7-m/nofp\libc_nano.a(lib_a-memset.o)
 .debug_frame   0x0000000000000000       0x20 c:/st/stm32cubeide_1.8.0/stm32cubeide/plugins/com.st.stm32cube.ide.mcu.externaltools.gnu-tools-for-stm32.9-2020-q2-update.win32_2.0.0.202105311346/tools/bin/../lib/gcc/arm-none-eabi/9.3.1/../../../../arm-none-eabi/lib/thumb/v7-m/nofp\libc_nano.a(lib_a-memset.o)
 .ARM.attributes
                0x0000000000000000       0x2d c:/st/stm32cubeide_1.8.0/stm32cubeide/plugins/com.st.stm32cube.ide.mcu.externaltools.gnu-tools-for-stm32.9-2020-q2-update.win32_2.0.0.202105311346/tools/bin/../lib/gcc/arm-none-eabi/9.3.1/../../../../arm-none-eabi/lib/thumb/v7-m/nofp\libc_nano.a(lib_a-memset.o)
 .text          0x0000000000000000      0x254 c:/st/stm32cubeide_1.8.0/stm32cubeide/plugins/com.st.stm32cube.ide.mcu.externaltools.gnu-tools-for-stm32.9-2020-q2-update.win32_2.0.0.202105311346/tools/bin/../lib/gcc/arm-none-eabi/9.3.1/thumb/v7-m/nofp\libgcc.a(_arm_muldf3.o)
 .data          0x0000000000000000        0x0 c:/st/stm32cubeide_1.8.0/stm32cubeide/plugins/com.st.stm32cube.ide.mcu.externaltools.gnu-tools-for-stm32.9-2020-q2-update.win32_2.0.0.202105311346/tools/bin/../lib/gcc/arm-none-eabi/9.3.1/thumb/v7-m/nofp\libgcc.a(_arm_muldf3.o)
 .bss           0x0000000000000000        0x0 c:/st/stm32cubeide_1.8.0/stm32cubeide/plugins/com.st.stm32cube.ide.mcu.externaltools.gnu-tools-for-stm32.9-2020-q2-update.win32_2.0.0.202105311346/tools/bin/../lib/gcc/arm-none-eabi/9.3.1/thumb/v7-m/nofp\libgcc.a(_arm_muldf3.o)
 .debug_frame   0x0000000000000000       0x30 c:/st/stm32cubeide_1.8.0/stm32cubeide/plugins/com.st.stm32cube.ide.mcu.externaltools.gnu-tools-for-stm32.9-2020-q2-update.win32_2.0.0.202105311346/tools/bin/../lib/gcc/arm-none-eabi/9.3.1/thumb/v7-m/nofp\libgcc.a(_arm_muldf3.o)
 .ARM.attributes
                0x0000000000000000       0x1d c:/st/stm32cubeide_1.8.0/stm32cubeide/plugins/com.st.stm32cube.ide.mcu.externaltools.gnu-tools-for-stm32.9-2020-q2-update.win32_2.0.0.202105311346/tools/bin/../lib/gcc/arm-none-eabi/9.3.1/thumb/v7-m/nofp\libgcc.a(_arm_muldf3.o)
 .data          0x0000000000000000        0x0 c:/st/stm32cubeide_1.8.0/stm32cubeide/plugins/com.st.stm32cube.ide.mcu.externaltools.gnu-tools-for-stm32.9-2020-q2-update.win32_2.0.0.202105311346/tools/bin/../lib/gcc/arm-none-eabi/9.3.1/thumb/v7-m/nofp\libgcc.a(_arm_addsubdf3.o)
 .bss           0x0000000000000000        0x0 c:/st/stm32cubeide_1.8.0/stm32cubeide/plugins/com.st.stm32cube.ide.mcu.externaltools.gnu-tools-for-stm32.9-2020-q2-update.win32_2.0.0.202105311346/tools/bin/../lib/gcc/arm-none-eabi/9.3.1/thumb/v7-m/nofp\libgcc.a(_arm_addsubdf3.o)
 .data          0x0000000000000000        0x0 c:/st/stm32cubeide_1.8.0/stm32cubeide/plugins/com.st.stm32cube.ide.mcu.externaltools.gnu-tools-for-stm32.9-2020-q2-update.win32_2.0.0.202105311346/tools/bin/../lib/gcc/arm-none-eabi/9.3.1/thumb/v7-m/nofp\libgcc.a(_arm_muldivdf3.o)
 .bss           0x0000000000000000        0x0 c:/st/stm32cubeide_1.8.0/stm32cubeide/plugins/com.st.stm32cube.ide.mcu.externaltools.gnu-tools-for-stm32.9-2020-q2-update.win32_2.0.0.202105311346/tools/bin/../lib/gcc/arm-none-eabi/9.3.1/thumb/v7-m/nofp\libgcc.a(_arm_muldivdf3.o)
 .data          0x0000000000000000        0x0 c:/st/stm32cubeide_1.8.0/stm32cubeide/plugins/com.st.stm32cube.ide.mcu.externaltools.gnu-tools-for-stm32.9-2020-q2-update.win32_2.0.0.202105311346/tools/bin/../lib/gcc/arm-none-eabi/9.3.1/thumb/v7-m/nofp\libgcc.a(_arm_cmpdf2.o)
 .bss           0x0000000000000000        0x0 c:/st/stm32cubeide_1.8.0/stm32cubeide/plugins/com.st.stm32cube.ide.mcu.externaltools.gnu-tools-for-stm32.9-2020-q2-update.win32_2.0.0.202105311346/tools/bin/../lib/gcc/arm-none-eabi/9.3.1/thumb/v7-m/nofp\libgcc.a(_arm_cmpdf2.o)
 .data          0x0000000000000000        0x0 c:/st/stm32cubeide_1.8.0/stm32cubeide/plugins/com.st.stm32cube.ide.mcu.externaltools.gnu-tools-for-stm32.9-2020-q2-update.win32_2.0.0.202105311346/tools/bin/../lib/gcc/arm-none-eabi/9.3.1/thumb/v7-m/nofp\libgcc.a(_arm_fixunsdfsi.o)
 .bss           0x0000000000000000        0x0 c:/st/stm32cubeide_1.8.0/stm32cubeide/plugins/com.st.stm32cube.ide.mcu.externaltools.gnu-tools-for-stm32.9-2020-q2-update.win32_2.0.0.202105311346/tools/bin/../lib/gcc/arm-none-eabi/9.3.1/thumb/v7-m/nofp\libgcc.a(_arm_fixunsdfsi.o)
 .text          0x0000000000000000        0x0 c:/st/stm32cubeide_1.8.0/stm32cubeide/plugins/com.st.stm32cube.ide.mcu.externaltools.gnu-tools-for-stm32.9-2020-q2-update.win32_2.0.0.202105311346/tools/bin/../lib/gcc/arm-none-eabi/9.3.1/thumb/v7-m/nofp/crtend.o
 .data          0x0000000000000000        0x0 c:/st/stm32cubeide_1.8.0/stm32cubeide/plugins/com.st.stm32cube.ide.mcu.externaltools.gnu-tools-for-stm32.9-2020-q2-update.win32_2.0.0.202105311346/tools/bin/../lib/gcc/arm-none-eabi/9.3.1/thumb/v7-m/nofp/crtend.o
 .bss           0x0000000000000000        0x0 c:/st/stm32cubeide_1.8.0/stm32cubeide/plugins/com.st.stm32cube.ide.mcu.externaltools.gnu-tools-for-stm32.9-2020-q2-update.win32_2.0.0.202105311346/tools/bin/../lib/gcc/arm-none-eabi/9.3.1/thumb/v7-m/nofp/crtend.o
 .eh_frame      0x0000000000000000        0x4 c:/st/stm32cubeide_1.8.0/stm32cubeide/plugins/com.st.stm32cube.ide.mcu.externaltools.gnu-tools-for-stm32.9-2020-q2-update.win32_2.0.0.202105311346/tools/bin/../lib/gcc/arm-none-eabi/9.3.1/thumb/v7-m/nofp/crtend.o
 .ARM.attributes
                0x0000000000000000       0x2d c:/st/stm32cubeide_1.8.0/stm32cubeide/plugins/com.st.stm32cube.ide.mcu.externaltools.gnu-tools-for-stm32.9-2020-q2-update.win32_2.0.0.202105311346/tools/bin/../lib/gcc/arm-none-eabi/9.3.1/thumb/v7-m/nofp/crtend.o
 .text          0x0000000000000000        0x0 c:/st/stm32cubeide_1.8.0/stm32cubeide/plugins/com.st.stm32cube.ide.mcu.externaltools.gnu-tools-for-stm32.9-2020-q2-update.win32_2.0.0.202105311346/tools/bin/../lib/gcc/arm-none-eabi/9.3.1/thumb/v7-m/nofp/crtn.o
 .data          0x0000000000000000        0x0 c:/st/stm32cubeide_1.8.0/stm32cubeide/plugins/com.st.stm32cube.ide.mcu.externaltools.gnu-tools-for-stm32.9-2020-q2-update.win32_2.0.0.202105311346/tools/bin/../lib/gcc/arm-none-eabi/9.3.1/thumb/v7-m/nofp/crtn.o
 .bss           0x0000000000000000        0x0 c:/st/stm32cubeide_1.8.0/stm32cubeide/plugins/com.st.stm32cube.ide.mcu.externaltools.gnu-tools-for-stm32.9-2020-q2-update.win32_2.0.0.202105311346/tools/bin/../lib/gcc/arm-none-eabi/9.3.1/thumb/v7-m/nofp/crtn.o

Memory Configuration

Name             Origin             Length             Attributes
RAM              0x0000000020000000 0x0000000000002800 xrw
FLASH            0x0000000008000000 0x0000000000008000 xr
*default*        0x0000000000000000 0xffffffffffffffff

Linker script and memory map

LOAD c:/st/stm32cubeide_1.8.0/stm32cubeide/plugins/com.st.stm32cube.ide.mcu.externaltools.gnu-tools-for-stm32.9-2020-q2-update.win32_2.0.0.202105311346/tools/bin/../lib/gcc/arm-none-eabi/9.3.1/thumb/v7-m/nofp/crti.o
LOAD c:/st/stm32cubeide_1.8.0/stm32cubeide/plugins/com.st.stm32cube.ide.mcu.externaltools.gnu-tools-for-stm32.9-2020-q2-update.win32_2.0.0.202105311346/tools/bin/../lib/gcc/arm-none-eabi/9.3.1/thumb/v7-m/nofp/crtbegin.o
LOAD c:/st/stm32cubeide_1.8.0/stm32cubeide/plugins/com.st.stm32cube.ide.mcu.externaltools.gnu-tools-for-stm32.9-2020-q2-update.win32_2.0.0.202105311346/tools/bin/../lib/gcc/arm-none-eabi/9.3.1/../../../../arm-none-eabi/lib/thumb/v7-m/nofp/crt0.o
LOAD ./Inc/gpio.o
LOAD ./Inc/interrupt_PA0.o
LOAD ./Inc/string_func.o
LOAD ./Inc/system_clock.o
LOAD ./Inc/systick_delay.o
LOAD ./Inc/systick_interrupt.o
LOAD ./Inc/usart.o
LOAD ./Inc/usart_rx_interrupt.o
LOAD ./Src/main.o
LOAD ./Src/syscalls.o
LOAD ./Src/sysmem.o
LOAD ./Startup/startup_stm32f103c6tx.o
START GROUP
LOAD c:/st/stm32cubeide_1.8.0/stm32cubeide/plugins/com.st.stm32cube.ide.mcu.externaltools.gnu-tools-for-stm32.9-2020-q2-update.win32_2.0.0.202105311346/tools/bin/../lib/gcc/arm-none-eabi/9.3.1/../../../../arm-none-eabi/lib/thumb/v7-m/nofp\libc_nano.a
LOAD c:/st/stm32cubeide_1.8.0/stm32cubeide/plugins/com.st.stm32cube.ide.mcu.externaltools.gnu-tools-for-stm32.9-2020-q2-update.win32_2.0.0.202105311346/tools/bin/../lib/gcc/arm-none-eabi/9.3.1/../../../../arm-none-eabi/lib/thumb/v7-m/nofp\libm.a
END GROUP
START GROUP
LOAD c:/st/stm32cubeide_1.8.0/stm32cubeide/plugins/com.st.stm32cube.ide.mcu.externaltools.gnu-tools-for-stm32.9-2020-q2-update.win32_2.0.0.202105311346/tools/bin/../lib/gcc/arm-none-eabi/9.3.1/thumb/v7-m/nofp\libgcc.a
LOAD c:/st/stm32cubeide_1.8.0/stm32cubeide/plugins/com.st.stm32cube.ide.mcu.externaltools.gnu-tools-for-stm32.9-2020-q2-update.win32_2.0.0.202105311346/tools/bin/../lib/gcc/arm-none-eabi/9.3.1/../../../../arm-none-eabi/lib/thumb/v7-m/nofp\libc_nano.a
END GROUP
START GROUP
LOAD c:/st/stm32cubeide_1.8.0/stm32cubeide/plugins/com.st.stm32cube.ide.mcu.externaltools.gnu-tools-for-stm32.9-2020-q2-update.win32_2.0.0.202105311346/tools/bin/../lib/gcc/arm-none-eabi/9.3.1/thumb/v7-m/nofp\libgcc.a
LOAD c:/st/stm32cubeide_1.8.0/stm32cubeide/plugins/com.st.stm32cube.ide.mcu.externaltools.gnu-tools-for-stm32.9-2020-q2-update.win32_2.0.0.202105311346/tools/bin/../lib/gcc/arm-none-eabi/9.3.1/../../../../arm-none-eabi/lib/thumb/v7-m/nofp\libc_nano.a
LOAD c:/st/stm32cubeide_1.8.0/stm32cubeide/plugins/com.st.stm32cube.ide.mcu.externaltools.gnu-tools-for-stm32.9-2020-q2-update.win32_2.0.0.202105311346/tools/bin/../lib/gcc/arm-none-eabi/9.3.1/../../../../arm-none-eabi/lib/thumb/v7-m/nofp\libnosys.a
END GROUP
START GROUP
LOAD c:/st/stm32cubeide_1.8.0/stm32cubeide/plugins/com.st.stm32cube.ide.mcu.externaltools.gnu-tools-for-stm32.9-2020-q2-update.win32_2.0.0.202105311346/tools/bin/../lib/gcc/arm-none-eabi/9.3.1/thumb/v7-m/nofp\libgcc.a
LOAD c:/st/stm32cubeide_1.8.0/stm32cubeide/plugins/com.st.stm32cube.ide.mcu.externaltools.gnu-tools-for-stm32.9-2020-q2-update.win32_2.0.0.202105311346/tools/bin/../lib/gcc/arm-none-eabi/9.3.1/../../../../arm-none-eabi/lib/thumb/v7-m/nofp\libc_nano.a
LOAD c:/st/stm32cubeide_1.8.0/stm32cubeide/plugins/com.st.stm32cube.ide.mcu.externaltools.gnu-tools-for-stm32.9-2020-q2-update.win32_2.0.0.202105311346/tools/bin/../lib/gcc/arm-none-eabi/9.3.1/../../../../arm-none-eabi/lib/thumb/v7-m/nofp\libnosys.a
END GROUP
LOAD c:/st/stm32cubeide_1.8.0/stm32cubeide/plugins/com.st.stm32cube.ide.mcu.externaltools.gnu-tools-for-stm32.9-2020-q2-update.win32_2.0.0.202105311346/tools/bin/../lib/gcc/arm-none-eabi/9.3.1/thumb/v7-m/nofp/crtend.o
LOAD c:/st/stm32cubeide_1.8.0/stm32cubeide/plugins/com.st.stm32cube.ide.mcu.externaltools.gnu-tools-for-stm32.9-2020-q2-update.win32_2.0.0.202105311346/tools/bin/../lib/gcc/arm-none-eabi/9.3.1/thumb/v7-m/nofp/crtn.o
                0x0000000020002800                _estack = (ORIGIN (RAM) + LENGTH (RAM))
                0x0000000000000200                _Min_Heap_Size = 0x200
                0x0000000000000400                _Min_Stack_Size = 0x400

.isr_vector     0x0000000008000000      0x130
                0x0000000008000000                . = ALIGN (0x4)
 *(.isr_vector)
 .isr_vector    0x0000000008000000      0x130 ./Startup/startup_stm32f103c6tx.o
                0x0000000008000000                g_pfnVectors
                0x0000000008000130                . = ALIGN (0x4)

.text           0x0000000008000130     0x1148
                0x0000000008000130                . = ALIGN (0x4)
 *(.text)
 .text          0x0000000008000130       0x40 c:/st/stm32cubeide_1.8.0/stm32cubeide/plugins/com.st.stm32cube.ide.mcu.externaltools.gnu-tools-for-stm32.9-2020-q2-update.win32_2.0.0.202105311346/tools/bin/../lib/gcc/arm-none-eabi/9.3.1/thumb/v7-m/nofp/crtbegin.o
 .text          0x0000000008000170      0x378 c:/st/stm32cubeide_1.8.0/stm32cubeide/plugins/com.st.stm32cube.ide.mcu.externaltools.gnu-tools-for-stm32.9-2020-q2-update.win32_2.0.0.202105311346/tools/bin/../lib/gcc/arm-none-eabi/9.3.1/thumb/v7-m/nofp\libgcc.a(_arm_addsubdf3.o)
                0x0000000008000170                __aeabi_drsub
                0x0000000008000178                __aeabi_dsub
                0x0000000008000178                __subdf3
                0x000000000800017c                __aeabi_dadd
                0x000000000800017c                __adddf3
                0x00000000080003f4                __floatunsidf
                0x00000000080003f4                __aeabi_ui2d
                0x0000000008000414                __floatsidf
                0x0000000008000414                __aeabi_i2d
                0x0000000008000438                __aeabi_f2d
                0x0000000008000438                __extendsfdf2
                0x000000000800047c                __floatundidf
                0x000000000800047c                __aeabi_ul2d
                0x000000000800048c                __floatdidf
                0x000000000800048c                __aeabi_l2d
 .text          0x00000000080004e8      0x424 c:/st/stm32cubeide_1.8.0/stm32cubeide/plugins/com.st.stm32cube.ide.mcu.externaltools.gnu-tools-for-stm32.9-2020-q2-update.win32_2.0.0.202105311346/tools/bin/../lib/gcc/arm-none-eabi/9.3.1/thumb/v7-m/nofp\libgcc.a(_arm_muldivdf3.o)
                0x00000000080004e8                __aeabi_dmul
                0x00000000080004e8                __muldf3
                0x000000000800073c                __divdf3
                0x000000000800073c                __aeabi_ddiv
 .text          0x000000000800090c      0x110 c:/st/stm32cubeide_1.8.0/stm32cubeide/plugins/com.st.stm32cube.ide.mcu.externaltools.gnu-tools-for-stm32.9-2020-q2-update.win32_2.0.0.202105311346/tools/bin/../lib/gcc/arm-none-eabi/9.3.1/thumb/v7-m/nofp\libgcc.a(_arm_cmpdf2.o)
                0x000000000800090c                __gtdf2
                0x000000000800090c                __gedf2
                0x0000000008000914                __ltdf2
                0x0000000008000914                __ledf2
                0x000000000800091c                __nedf2
                0x000000000800091c                __eqdf2
                0x000000000800091c                __cmpdf2
                0x0000000008000998                __aeabi_cdrcmple
                0x00000000080009a8                __aeabi_cdcmpeq
                0x00000000080009a8                __aeabi_cdcmple
                0x00000000080009b8                __aeabi_dcmpeq
                0x00000000080009cc                __aeabi_dcmplt
                0x00000000080009e0                __aeabi_dcmple
                0x00000000080009f4                __aeabi_dcmpge
                0x0000000008000a08                __aeabi_dcmpgt
 .text          0x0000000008000a1c       0x40 c:/st/stm32cubeide_1.8.0/stm32cubeide/plugins/com.st.stm32cube.ide.mcu.externaltools.gnu-tools-for-stm32.9-2020-q2-update.win32_2.0.0.202105311346/tools/bin/../lib/gcc/arm-none-eabi/9.3.1/thumb/v7-m/nofp\libgcc.a(_arm_fixunsdfsi.o)
                0x0000000008000a1c                __aeabi_d2uiz
                0x0000000008000a1c                __fixunsdfsi
 *(.text*)
 .text.init_GP  0x0000000008000a5c       0xe0 ./Inc/gpio.o
                0x0000000008000a5c                init_GP
 .text.W_GP     0x0000000008000b3c       0x8e ./Inc/gpio.o
                0x0000000008000b3c                W_GP
 *fill*         0x0000000008000bca        0x2 
 .text.EXTI0_IRQHandler
                0x0000000008000bcc       0x20 ./Inc/interrupt_PA0.o
                0x0000000008000bcc                EXTI0_IRQHandler
 .text.config_clock
                0x0000000008000bec       0x90 ./Inc/system_clock.o
                0x0000000008000bec                config_clock
 .text.delay_us
                0x0000000008000c7c       0x2c ./Inc/system_clock.o
                0x0000000008000c7c                delay_us
 .text.delay_ms
                0x0000000008000ca8       0x30 ./Inc/system_clock.o
                0x0000000008000ca8                delay_ms
 .text.systick_interrupt_time_usart
                0x0000000008000cd8       0x48 ./Inc/systick_interrupt.o
                0x0000000008000cd8                systick_interrupt_time_usart
 .text.init_usart
                0x0000000008000d20       0xe4 ./Inc/usart.o
                0x0000000008000d20                init_usart
 *fill*         0x0000000008000e04        0x4 
 .text.usartdiv_baudrate
                0x0000000008000e08      0x10c ./Inc/usart.o
                0x0000000008000e08                usartdiv_baudrate
 .text.usart_send_char
                0x0000000008000f14       0x58 ./Inc/usart.o
                0x0000000008000f14                usart_send_char
 .text.usart_get_char
                0x0000000008000f6c       0x54 ./Inc/usart.o
                0x0000000008000f6c                usart_get_char
 .text.usart_send_string
                0x0000000008000fc0       0x2a ./Inc/usart.o
                0x0000000008000fc0                usart_send_string
 *fill*         0x0000000008000fea        0x2 
 .text.__NVIC_EnableIRQ
                0x0000000008000fec       0x38 ./Inc/usart_rx_interrupt.o
 .text.init_usart_rx_interrupt
                0x0000000008001024       0x5c ./Inc/usart_rx_interrupt.o
                0x0000000008001024                init_usart_rx_interrupt
 .text.usart_get_string_isr
                0x0000000008001080       0xcc ./Inc/usart_rx_interrupt.o
                0x0000000008001080                usart_get_string_isr
 .text.main     0x000000000800114c       0x4c ./Src/main.o
                0x000000000800114c                main
 .text.USART1_IRQHandler
                0x0000000008001198       0x18 ./Src/main.o
                0x0000000008001198                USART1_IRQHandler
 .text.SysTick_Handler
                0x00000000080011b0       0x14 ./Src/main.o
                0x00000000080011b0                SysTick_Handler
 .text.Reset_Handler
                0x00000000080011c4       0x50 ./Startup/startup_stm32f103c6tx.o
                0x00000000080011c4                Reset_Handler
 .text.Default_Handler
                0x0000000008001214        0x2 ./Startup/startup_stm32f103c6tx.o
                0x0000000008001214                EXTI2_IRQHandler
                0x0000000008001214                TIM8_TRG_COM_IRQHandler
                0x0000000008001214                TIM8_CC_IRQHandler
                0x0000000008001214                DebugMon_Handler
                0x0000000008001214                TIM1_CC_IRQHandler
                0x0000000008001214                HardFault_Handler
                0x0000000008001214                TIM6_IRQHandler
                0x0000000008001214                PVD_IRQHandler
                0x0000000008001214                SDIO_IRQHandler
                0x0000000008001214                PendSV_Handler
                0x0000000008001214                NMI_Handler
                0x0000000008001214                EXTI3_IRQHandler
                0x0000000008001214                USB_HP_CAN_TX_IRQHandler
                0x0000000008001214                I2C2_EV_IRQHandler
                0x0000000008001214                UsageFault_Handler
                0x0000000008001214                ADC1_2_IRQHandler
                0x0000000008001214                SPI1_IRQHandler
                0x0000000008001214                CAN_SCE_IRQHandler
                0x0000000008001214                TAMPER_IRQHandler
                0x0000000008001214                TIM8_UP_IRQHandler
                0x0000000008001214                DMA2_Channel2_IRQHandler
                0x0000000008001214                DMA1_Channel4_IRQHandler
                0x0000000008001214                USART3_IRQHandler
                0x0000000008001214                RTC_IRQHandler
                0x0000000008001214                DMA1_Channel7_IRQHandler
                0x0000000008001214                UART5_IRQHandler
                0x0000000008001214                ADC3_IRQHandler
                0x0000000008001214                TIM4_IRQHandler
                0x0000000008001214                CAN_RX1_IRQHandler
                0x0000000008001214                DMA2_Channel1_IRQHandler
                0x0000000008001214                I2C1_EV_IRQHandler
                0x0000000008001214                DMA1_Channel6_IRQHandler
                0x0000000008001214                UART4_IRQHandler
                0x0000000008001214                TIM3_IRQHandler
                0x0000000008001214                RCC_IRQHandler
                0x0000000008001214                TIM1_TRG_COM_IRQHandler
                0x0000000008001214                DMA1_Channel1_IRQHandler
                0x0000000008001214                Default_Handler
                0x0000000008001214                EXTI15_10_IRQHandler
                0x0000000008001214                TIM7_IRQHandler
                0x0000000008001214                TIM5_IRQHandler
                0x0000000008001214                EXTI9_5_IRQHandler
                0x0000000008001214                SPI2_IRQHandler
                0x0000000008001214                USB_LP_CAN_RX0_IRQHandler
                0x0000000008001214                MemManage_Handler
                0x0000000008001214                SVC_Handler
                0x0000000008001214                DMA1_Channel5_IRQHandler
                0x0000000008001214                EXTI4_IRQHandler
                0x0000000008001214                DMA1_Channel3_IRQHandler
                0x0000000008001214                FSMC_IRQHandler
                0x0000000008001214                TIM1_UP_IRQHandler
                0x0000000008001214                WWDG_IRQHandler
                0x0000000008001214                TIM2_IRQHandler
                0x0000000008001214                TIM1_BRK_IRQHandler
                0x0000000008001214                EXTI1_IRQHandler
                0x0000000008001214                RTCAlarm_IRQHandler
                0x0000000008001214                DMA2_Channel4_5_IRQHandler
                0x0000000008001214                USART2_IRQHandler
                0x0000000008001214                I2C2_ER_IRQHandler
                0x0000000008001214                DMA1_Channel2_IRQHandler
                0x0000000008001214                TIM8_BRK_IRQHandler
                0x0000000008001214                FLASH_IRQHandler
                0x0000000008001214                BusFault_Handler
                0x0000000008001214                SPI3_IRQHandler
                0x0000000008001214                I2C1_ER_IRQHandler
                0x0000000008001214                DMA2_Channel3_IRQHandler
 *fill*         0x0000000008001216        0x2 
 .text.__libc_init_array
                0x0000000008001218       0x48 c:/st/stm32cubeide_1.8.0/stm32cubeide/plugins/com.st.stm32cube.ide.mcu.externaltools.gnu-tools-for-stm32.9-2020-q2-update.win32_2.0.0.202105311346/tools/bin/../lib/gcc/arm-none-eabi/9.3.1/../../../../arm-none-eabi/lib/thumb/v7-m/nofp\libc_nano.a(lib_a-init.o)
                0x0000000008001218                __libc_init_array
 *(.glue_7)
 .glue_7        0x0000000008001260        0x0 linker stubs
 *(.glue_7t)
 .glue_7t       0x0000000008001260        0x0 linker stubs
 *(.eh_frame)
 .eh_frame      0x0000000008001260        0x0 c:/st/stm32cubeide_1.8.0/stm32cubeide/plugins/com.st.stm32cube.ide.mcu.externaltools.gnu-tools-for-stm32.9-2020-q2-update.win32_2.0.0.202105311346/tools/bin/../lib/gcc/arm-none-eabi/9.3.1/thumb/v7-m/nofp/crtbegin.o
 *(.init)
 .init          0x0000000008001260        0x4 c:/st/stm32cubeide_1.8.0/stm32cubeide/plugins/com.st.stm32cube.ide.mcu.externaltools.gnu-tools-for-stm32.9-2020-q2-update.win32_2.0.0.202105311346/tools/bin/../lib/gcc/arm-none-eabi/9.3.1/thumb/v7-m/nofp/crti.o
                0x0000000008001260                _init
 .init          0x0000000008001264        0x8 c:/st/stm32cubeide_1.8.0/stm32cubeide/plugins/com.st.stm32cube.ide.mcu.externaltools.gnu-tools-for-stm32.9-2020-q2-update.win32_2.0.0.202105311346/tools/bin/../lib/gcc/arm-none-eabi/9.3.1/thumb/v7-m/nofp/crtn.o
 *(.fini)
 .fini          0x000000000800126c        0x4 c:/st/stm32cubeide_1.8.0/stm32cubeide/plugins/com.st.stm32cube.ide.mcu.externaltools.gnu-tools-for-stm32.9-2020-q2-update.win32_2.0.0.202105311346/tools/bin/../lib/gcc/arm-none-eabi/9.3.1/thumb/v7-m/nofp/crti.o
                0x000000000800126c                _fini
 .fini          0x0000000008001270        0x8 c:/st/stm32cubeide_1.8.0/stm32cubeide/plugins/com.st.stm32cube.ide.mcu.externaltools.gnu-tools-for-stm32.9-2020-q2-update.win32_2.0.0.202105311346/tools/bin/../lib/gcc/arm-none-eabi/9.3.1/thumb/v7-m/nofp/crtn.o
                0x0000000008001278                . = ALIGN (0x4)
                0x0000000008001278                _etext = .

.vfp11_veneer   0x0000000008001278        0x0
 .vfp11_veneer  0x0000000008001278        0x0 linker stubs

.v4_bx          0x0000000008001278        0x0
 .v4_bx         0x0000000008001278        0x0 linker stubs

.iplt           0x0000000008001278        0x0
 .iplt          0x0000000008001278        0x0 c:/st/stm32cubeide_1.8.0/stm32cubeide/plugins/com.st.stm32cube.ide.mcu.externaltools.gnu-tools-for-stm32.9-2020-q2-update.win32_2.0.0.202105311346/tools/bin/../lib/gcc/arm-none-eabi/9.3.1/thumb/v7-m/nofp/crtbegin.o

.rel.dyn        0x0000000008001278        0x0
 .rel.iplt      0x0000000008001278        0x0 c:/st/stm32cubeide_1.8.0/stm32cubeide/plugins/com.st.stm32cube.ide.mcu.externaltools.gnu-tools-for-stm32.9-2020-q2-update.win32_2.0.0.202105311346/tools/bin/../lib/gcc/arm-none-eabi/9.3.1/thumb/v7-m/nofp/crtbegin.o

.rodata         0x0000000008001278        0x0
                0x0000000008001278                . = ALIGN (0x4)
 *(.rodata)
 *(.rodata*)
                0x0000000008001278                . = ALIGN (0x4)

.ARM.extab      0x0000000008001278        0x0
                0x0000000008001278                . = ALIGN (0x4)
 *(.ARM.extab* .gnu.linkonce.armextab.*)
                0x0000000008001278                . = ALIGN (0x4)

.ARM            0x0000000008001278        0x0
                0x0000000008001278                . = ALIGN (0x4)
                0x0000000008001278                __exidx_start = .
 *(.ARM.exidx*)
                0x0000000008001278                __exidx_end = .
                0x0000000008001278                . = ALIGN (0x4)

.preinit_array  0x0000000008001278        0x0
                0x0000000008001278                . = ALIGN (0x4)
                0x0000000008001278                PROVIDE (__preinit_array_start = .)
 *(.preinit_array*)
                0x0000000008001278                PROVIDE (__preinit_array_end = .)
                0x0000000008001278                . = ALIGN (0x4)

.init_array     0x0000000008001278        0x4
                0x0000000008001278                . = ALIGN (0x4)
                0x0000000008001278                PROVIDE (__init_array_start = .)
 *(SORT_BY_NAME(.init_array.*))
 *(.init_array*)
 .init_array    0x0000000008001278        0x4 c:/st/stm32cubeide_1.8.0/stm32cubeide/plugins/com.st.stm32cube.ide.mcu.externaltools.gnu-tools-for-stm32.9-2020-q2-update.win32_2.0.0.202105311346/tools/bin/../lib/gcc/arm-none-eabi/9.3.1/thumb/v7-m/nofp/crtbegin.o
                0x000000000800127c                PROVIDE (__init_array_end = .)
                0x000000000800127c                . = ALIGN (0x4)

.fini_array     0x000000000800127c        0x4
                0x000000000800127c                . = ALIGN (0x4)
                [!provide]                        PROVIDE (__fini_array_start = .)
 *(SORT_BY_NAME(.fini_array.*))
 *(.fini_array*)
 .fini_array    0x000000000800127c        0x4 c:/st/stm32cubeide_1.8.0/stm32cubeide/plugins/com.st.stm32cube.ide.mcu.externaltools.gnu-tools-for-stm32.9-2020-q2-update.win32_2.0.0.202105311346/tools/bin/../lib/gcc/arm-none-eabi/9.3.1/thumb/v7-m/nofp/crtbegin.o
                [!provide]                        PROVIDE (__fini_array_end = .)
                0x0000000008001280                . = ALIGN (0x4)
                0x0000000008001280                _sidata = LOADADDR (.data)

.data           0x0000000020000000        0xc load address 0x0000000008001280
                0x0000000020000000                . = ALIGN (0x4)
                0x0000000020000000                _sdata = .
 *(.data)
 *(.data*)
 .data.usart_manager
                0x0000000020000000        0xa ./Src/main.o
                0x0000000020000000                usart_manager
 *(.RamFunc)
 *(.RamFunc*)
                0x000000002000000c                . = ALIGN (0x4)
 *fill*         0x000000002000000a        0x2 
                0x000000002000000c                _edata = .

.igot.plt       0x000000002000000c        0x0 load address 0x000000000800128c
 .igot.plt      0x000000002000000c        0x0 c:/st/stm32cubeide_1.8.0/stm32cubeide/plugins/com.st.stm32cube.ide.mcu.externaltools.gnu-tools-for-stm32.9-2020-q2-update.win32_2.0.0.202105311346/tools/bin/../lib/gcc/arm-none-eabi/9.3.1/thumb/v7-m/nofp/crtbegin.o
                0x000000002000000c                . = ALIGN (0x4)

.bss            0x000000002000000c      0x11c load address 0x000000000800128c
                0x000000002000000c                _sbss = .
                0x000000002000000c                __bss_start__ = _sbss
 *(.bss)
 .bss           0x000000002000000c       0x1c c:/st/stm32cubeide_1.8.0/stm32cubeide/plugins/com.st.stm32cube.ide.mcu.externaltools.gnu-tools-for-stm32.9-2020-q2-update.win32_2.0.0.202105311346/tools/bin/../lib/gcc/arm-none-eabi/9.3.1/thumb/v7-m/nofp/crtbegin.o
 *(.bss*)
 .bss.usart_data
                0x0000000020000028       0xff ./Src/main.o
                0x0000000020000028                usart_data
 *(COMMON)
                0x0000000020000128                . = ALIGN (0x4)
 *fill*         0x0000000020000127        0x1 
                0x0000000020000128                _ebss = .
                0x0000000020000128                __bss_end__ = _ebss

._user_heap_stack
                0x0000000020000128      0x600 load address 0x000000000800128c
                0x0000000020000128                . = ALIGN (0x8)
                [!provide]                        PROVIDE (end = .)
                0x0000000020000128                PROVIDE (_end = .)
                0x0000000020000328                . = (. + _Min_Heap_Size)
 *fill*         0x0000000020000128      0x200 
                0x0000000020000728                . = (. + _Min_Stack_Size)
 *fill*         0x0000000020000328      0x400 
                0x0000000020000728                . = ALIGN (0x8)

/DISCARD/
 libc.a(*)
 libm.a(*)
 libgcc.a(*)

.ARM.attributes
                0x0000000000000000       0x29
 *(.ARM.attributes)
 .ARM.attributes
                0x0000000000000000       0x1d c:/st/stm32cubeide_1.8.0/stm32cubeide/plugins/com.st.stm32cube.ide.mcu.externaltools.gnu-tools-for-stm32.9-2020-q2-update.win32_2.0.0.202105311346/tools/bin/../lib/gcc/arm-none-eabi/9.3.1/thumb/v7-m/nofp/crti.o
 .ARM.attributes
                0x000000000000001d       0x2d c:/st/stm32cubeide_1.8.0/stm32cubeide/plugins/com.st.stm32cube.ide.mcu.externaltools.gnu-tools-for-stm32.9-2020-q2-update.win32_2.0.0.202105311346/tools/bin/../lib/gcc/arm-none-eabi/9.3.1/thumb/v7-m/nofp/crtbegin.o
 .ARM.attributes
                0x000000000000004a       0x2d ./Inc/gpio.o
 .ARM.attributes
                0x0000000000000077       0x2d ./Inc/interrupt_PA0.o
 .ARM.attributes
                0x00000000000000a4       0x2d ./Inc/system_clock.o
 .ARM.attributes
                0x00000000000000d1       0x2d ./Inc/systick_interrupt.o
 .ARM.attributes
                0x00000000000000fe       0x2d ./Inc/usart.o
 .ARM.attributes
                0x000000000000012b       0x2d ./Inc/usart_rx_interrupt.o
 .ARM.attributes
                0x0000000000000158       0x2d ./Src/main.o
 .ARM.attributes
                0x0000000000000185       0x21 ./Startup/startup_stm32f103c6tx.o
 .ARM.attributes
                0x00000000000001a6       0x2d c:/st/stm32cubeide_1.8.0/stm32cubeide/plugins/com.st.stm32cube.ide.mcu.externaltools.gnu-tools-for-stm32.9-2020-q2-update.win32_2.0.0.202105311346/tools/bin/../lib/gcc/arm-none-eabi/9.3.1/../../../../arm-none-eabi/lib/thumb/v7-m/nofp\libc_nano.a(lib_a-init.o)
 .ARM.attributes
                0x00000000000001d3       0x1d c:/st/stm32cubeide_1.8.0/stm32cubeide/plugins/com.st.stm32cube.ide.mcu.externaltools.gnu-tools-for-stm32.9-2020-q2-update.win32_2.0.0.202105311346/tools/bin/../lib/gcc/arm-none-eabi/9.3.1/thumb/v7-m/nofp\libgcc.a(_arm_addsubdf3.o)
 .ARM.attributes
                0x00000000000001f0       0x1d c:/st/stm32cubeide_1.8.0/stm32cubeide/plugins/com.st.stm32cube.ide.mcu.externaltools.gnu-tools-for-stm32.9-2020-q2-update.win32_2.0.0.202105311346/tools/bin/../lib/gcc/arm-none-eabi/9.3.1/thumb/v7-m/nofp\libgcc.a(_arm_muldivdf3.o)
 .ARM.attributes
                0x000000000000020d       0x1d c:/st/stm32cubeide_1.8.0/stm32cubeide/plugins/com.st.stm32cube.ide.mcu.externaltools.gnu-tools-for-stm32.9-2020-q2-update.win32_2.0.0.202105311346/tools/bin/../lib/gcc/arm-none-eabi/9.3.1/thumb/v7-m/nofp\libgcc.a(_arm_cmpdf2.o)
 .ARM.attributes
                0x000000000000022a       0x1d c:/st/stm32cubeide_1.8.0/stm32cubeide/plugins/com.st.stm32cube.ide.mcu.externaltools.gnu-tools-for-stm32.9-2020-q2-update.win32_2.0.0.202105311346/tools/bin/../lib/gcc/arm-none-eabi/9.3.1/thumb/v7-m/nofp\libgcc.a(_arm_fixunsdfsi.o)
 .ARM.attributes
                0x0000000000000247       0x1d c:/st/stm32cubeide_1.8.0/stm32cubeide/plugins/com.st.stm32cube.ide.mcu.externaltools.gnu-tools-for-stm32.9-2020-q2-update.win32_2.0.0.202105311346/tools/bin/../lib/gcc/arm-none-eabi/9.3.1/thumb/v7-m/nofp/crtn.o
OUTPUT(STM32F103C6 LIBRARY.elf elf32-littlearm)
LOAD linker stubs
LOAD c:/st/stm32cubeide_1.8.0/stm32cubeide/plugins/com.st.stm32cube.ide.mcu.externaltools.gnu-tools-for-stm32.9-2020-q2-update.win32_2.0.0.202105311346/tools/bin/../lib/gcc/arm-none-eabi/9.3.1/../../../../arm-none-eabi/lib/thumb/v7-m/nofp\libc.a
LOAD c:/st/stm32cubeide_1.8.0/stm32cubeide/plugins/com.st.stm32cube.ide.mcu.externaltools.gnu-tools-for-stm32.9-2020-q2-update.win32_2.0.0.202105311346/tools/bin/../lib/gcc/arm-none-eabi/9.3.1/../../../../arm-none-eabi/lib/thumb/v7-m/nofp\libm.a
LOAD c:/st/stm32cubeide_1.8.0/stm32cubeide/plugins/com.st.stm32cube.ide.mcu.externaltools.gnu-tools-for-stm32.9-2020-q2-update.win32_2.0.0.202105311346/tools/bin/../lib/gcc/arm-none-eabi/9.3.1/thumb/v7-m/nofp\libgcc.a

.debug_info     0x0000000000000000     0x16ec
 .debug_info    0x0000000000000000      0x1c2 ./Inc/gpio.o
 .debug_info    0x00000000000001c2      0x4ef ./Inc/interrupt_PA0.o
 .debug_info    0x00000000000006b1      0x38c ./Inc/system_clock.o
 .debug_info    0x0000000000000a3d      0x1dd ./Inc/systick_interrupt.o
 .debug_info    0x0000000000000c1a      0x389 ./Inc/usart.o
 .debug_info    0x0000000000000fa3      0x574 ./Inc/usart_rx_interrupt.o
 .debug_info    0x0000000000001517      0x1b3 ./Src/main.o
 .debug_info    0x00000000000016ca       0x22 ./Startup/startup_stm32f103c6tx.o

.debug_abbrev   0x0000000000000000      0x8fc
 .debug_abbrev  0x0000000000000000       0xf1 ./Inc/gpio.o
 .debug_abbrev  0x00000000000000f1      0x1a0 ./Inc/interrupt_PA0.o
 .debug_abbrev  0x0000000000000291      0x13f ./Inc/system_clock.o
 .debug_abbrev  0x00000000000003d0      0x112 ./Inc/systick_interrupt.o
 .debug_abbrev  0x00000000000004e2      0x19b ./Inc/usart.o
 .debug_abbrev  0x000000000000067d      0x1a4 ./Inc/usart_rx_interrupt.o
 .debug_abbrev  0x0000000000000821       0xc9 ./Src/main.o
 .debug_abbrev  0x00000000000008ea       0x12 ./Startup/startup_stm32f103c6tx.o

.debug_aranges  0x0000000000000000      0x188
 .debug_aranges
                0x0000000000000000       0x38 ./Inc/gpio.o
 .debug_aranges
                0x0000000000000038       0x30 ./Inc/interrupt_PA0.o
 .debug_aranges
                0x0000000000000068       0x30 ./Inc/system_clock.o
 .debug_aranges
                0x0000000000000098       0x28 ./Inc/systick_interrupt.o
 .debug_aranges
                0x00000000000000c0       0x40 ./Inc/usart.o
 .debug_aranges
                0x0000000000000100       0x30 ./Inc/usart_rx_interrupt.o
 .debug_aranges
                0x0000000000000130       0x30 ./Src/main.o
 .debug_aranges
                0x0000000000000160       0x28 ./Startup/startup_stm32f103c6tx.o

.debug_ranges   0x0000000000000000      0x110
 .debug_ranges  0x0000000000000000       0x28 ./Inc/gpio.o
 .debug_ranges  0x0000000000000028       0x20 ./Inc/interrupt_PA0.o
 .debug_ranges  0x0000000000000048       0x20 ./Inc/system_clock.o
 .debug_ranges  0x0000000000000068       0x18 ./Inc/systick_interrupt.o
 .debug_ranges  0x0000000000000080       0x30 ./Inc/usart.o
 .debug_ranges  0x00000000000000b0       0x20 ./Inc/usart_rx_interrupt.o
 .debug_ranges  0x00000000000000d0       0x20 ./Src/main.o
 .debug_ranges  0x00000000000000f0       0x20 ./Startup/startup_stm32f103c6tx.o

.debug_macro    0x0000000000000000    0x101d6
 .debug_macro   0x0000000000000000       0x1a ./Inc/gpio.o
 .debug_macro   0x000000000000001a      0xaa2 ./Inc/gpio.o
 .debug_macro   0x0000000000000abc       0x82 ./Inc/gpio.o
 .debug_macro   0x0000000000000b3e       0xcf ./Inc/interrupt_PA0.o
 .debug_macro   0x0000000000000c0d       0x2e ./Inc/interrupt_PA0.o
 .debug_macro   0x0000000000000c3b       0x22 ./Inc/interrupt_PA0.o
 .debug_macro   0x0000000000000c5d       0x22 ./Inc/interrupt_PA0.o
 .debug_macro   0x0000000000000c7f       0x8e ./Inc/interrupt_PA0.o
 .debug_macro   0x0000000000000d0d       0x51 ./Inc/interrupt_PA0.o
 .debug_macro   0x0000000000000d5e      0x103 ./Inc/interrupt_PA0.o
 .debug_macro   0x0000000000000e61       0x6a ./Inc/interrupt_PA0.o
 .debug_macro   0x0000000000000ecb      0x1df ./Inc/interrupt_PA0.o
 .debug_macro   0x00000000000010aa       0x1c ./Inc/interrupt_PA0.o
 .debug_macro   0x00000000000010c6       0x22 ./Inc/interrupt_PA0.o
 .debug_macro   0x00000000000010e8       0xc3 ./Inc/interrupt_PA0.o
 .debug_macro   0x00000000000011ab      0xd23 ./Inc/interrupt_PA0.o
 .debug_macro   0x0000000000001ece     0xde75 ./Inc/interrupt_PA0.o
 .debug_macro   0x000000000000fd43       0x6d ./Inc/interrupt_PA0.o
 .debug_macro   0x000000000000fdb0       0xc5 ./Inc/system_clock.o
 .debug_macro   0x000000000000fe75       0xce ./Inc/systick_interrupt.o
 .debug_macro   0x000000000000ff43       0xce ./Inc/usart.o
 .debug_macro   0x0000000000010011       0xd9 ./Inc/usart_rx_interrupt.o
 .debug_macro   0x00000000000100ea       0xec ./Src/main.o

.debug_line     0x0000000000000000     0x22ca
 .debug_line    0x0000000000000000      0x17c ./Inc/gpio.o
 .debug_line    0x000000000000017c      0x533 ./Inc/interrupt_PA0.o
 .debug_line    0x00000000000006af      0x571 ./Inc/system_clock.o
 .debug_line    0x0000000000000c20      0x507 ./Inc/systick_interrupt.o
 .debug_line    0x0000000000001127      0x603 ./Inc/usart.o
 .debug_line    0x000000000000172a      0x5eb ./Inc/usart_rx_interrupt.o
 .debug_line    0x0000000000001d15      0x531 ./Src/main.o
 .debug_line    0x0000000000002246       0x84 ./Startup/startup_stm32f103c6tx.o

.debug_str      0x0000000000000000    0x53990
 .debug_str     0x0000000000000000     0x2ee0 ./Inc/gpio.o
                                       0x2f05 (size before relaxing)
 .debug_str     0x0000000000002ee0    0x507e1 ./Inc/interrupt_PA0.o
                                      0x537ef (size before relaxing)
 .debug_str     0x00000000000536c1       0xc4 ./Inc/system_clock.o
                                      0x534f5 (size before relaxing)
 .debug_str     0x0000000000053785       0x98 ./Inc/systick_interrupt.o
                                      0x5360d (size before relaxing)
 .debug_str     0x000000000005381d       0xa2 ./Inc/usart.o
                                      0x53666 (size before relaxing)
 .debug_str     0x00000000000538bf       0x6b ./Inc/usart_rx_interrupt.o
                                      0x53835 (size before relaxing)
 .debug_str     0x000000000005392a       0x35 ./Src/main.o
                                      0x5360b (size before relaxing)
 .debug_str     0x000000000005395f       0x31 ./Startup/startup_stm32f103c6tx.o
                                         0x60 (size before relaxing)

.comment        0x0000000000000000       0x53
 .comment       0x0000000000000000       0x53 ./Inc/gpio.o
                                         0x54 (size before relaxing)
 .comment       0x0000000000000053       0x54 ./Inc/interrupt_PA0.o
 .comment       0x0000000000000053       0x54 ./Inc/system_clock.o
 .comment       0x0000000000000053       0x54 ./Inc/systick_interrupt.o
 .comment       0x0000000000000053       0x54 ./Inc/usart.o
 .comment       0x0000000000000053       0x54 ./Inc/usart_rx_interrupt.o
 .comment       0x0000000000000053       0x54 ./Src/main.o

.debug_frame    0x0000000000000000      0x5c4
 .debug_frame   0x0000000000000000       0xb0 ./Inc/gpio.o
 .debug_frame   0x00000000000000b0       0x70 ./Inc/interrupt_PA0.o
 .debug_frame   0x0000000000000120       0x7c ./Inc/system_clock.o
 .debug_frame   0x000000000000019c       0x60 ./Inc/systick_interrupt.o
 .debug_frame   0x00000000000001fc       0xd0 ./Inc/usart.o
 .debug_frame   0x00000000000002cc       0x84 ./Inc/usart_rx_interrupt.o
 .debug_frame   0x0000000000000350       0x64 ./Src/main.o
 .debug_frame   0x00000000000003b4       0x2c c:/st/stm32cubeide_1.8.0/stm32cubeide/plugins/com.st.stm32cube.ide.mcu.externaltools.gnu-tools-for-stm32.9-2020-q2-update.win32_2.0.0.202105311346/tools/bin/../lib/gcc/arm-none-eabi/9.3.1/../../../../arm-none-eabi/lib/thumb/v7-m/nofp\libc_nano.a(lib_a-init.o)
 .debug_frame   0x00000000000003e0       0xac c:/st/stm32cubeide_1.8.0/stm32cubeide/plugins/com.st.stm32cube.ide.mcu.externaltools.gnu-tools-for-stm32.9-2020-q2-update.win32_2.0.0.202105311346/tools/bin/../lib/gcc/arm-none-eabi/9.3.1/thumb/v7-m/nofp\libgcc.a(_arm_addsubdf3.o)
 .debug_frame   0x000000000000048c       0x50 c:/st/stm32cubeide_1.8.0/stm32cubeide/plugins/com.st.stm32cube.ide.mcu.externaltools.gnu-tools-for-stm32.9-2020-q2-update.win32_2.0.0.202105311346/tools/bin/../lib/gcc/arm-none-eabi/9.3.1/thumb/v7-m/nofp\libgcc.a(_arm_muldivdf3.o)
 .debug_frame   0x00000000000004dc       0xc4 c:/st/stm32cubeide_1.8.0/stm32cubeide/plugins/com.st.stm32cube.ide.mcu.externaltools.gnu-tools-for-stm32.9-2020-q2-update.win32_2.0.0.202105311346/tools/bin/../lib/gcc/arm-none-eabi/9.3.1/thumb/v7-m/nofp\libgcc.a(_arm_cmpdf2.o)
 .debug_frame   0x00000000000005a0       0x24 c:/st/stm32cubeide_1.8.0/stm32cubeide/plugins/com.st.stm32cube.ide.mcu.externaltools.gnu-tools-for-stm32.9-2020-q2-update.win32_2.0.0.202105311346/tools/bin/../lib/gcc/arm-none-eabi/9.3.1/thumb/v7-m/nofp\libgcc.a(_arm_fixunsdfsi.o)
