14:30:36 **** Clean-only build of configuration Debug for project STM32F103C6 LIBRARY ****
make -j8 clean 
rm -rf ./Startup/startup_stm32f103c6tx.d ./Startup/startup_stm32f103c6tx.o
rm -rf ./Src/main.d ./Src/main.o ./Src/syscalls.d ./Src/syscalls.o ./Src/sysmem.d ./Src/sysmem.o
rm -rf ./Inc/gpio.d ./Inc/gpio.o ./Inc/interrupt_PA0.d ./Inc/interrupt_PA0.o ./Inc/system_clock.d ./Inc/system_clock.o ./Inc/systick_deay.d ./Inc/systick_deay.o ./Inc/systick_interrupt.d ./Inc/systick_interrupt.o
rm -rf STM32F103C6\ REGISTERS\ LIBRARY.bin STM32F103C6\ REGISTERS\ LIBRARY.elf STM32F103C6\ REGISTERS\ LIBRARY.list STM32F103C6\\ REGISTERS\\ LIBRARY.elf default.size.stdout
 
14:30:37 **** Build of configuration Debug for project STM32F103C6 LIBRARY ****
make -j8 all 
arm-none-eabi-gcc -mcpu=cortex-m3 -g3 -DDEBUG -c -I"D:/Project STMf103c6/STM32F103C6 LIBRARY/Drivers/CMSIS/Core/Include" -I"D:/Project STMf103c6/STM32F103C6 LIBRARY/Drivers/CMSIS/Device/ST/STM32F1xx" -I"D:/Project STMf103c6/STM32F103C6 LIBRARY/Drivers/CMSIS/Device/ST/STM32F1xx/Include" -x assembler-with-cpp -MMD -MP -MF"Startup/startup_stm32f103c6tx.d" -MT"Startup/startup_stm32f103c6tx.o" --specs=nano.specs -mfloat-abi=soft -mthumb -o "Startup/startup_stm32f103c6tx.o" "../Startup/startup_stm32f103c6tx.s"
arm-none-eabi-gcc "../Src/main.c" -mcpu=cortex-m3 -std=gnu11 -g3 -DDEBUG -DSTM32 -DSTM32F1 -DSTM32F103C6Tx -c -I../Inc -I"D:/Project STMf103c6/STM32F103C6 LIBRARY/Drivers/CMSIS/Core/Include" -I"D:/Project STMf103c6/STM32F103C6 LIBRARY/Drivers/CMSIS/Device/ST/STM32F1xx" -I"D:/Project STMf103c6/STM32F103C6 LIBRARY/Drivers/CMSIS/Device/ST/STM32F1xx/Include" -O0 -ffunction-sections -fdata-sections -Wall -fstack-usage -MMD -MP -MF"Src/main.d" -MT"Src/main.o" --specs=nano.specs -mfloat-abi=soft -mthumb -o "Src/main.o"
arm-none-eabi-gcc "../Src/syscalls.c" -mcpu=cortex-m3 -std=gnu11 -g3 -DDEBUG -DSTM32 -DSTM32F1 -DSTM32F103C6Tx -c -I../Inc -I"D:/Project STMf103c6/STM32F103C6 LIBRARY/Drivers/CMSIS/Core/Include" -I"D:/Project STMf103c6/STM32F103C6 LIBRARY/Drivers/CMSIS/Device/ST/STM32F1xx" -I"D:/Project STMf103c6/STM32F103C6 LIBRARY/Drivers/CMSIS/Device/ST/STM32F1xx/Include" -O0 -ffunction-sections -fdata-sections -Wall -fstack-usage -MMD -MP -MF"Src/syscalls.d" -MT"Src/syscalls.o" --specs=nano.specs -mfloat-abi=soft -mthumb -o "Src/syscalls.o"
arm-none-eabi-gcc "../Src/sysmem.c" -mcpu=cortex-m3 -std=gnu11 -g3 -DDEBUG -DSTM32 -DSTM32F1 -DSTM32F103C6Tx -c -I../Inc -I"D:/Project STMf103c6/STM32F103C6 LIBRARY/Drivers/CMSIS/Core/Include" -I"D:/Project STMf103c6/STM32F103C6 LIBRARY/Drivers/CMSIS/Device/ST/STM32F1xx" -I"D:/Project STMf103c6/STM32F103C6 LIBRARY/Drivers/CMSIS/Device/ST/STM32F1xx/Include" -O0 -ffunction-sections -fdata-sections -Wall -fstack-usage -MMD -MP -MF"Src/sysmem.d" -MT"Src/sysmem.o" --specs=nano.specs -mfloat-abi=soft -mthumb -o "Src/sysmem.o"
arm-none-eabi-gcc "../Inc/gpio.c" -mcpu=cortex-m3 -std=gnu11 -g3 -DDEBUG -DSTM32 -DSTM32F1 -DSTM32F103C6Tx -c -I../Inc -I"D:/Project STMf103c6/STM32F103C6 LIBRARY/Drivers/CMSIS/Core/Include" -I"D:/Project STMf103c6/STM32F103C6 LIBRARY/Drivers/CMSIS/Device/ST/STM32F1xx" -I"D:/Project STMf103c6/STM32F103C6 LIBRARY/Drivers/CMSIS/Device/ST/STM32F1xx/Include" -O0 -ffunction-sections -fdata-sections -Wall -fstack-usage -MMD -MP -MF"Inc/gpio.d" -MT"Inc/gpio.o" --specs=nano.specs -mfloat-abi=soft -mthumb -o "Inc/gpio.o"
arm-none-eabi-gcc "../Inc/interrupt_PA0.c" -mcpu=cortex-m3 -std=gnu11 -g3 -DDEBUG -DSTM32 -DSTM32F1 -DSTM32F103C6Tx -c -I../Inc -I"D:/Project STMf103c6/STM32F103C6 LIBRARY/Drivers/CMSIS/Core/Include" -I"D:/Project STMf103c6/STM32F103C6 LIBRARY/Drivers/CMSIS/Device/ST/STM32F1xx" -I"D:/Project STMf103c6/STM32F103C6 LIBRARY/Drivers/CMSIS/Device/ST/STM32F1xx/Include" -O0 -ffunction-sections -fdata-sections -Wall -fstack-usage -MMD -MP -MF"Inc/interrupt_PA0.d" -MT"Inc/interrupt_PA0.o" --specs=nano.specs -mfloat-abi=soft -mthumb -o "Inc/interrupt_PA0.o"
arm-none-eabi-gcc "../Inc/system_clock.c" -mcpu=cortex-m3 -std=gnu11 -g3 -DDEBUG -DSTM32 -DSTM32F1 -DSTM32F103C6Tx -c -I../Inc -I"D:/Project STMf103c6/STM32F103C6 LIBRARY/Drivers/CMSIS/Core/Include" -I"D:/Project STMf103c6/STM32F103C6 LIBRARY/Drivers/CMSIS/Device/ST/STM32F1xx" -I"D:/Project STMf103c6/STM32F103C6 LIBRARY/Drivers/CMSIS/Device/ST/STM32F1xx/Include" -O0 -ffunction-sections -fdata-sections -Wall -fstack-usage -MMD -MP -MF"Inc/system_clock.d" -MT"Inc/system_clock.o" --specs=nano.specs -mfloat-abi=soft -mthumb -o "Inc/system_clock.o"
arm-none-eabi-gcc "../Inc/systick_deay.c" -mcpu=cortex-m3 -std=gnu11 -g3 -DDEBUG -DSTM32 -DSTM32F1 -DSTM32F103C6Tx -c -I../Inc -I"D:/Project STMf103c6/STM32F103C6 LIBRARY/Drivers/CMSIS/Core/Include" -I"D:/Project STMf103c6/STM32F103C6 LIBRARY/Drivers/CMSIS/Device/ST/STM32F1xx" -I"D:/Project STMf103c6/STM32F103C6 LIBRARY/Drivers/CMSIS/Device/ST/STM32F1xx/Include" -O0 -ffunction-sections -fdata-sections -Wall -fstack-usage -MMD -MP -MF"Inc/systick_deay.d" -MT"Inc/systick_deay.o" --specs=nano.specs -mfloat-abi=soft -mthumb -o "Inc/systick_deay.o"
arm-none-eabi-gcc "../Inc/systick_interrupt.c" -mcpu=cortex-m3 -std=gnu11 -g3 -DDEBUG -DSTM32 -DSTM32F1 -DSTM32F103C6Tx -c -I../Inc -I"D:/Project STMf103c6/STM32F103C6 LIBRARY/Drivers/CMSIS/Core/Include" -I"D:/Project STMf103c6/STM32F103C6 LIBRARY/Drivers/CMSIS/Device/ST/STM32F1xx" -I"D:/Project STMf103c6/STM32F103C6 LIBRARY/Drivers/CMSIS/Device/ST/STM32F1xx/Include" -O0 -ffunction-sections -fdata-sections -Wall -fstack-usage -MMD -MP -MF"Inc/systick_interrupt.d" -MT"Inc/systick_interrupt.o" --specs=nano.specs -mfloat-abi=soft -mthumb -o "Inc/systick_interrupt.o"
arm-none-eabi-gcc -o "STM32F103C6 LIBRARY.elf" @"objects.list"   -mcpu=cortex-m3 -T"D:\Project STMf103c6\STM32F103C6 LIBRARY\STM32F103C6TX_FLASH.ld" --specs=nosys.specs -Wl,-Map="STM32F103C6 LIBRARY.map" -Wl,--gc-sections -static --specs=nano.specs -mfloat-abi=soft -mthumb -Wl,--start-group -lc -lm -Wl,--end-group
Finished building target: STM32F103C6 LIBRARY.elf
 
arm-none-eabi-size   STM32F103C6\ LIBRARY.elf 
arm-none-eabi-objdump -h -S  STM32F103C6\ LIBRARY.elf  > "STM32F103C6 LIBRARY.list"
arm-none-eabi-objcopy  -O binary  STM32F103C6\ LIBRARY.elf  "STM32F103C6 LIBRARY.bin"
   text	   data	    bss	    dec	    hex	filename
   1408	      8	   1568	   2984	    ba8	STM32F103C6 LIBRARY.elf
Finished building: default.size.stdout
 
Finished building: STM32F103C6 LIBRARY.list
 
Finished building: STM32F103C6 LIBRARY.bin
 
14:36:03 **** Incremental Build of configuration Debug for project STM32F103C6 LIBRARY ****
make -j8 all 
arm-none-eabi-gcc "../Src/main.c" -mcpu=cortex-m3 -std=gnu11 -g3 -DDEBUG -DSTM32 -DSTM32F1 -DSTM32F103C6Tx -c -I../Inc -I"D:/Project STMf103c6/STM32F103C6 LIBRARY/Drivers/CMSIS/Core/Include" -I"D:/Project STMf103c6/STM32F103C6 LIBRARY/Drivers/CMSIS/Device/ST/STM32F1xx" -I"D:/Project STMf103c6/STM32F103C6 LIBRARY/Drivers/CMSIS/Device/ST/STM32F1xx/Include" -O0 -ffunction-sections -fdata-sections -Wall -fstack-usage -MMD -MP -MF"Src/main.d" -MT"Src/main.o" --specs=nano.specs -mfloat-abi=soft -mthumb -o "Src/main.o"
../Src/main.c: In function 'main':
../Src/main.c:55:31: warning: bitwise comparison always evaluates to false [-Wtautological-compare]
   55 |   while((USART2->SR & (1<<6)) == 0x80)
      |                               ^~
arm-none-eabi-gcc -o "STM32F103C6 LIBRARY.elf" @"objects.list"   -mcpu=cortex-m3 -T"D:\Project STMf103c6\STM32F103C6 LIBRARY\STM32F103C6TX_FLASH.ld" --specs=nosys.specs -Wl,-Map="STM32F103C6 LIBRARY.map" -Wl,--gc-sections -static --specs=nano.specs -mfloat-abi=soft -mthumb -Wl,--start-group -lc -lm -Wl,--end-group
Finished building target: STM32F103C6 LIBRARY.elf
 
arm-none-eabi-size   STM32F103C6\ LIBRARY.elf 
arm-none-eabi-objdump -h -S  STM32F103C6\ LIBRARY.elf  > "STM32F103C6 LIBRARY.list"
arm-none-eabi-objcopy  -O binary  STM32F103C6\ LIBRARY.elf  "STM32F103C6 LIBRARY.bin"
   text	   data	    bss	    dec	    hex	filename
   1528	      8	   1568	   3104	    c20	STM32F103C6 LIBRARY.elf
Finished building: default.size.stdout
 
Finished building: STM32F103C6 LIBRARY.bin
Finished building: STM32F103C6 LIBRARY.list
 
 
14:36:10 **** Incremental Build of configuration Debug for project STM32F103C6 LIBRARY ****
make -j8 all 
arm-none-eabi-size   STM32F103C6\ LIBRARY.elf 
   text	   data	    bss	    dec	    hex	filename
   1528	      8	   1568	   3104	    c20	STM32F103C6 LIBRARY.elf
Finished building: default.size.stdout
 
14:36:24 **** Incremental Build of configuration Debug for project STM32F103C6 LIBRARY ****
make -j8 all 
arm-none-eabi-gcc -o "STM32F103C6 LIBRARY.elf" @"objects.list"   -mcpu=cortex-m3 -T"D:\Project STMf103c6\STM32F103C6 LIBRARY\STM32F103C6TX_FLASH.ld" --specs=nosys.specs -Wl,-Map="STM32F103C6 LIBRARY.map" -Wl,--gc-sections -static --specs=nano.specs -mfloat-abi=soft -mthumb -Wl,--start-group -lc -lm -Wl,--end-group
Finished building target: STM32F103C6 LIBRARY.elf
 
arm-none-eabi-size   STM32F103C6\ LIBRARY.elf 
arm-none-eabi-objdump -h -S  STM32F103C6\ LIBRARY.elf  > "STM32F103C6 LIBRARY.list"
arm-none-eabi-objcopy  -O ihex  STM32F103C6\ LIBRARY.elf  "STM32F103C6 LIBRARY.hex"
arm-none-eabi-objcopy  -O binary  STM32F103C6\ LIBRARY.elf  "STM32F103C6 LIBRARY.bin"
   text	   data	    bss	    dec	    hex	filename
   1528	      8	   1568	   3104	    c20	STM32F103C6 LIBRARY.elf
Finished building: default.size.stdout
 
Finished building: STM32F103C6 LIBRARY.hex
Finished building: STM32F103C6 LIBRARY.bin
Finished building: STM32F103C6 LIBRARY.list
 
 
 
14:41:19 **** Incremental Build of configuration Debug for project STM32F103C6 LIBRARY ****
make -j8 all 
arm-none-eabi-gcc "../Src/main.c" -mcpu=cortex-m3 -std=gnu11 -g3 -DDEBUG -DSTM32 -DSTM32F1 -DSTM32F103C6Tx -c -I../Inc -I"D:/Project STMf103c6/STM32F103C6 LIBRARY/Drivers/CMSIS/Core/Include" -I"D:/Project STMf103c6/STM32F103C6 LIBRARY/Drivers/CMSIS/Device/ST/STM32F1xx" -I"D:/Project STMf103c6/STM32F103C6 LIBRARY/Drivers/CMSIS/Device/ST/STM32F1xx/Include" -O0 -ffunction-sections -fdata-sections -Wall -fstack-usage -MMD -MP -MF"Src/main.d" -MT"Src/main.o" --specs=nano.specs -mfloat-abi=soft -mthumb -o "Src/main.o"
../Src/main.c: In function 'main':
../Src/main.c:37:2: warning: implicit declaration of function 'init_systick_delay'; did you mean 'init_systick_interrupt'? [-Wimplicit-function-declaration]
   37 |  init_systick_delay();
      |  ^~~~~~~~~~~~~~~~~~
      |  init_systick_interrupt
../Src/main.c:60:31: warning: bitwise comparison always evaluates to false [-Wtautological-compare]
   60 |   while((USART2->SR & (1<<6)) == 0x80)
      |                               ^~
arm-none-eabi-gcc -o "STM32F103C6 LIBRARY.elf" @"objects.list"   -mcpu=cortex-m3 -T"D:\Project STMf103c6\STM32F103C6 LIBRARY\STM32F103C6TX_FLASH.ld" --specs=nosys.specs -Wl,-Map="STM32F103C6 LIBRARY.map" -Wl,--gc-sections -static --specs=nano.specs -mfloat-abi=soft -mthumb -Wl,--start-group -lc -lm -Wl,--end-group
Finished building target: STM32F103C6 LIBRARY.elf
 
arm-none-eabi-size   STM32F103C6\ LIBRARY.elf 
arm-none-eabi-objdump -h -S  STM32F103C6\ LIBRARY.elf  > "STM32F103C6 LIBRARY.list"
arm-none-eabi-objcopy  -O ihex  STM32F103C6\ LIBRARY.elf  "STM32F103C6 LIBRARY.hex"
arm-none-eabi-objcopy  -O binary  STM32F103C6\ LIBRARY.elf  "STM32F103C6 LIBRARY.bin"
   text	   data	    bss	    dec	    hex	filename
   1576	      8	   1568	   3152	    c50	STM32F103C6 LIBRARY.elf
Finished building: default.size.stdout
 
Finished building: STM32F103C6 LIBRARY.hex
Finished building: STM32F103C6 LIBRARY.bin
Finished building: STM32F103C6 LIBRARY.list
 
 
 
14:42:42 **** Incremental Build of configuration Debug for project STM32F103C6 LIBRARY ****
make -j8 all 
arm-none-eabi-gcc "../Src/main.c" -mcpu=cortex-m3 -std=gnu11 -g3 -DDEBUG -DSTM32 -DSTM32F1 -DSTM32F103C6Tx -c -I../Inc -I"D:/Project STMf103c6/STM32F103C6 LIBRARY/Drivers/CMSIS/Core/Include" -I"D:/Project STMf103c6/STM32F103C6 LIBRARY/Drivers/CMSIS/Device/ST/STM32F1xx" -I"D:/Project STMf103c6/STM32F103C6 LIBRARY/Drivers/CMSIS/Device/ST/STM32F1xx/Include" -O0 -ffunction-sections -fdata-sections -Wall -fstack-usage -MMD -MP -MF"Src/main.d" -MT"Src/main.o" --specs=nano.specs -mfloat-abi=soft -mthumb -o "Src/main.o"
../Src/main.c: In function 'main':
../Src/main.c:37:2: warning: implicit declaration of function 'init_systick_delay'; did you mean 'init_systick_interrupt'? [-Wimplicit-function-declaration]
   37 |  init_systick_delay();
      |  ^~~~~~~~~~~~~~~~~~
      |  init_systick_interrupt
../Src/main.c:61:16: error: 'c' undeclared (first use in this function)
   61 |    USART1->DR =c;
      |                ^
../Src/main.c:61:16: note: each undeclared identifier is reported only once for each function it appears in
make: *** [Src/subdir.mk:25: Src/main.o] Error 1
"make -j8 all" terminated with exit code 2. Build might be incomplete.
14:43:03 **** Incremental Build of configuration Debug for project STM32F103C6 LIBRARY ****
make -j8 all 
arm-none-eabi-gcc "../Src/main.c" -mcpu=cortex-m3 -std=gnu11 -g3 -DDEBUG -DSTM32 -DSTM32F1 -DSTM32F103C6Tx -c -I../Inc -I"D:/Project STMf103c6/STM32F103C6 LIBRARY/Drivers/CMSIS/Core/Include" -I"D:/Project STMf103c6/STM32F103C6 LIBRARY/Drivers/CMSIS/Device/ST/STM32F1xx" -I"D:/Project STMf103c6/STM32F103C6 LIBRARY/Drivers/CMSIS/Device/ST/STM32F1xx/Include" -O0 -ffunction-sections -fdata-sections -Wall -fstack-usage -MMD -MP -MF"Src/main.d" -MT"Src/main.o" --specs=nano.specs -mfloat-abi=soft -mthumb -o "Src/main.o"
../Src/main.c: In function 'main':
../Src/main.c:37:2: warning: implicit declaration of function 'init_systick_delay'; did you mean 'init_systick_interrupt'? [-Wimplicit-function-declaration]
   37 |  init_systick_delay();
      |  ^~~~~~~~~~~~~~~~~~
      |  init_systick_interrupt
arm-none-eabi-gcc -o "STM32F103C6 LIBRARY.elf" @"objects.list"   -mcpu=cortex-m3 -T"D:\Project STMf103c6\STM32F103C6 LIBRARY\STM32F103C6TX_FLASH.ld" --specs=nosys.specs -Wl,-Map="STM32F103C6 LIBRARY.map" -Wl,--gc-sections -static --specs=nano.specs -mfloat-abi=soft -mthumb -Wl,--start-group -lc -lm -Wl,--end-group
Finished building target: STM32F103C6 LIBRARY.elf
 
arm-none-eabi-size   STM32F103C6\ LIBRARY.elf 
arm-none-eabi-objdump -h -S  STM32F103C6\ LIBRARY.elf  > "STM32F103C6 LIBRARY.list"
arm-none-eabi-objcopy  -O ihex  STM32F103C6\ LIBRARY.elf  "STM32F103C6 LIBRARY.hex"
arm-none-eabi-objcopy  -O binary  STM32F103C6\ LIBRARY.elf  "STM32F103C6 LIBRARY.bin"
   text	   data	    bss	    dec	    hex	filename
   1580	      8	   1568	   3156	    c54	STM32F103C6 LIBRARY.elf
Finished building: default.size.stdout
 
Finished building: STM32F103C6 LIBRARY.hex
Finished building: STM32F103C6 LIBRARY.bin
Finished building: STM32F103C6 LIBRARY.list
 
 
 
14:43:31 **** Incremental Build of configuration Debug for project STM32F103C6 LIBRARY ****
make -j8 all 
arm-none-eabi-gcc "../Src/main.c" -mcpu=cortex-m3 -std=gnu11 -g3 -DDEBUG -DSTM32 -DSTM32F1 -DSTM32F103C6Tx -c -I../Inc -I"D:/Project STMf103c6/STM32F103C6 LIBRARY/Drivers/CMSIS/Core/Include" -I"D:/Project STMf103c6/STM32F103C6 LIBRARY/Drivers/CMSIS/Device/ST/STM32F1xx" -I"D:/Project STMf103c6/STM32F103C6 LIBRARY/Drivers/CMSIS/Device/ST/STM32F1xx/Include" -O0 -ffunction-sections -fdata-sections -Wall -fstack-usage -MMD -MP -MF"Src/main.d" -MT"Src/main.o" --specs=nano.specs -mfloat-abi=soft -mthumb -o "Src/main.o"
../Src/main.c: In function 'main':
../Src/main.c:37:2: warning: implicit declaration of function 'init_systick_delay'; did you mean 'init_systick_interrupt'? [-Wimplicit-function-declaration]
   37 |  init_systick_delay();
      |  ^~~~~~~~~~~~~~~~~~
      |  init_systick_interrupt
arm-none-eabi-gcc -o "STM32F103C6 LIBRARY.elf" @"objects.list"   -mcpu=cortex-m3 -T"D:\Project STMf103c6\STM32F103C6 LIBRARY\STM32F103C6TX_FLASH.ld" --specs=nosys.specs -Wl,-Map="STM32F103C6 LIBRARY.map" -Wl,--gc-sections -static --specs=nano.specs -mfloat-abi=soft -mthumb -Wl,--start-group -lc -lm -Wl,--end-group
Finished building target: STM32F103C6 LIBRARY.elf
 
arm-none-eabi-size   STM32F103C6\ LIBRARY.elf 
arm-none-eabi-objdump -h -S  STM32F103C6\ LIBRARY.elf  > "STM32F103C6 LIBRARY.list"
arm-none-eabi-objcopy  -O ihex  STM32F103C6\ LIBRARY.elf  "STM32F103C6 LIBRARY.hex"
arm-none-eabi-objcopy  -O binary  STM32F103C6\ LIBRARY.elf  "STM32F103C6 LIBRARY.bin"
   text	   data	    bss	    dec	    hex	filename
   1576	      8	   1568	   3152	    c50	STM32F103C6 LIBRARY.elf
Finished building: default.size.stdout
 
Finished building: STM32F103C6 LIBRARY.hex
Finished building: STM32F103C6 LIBRARY.bin
Finished building: STM32F103C6 LIBRARY.list
 
 
 
14:44:55 **** Incremental Build of configuration Debug for project STM32F103C6 LIBRARY ****
make -j8 all 
arm-none-eabi-gcc "../Src/main.c" -mcpu=cortex-m3 -std=gnu11 -g3 -DDEBUG -DSTM32 -DSTM32F1 -DSTM32F103C6Tx -c -I../Inc -I"D:/Project STMf103c6/STM32F103C6 LIBRARY/Drivers/CMSIS/Core/Include" -I"D:/Project STMf103c6/STM32F103C6 LIBRARY/Drivers/CMSIS/Device/ST/STM32F1xx" -I"D:/Project STMf103c6/STM32F103C6 LIBRARY/Drivers/CMSIS/Device/ST/STM32F1xx/Include" -O0 -ffunction-sections -fdata-sections -Wall -fstack-usage -MMD -MP -MF"Src/main.d" -MT"Src/main.o" --specs=nano.specs -mfloat-abi=soft -mthumb -o "Src/main.o"
../Src/main.c: In function 'main':
../Src/main.c:37:2: warning: implicit declaration of function 'init_systick_delay'; did you mean 'init_systick_interrupt'? [-Wimplicit-function-declaration]
   37 |  init_systick_delay();
      |  ^~~~~~~~~~~~~~~~~~
      |  init_systick_interrupt
arm-none-eabi-gcc -o "STM32F103C6 LIBRARY.elf" @"objects.list"   -mcpu=cortex-m3 -T"D:\Project STMf103c6\STM32F103C6 LIBRARY\STM32F103C6TX_FLASH.ld" --specs=nosys.specs -Wl,-Map="STM32F103C6 LIBRARY.map" -Wl,--gc-sections -static --specs=nano.specs -mfloat-abi=soft -mthumb -Wl,--start-group -lc -lm -Wl,--end-group
Finished building target: STM32F103C6 LIBRARY.elf
 
arm-none-eabi-size   STM32F103C6\ LIBRARY.elf 
arm-none-eabi-objdump -h -S  STM32F103C6\ LIBRARY.elf  > "STM32F103C6 LIBRARY.list"
arm-none-eabi-objcopy  -O ihex  STM32F103C6\ LIBRARY.elf  "STM32F103C6 LIBRARY.hex"
arm-none-eabi-objcopy  -O binary  STM32F103C6\ LIBRARY.elf  "STM32F103C6 LIBRARY.bin"
   text	   data	    bss	    dec	    hex	filename
   1576	      8	   1568	   3152	    c50	STM32F103C6 LIBRARY.elf
Finished building: default.size.stdout
 
Finished building: STM32F103C6 LIBRARY.hex
Finished building: STM32F103C6 LIBRARY.bin
Finished building: STM32F103C6 LIBRARY.list
 
 
 
14:46:05 **** Incremental Build of configuration Debug for project STM32F103C6 LIBRARY ****
make -j8 all 
arm-none-eabi-gcc "../Src/main.c" -mcpu=cortex-m3 -std=gnu11 -g3 -DDEBUG -DSTM32 -DSTM32F1 -DSTM32F103C6Tx -c -I../Inc -I"D:/Project STMf103c6/STM32F103C6 LIBRARY/Drivers/CMSIS/Core/Include" -I"D:/Project STMf103c6/STM32F103C6 LIBRARY/Drivers/CMSIS/Device/ST/STM32F1xx" -I"D:/Project STMf103c6/STM32F103C6 LIBRARY/Drivers/CMSIS/Device/ST/STM32F1xx/Include" -O0 -ffunction-sections -fdata-sections -Wall -fstack-usage -MMD -MP -MF"Src/main.d" -MT"Src/main.o" --specs=nano.specs -mfloat-abi=soft -mthumb -o "Src/main.o"
../Src/main.c: In function 'main':
../Src/main.c:37:2: warning: implicit declaration of function 'init_systick_delay'; did you mean 'init_systick_interrupt'? [-Wimplicit-function-declaration]
   37 |  init_systick_delay();
      |  ^~~~~~~~~~~~~~~~~~
      |  init_systick_interrupt
../Src/main.c:60:31: warning: bitwise comparison always evaluates to false [-Wtautological-compare]
   60 |   while((USART2->SR & (1<<6)) == 0x80)
      |                               ^~
arm-none-eabi-gcc -o "STM32F103C6 LIBRARY.elf" @"objects.list"   -mcpu=cortex-m3 -T"D:\Project STMf103c6\STM32F103C6 LIBRARY\STM32F103C6TX_FLASH.ld" --specs=nosys.specs -Wl,-Map="STM32F103C6 LIBRARY.map" -Wl,--gc-sections -static --specs=nano.specs -mfloat-abi=soft -mthumb -Wl,--start-group -lc -lm -Wl,--end-group
Finished building target: STM32F103C6 LIBRARY.elf
 
arm-none-eabi-size   STM32F103C6\ LIBRARY.elf 
arm-none-eabi-objdump -h -S  STM32F103C6\ LIBRARY.elf  > "STM32F103C6 LIBRARY.list"
arm-none-eabi-objcopy  -O ihex  STM32F103C6\ LIBRARY.elf  "STM32F103C6 LIBRARY.hex"
arm-none-eabi-objcopy  -O binary  STM32F103C6\ LIBRARY.elf  "STM32F103C6 LIBRARY.bin"
   text	   data	    bss	    dec	    hex	filename
   1576	      8	   1568	   3152	    c50	STM32F103C6 LIBRARY.elf
Finished building: default.size.stdout
 
Finished building: STM32F103C6 LIBRARY.hex
Finished building: STM32F103C6 LIBRARY.bin
Finished building: STM32F103C6 LIBRARY.list
 
 
 
14:46:54 **** Incremental Build of configuration Debug for project STM32F103C6 LIBRARY ****
make -j8 all 
arm-none-eabi-gcc "../Src/main.c" -mcpu=cortex-m3 -std=gnu11 -g3 -DDEBUG -DSTM32 -DSTM32F1 -DSTM32F103C6Tx -c -I../Inc -I"D:/Project STMf103c6/STM32F103C6 LIBRARY/Drivers/CMSIS/Core/Include" -I"D:/Project STMf103c6/STM32F103C6 LIBRARY/Drivers/CMSIS/Device/ST/STM32F1xx" -I"D:/Project STMf103c6/STM32F103C6 LIBRARY/Drivers/CMSIS/Device/ST/STM32F1xx/Include" -O0 -ffunction-sections -fdata-sections -Wall -fstack-usage -MMD -MP -MF"Src/main.d" -MT"Src/main.o" --specs=nano.specs -mfloat-abi=soft -mthumb -o "Src/main.o"
../Src/main.c: In function 'main':
../Src/main.c:37:2: warning: implicit declaration of function 'init_systick_delay'; did you mean 'init_systick_interrupt'? [-Wimplicit-function-declaration]
   37 |  init_systick_delay();
      |  ^~~~~~~~~~~~~~~~~~
      |  init_systick_interrupt
../Src/main.c:60:31: warning: bitwise comparison always evaluates to false [-Wtautological-compare]
   60 |   while((USART2->SR & (1<<6)) == 0x80)
      |                               ^~
arm-none-eabi-gcc -o "STM32F103C6 LIBRARY.elf" @"objects.list"   -mcpu=cortex-m3 -T"D:\Project STMf103c6\STM32F103C6 LIBRARY\STM32F103C6TX_FLASH.ld" --specs=nosys.specs -Wl,-Map="STM32F103C6 LIBRARY.map" -Wl,--gc-sections -static --specs=nano.specs -mfloat-abi=soft -mthumb -Wl,--start-group -lc -lm -Wl,--end-group
Finished building target: STM32F103C6 LIBRARY.elf
 
arm-none-eabi-size   STM32F103C6\ LIBRARY.elf 
arm-none-eabi-objdump -h -S  STM32F103C6\ LIBRARY.elf  > "STM32F103C6 LIBRARY.list"
arm-none-eabi-objcopy  -O ihex  STM32F103C6\ LIBRARY.elf  "STM32F103C6 LIBRARY.hex"
arm-none-eabi-objcopy  -O binary  STM32F103C6\ LIBRARY.elf  "STM32F103C6 LIBRARY.bin"
   text	   data	    bss	    dec	    hex	filename
   1552	      8	   1568	   3128	    c38	STM32F103C6 LIBRARY.elf
Finished building: default.size.stdout
 
Finished building: STM32F103C6 LIBRARY.hex
Finished building: STM32F103C6 LIBRARY.bin
Finished building: STM32F103C6 LIBRARY.list
 
 
 
14:47:03 **** Incremental Build of configuration Debug for project STM32F103C6 LIBRARY ****
make -j8 all 
arm-none-eabi-gcc "../Src/main.c" -mcpu=cortex-m3 -std=gnu11 -g3 -DDEBUG -DSTM32 -DSTM32F1 -DSTM32F103C6Tx -c -I../Inc -I"D:/Project STMf103c6/STM32F103C6 LIBRARY/Drivers/CMSIS/Core/Include" -I"D:/Project STMf103c6/STM32F103C6 LIBRARY/Drivers/CMSIS/Device/ST/STM32F1xx" -I"D:/Project STMf103c6/STM32F103C6 LIBRARY/Drivers/CMSIS/Device/ST/STM32F1xx/Include" -O0 -ffunction-sections -fdata-sections -Wall -fstack-usage -MMD -MP -MF"Src/main.d" -MT"Src/main.o" --specs=nano.specs -mfloat-abi=soft -mthumb -o "Src/main.o"
../Src/main.c: In function 'main':
../Src/main.c:60:31: warning: bitwise comparison always evaluates to false [-Wtautological-compare]
   60 |   while((USART2->SR & (1<<6)) == 0x80)
      |                               ^~
arm-none-eabi-gcc -o "STM32F103C6 LIBRARY.elf" @"objects.list"   -mcpu=cortex-m3 -T"D:\Project STMf103c6\STM32F103C6 LIBRARY\STM32F103C6TX_FLASH.ld" --specs=nosys.specs -Wl,-Map="STM32F103C6 LIBRARY.map" -Wl,--gc-sections -static --specs=nano.specs -mfloat-abi=soft -mthumb -Wl,--start-group -lc -lm -Wl,--end-group
Finished building target: STM32F103C6 LIBRARY.elf
 
arm-none-eabi-size   STM32F103C6\ LIBRARY.elf 
arm-none-eabi-objdump -h -S  STM32F103C6\ LIBRARY.elf  > "STM32F103C6 LIBRARY.list"
arm-none-eabi-objcopy  -O ihex  STM32F103C6\ LIBRARY.elf  "STM32F103C6 LIBRARY.hex"
   text	   data	    bss	    dec	    hex	filename
   1552	      8	   1568	   3128	    c38	STM32F103C6 LIBRARY.elf
arm-none-eabi-objcopy  -O binary  STM32F103C6\ LIBRARY.elf  "STM32F103C6 LIBRARY.bin"
Finished building: default.size.stdout
 
Finished building: STM32F103C6 LIBRARY.hex
Finished building: STM32F103C6 LIBRARY.bin
Finished building: STM32F103C6 LIBRARY.list
 
 
 
19:44:15 **** Incremental Build of configuration Debug for project STM32F103C6 LIBRARY ****
make -j8 all 
arm-none-eabi-gcc "../Src/main.c" -mcpu=cortex-m3 -std=gnu11 -g3 -DDEBUG -DSTM32 -DSTM32F1 -DSTM32F103C6Tx -c -I../Inc -I"D:/Project STMf103c6/STM32F103C6 LIBRARY/Drivers/CMSIS/Core/Include" -I"D:/Project STMf103c6/STM32F103C6 LIBRARY/Drivers/CMSIS/Device/ST/STM32F1xx" -I"D:/Project STMf103c6/STM32F103C6 LIBRARY/Drivers/CMSIS/Device/ST/STM32F1xx/Include" -O0 -ffunction-sections -fdata-sections -Wall -fstack-usage -MMD -MP -MF"Src/main.d" -MT"Src/main.o" --specs=nano.specs -mfloat-abi=soft -mthumb -o "Src/main.o"
../Src/main.c: In function 'main':
../Src/main.c:60:31: warning: bitwise comparison always evaluates to false [-Wtautological-compare]
   60 |   while((USART2->SR & (1<<6)) == 0x80)
      |                               ^~
arm-none-eabi-gcc -o "STM32F103C6 LIBRARY.elf" @"objects.list"   -mcpu=cortex-m3 -T"D:\Project STMf103c6\STM32F103C6 LIBRARY\STM32F103C6TX_FLASH.ld" --specs=nosys.specs -Wl,-Map="STM32F103C6 LIBRARY.map" -Wl,--gc-sections -static --specs=nano.specs -mfloat-abi=soft -mthumb -Wl,--start-group -lc -lm -Wl,--end-group
Finished building target: STM32F103C6 LIBRARY.elf
 
arm-none-eabi-size   STM32F103C6\ LIBRARY.elf 
arm-none-eabi-objdump -h -S  STM32F103C6\ LIBRARY.elf  > "STM32F103C6 LIBRARY.list"
arm-none-eabi-objcopy  -O ihex  STM32F103C6\ LIBRARY.elf  "STM32F103C6 LIBRARY.hex"
arm-none-eabi-objcopy  -O binary  STM32F103C6\ LIBRARY.elf  "STM32F103C6 LIBRARY.bin"
   text	   data	    bss	    dec	    hex	filename
   1552	      8	   1568	   3128	    c38	STM32F103C6 LIBRARY.elf
Finished building: default.size.stdout
 
Finished building: STM32F103C6 LIBRARY.hex
Finished building: STM32F103C6 LIBRARY.list
Finished building: STM32F103C6 LIBRARY.bin
 
 
 
19:45:27 **** Incremental Build of configuration Debug for project STM32F103C6 LIBRARY ****
make -j8 all 
arm-none-eabi-gcc "../Src/main.c" -mcpu=cortex-m3 -std=gnu11 -g3 -DDEBUG -DSTM32 -DSTM32F1 -DSTM32F103C6Tx -c -I../Inc -I"D:/Project STMf103c6/STM32F103C6 LIBRARY/Drivers/CMSIS/Core/Include" -I"D:/Project STMf103c6/STM32F103C6 LIBRARY/Drivers/CMSIS/Device/ST/STM32F1xx" -I"D:/Project STMf103c6/STM32F103C6 LIBRARY/Drivers/CMSIS/Device/ST/STM32F1xx/Include" -O0 -ffunction-sections -fdata-sections -Wall -fstack-usage -MMD -MP -MF"Src/main.d" -MT"Src/main.o" --specs=nano.specs -mfloat-abi=soft -mthumb -o "Src/main.o"
../Src/main.c: In function 'main':
../Src/main.c:60:31: warning: bitwise comparison always evaluates to false [-Wtautological-compare]
   60 |   while((USART2->SR & (1<<6)) == 0x80);
      |                               ^~
arm-none-eabi-gcc -o "STM32F103C6 LIBRARY.elf" @"objects.list"   -mcpu=cortex-m3 -T"D:\Project STMf103c6\STM32F103C6 LIBRARY\STM32F103C6TX_FLASH.ld" --specs=nosys.specs -Wl,-Map="STM32F103C6 LIBRARY.map" -Wl,--gc-sections -static --specs=nano.specs -mfloat-abi=soft -mthumb -Wl,--start-group -lc -lm -Wl,--end-group
Finished building target: STM32F103C6 LIBRARY.elf
 
arm-none-eabi-size   STM32F103C6\ LIBRARY.elf 
arm-none-eabi-objdump -h -S  STM32F103C6\ LIBRARY.elf  > "STM32F103C6 LIBRARY.list"
arm-none-eabi-objcopy  -O ihex  STM32F103C6\ LIBRARY.elf  "STM32F103C6 LIBRARY.hex"
   text	   data	    bss	    dec	    hex	filename
   1552	      8	   1568	   3128	    c38	STM32F103C6 LIBRARY.elf
arm-none-eabi-objcopy  -O binary  STM32F103C6\ LIBRARY.elf  "STM32F103C6 LIBRARY.bin"
Finished building: default.size.stdout
 
Finished building: STM32F103C6 LIBRARY.hex
Finished building: STM32F103C6 LIBRARY.list
Finished building: STM32F103C6 LIBRARY.bin
 
 
 
19:46:01 **** Incremental Build of configuration Debug for project STM32F103C6 LIBRARY ****
make -j8 all 
arm-none-eabi-gcc "../Src/main.c" -mcpu=cortex-m3 -std=gnu11 -g3 -DDEBUG -DSTM32 -DSTM32F1 -DSTM32F103C6Tx -c -I../Inc -I"D:/Project STMf103c6/STM32F103C6 LIBRARY/Drivers/CMSIS/Core/Include" -I"D:/Project STMf103c6/STM32F103C6 LIBRARY/Drivers/CMSIS/Device/ST/STM32F1xx" -I"D:/Project STMf103c6/STM32F103C6 LIBRARY/Drivers/CMSIS/Device/ST/STM32F1xx/Include" -O0 -ffunction-sections -fdata-sections -Wall -fstack-usage -MMD -MP -MF"Src/main.d" -MT"Src/main.o" --specs=nano.specs -mfloat-abi=soft -mthumb -o "Src/main.o"
../Src/main.c: In function 'main':
../Src/main.c:60:31: warning: bitwise comparison always evaluates to false [-Wtautological-compare]
   60 |   while((USART2->SR & (1<<6)) == 0x80);
      |                               ^~
arm-none-eabi-gcc -o "STM32F103C6 LIBRARY.elf" @"objects.list"   -mcpu=cortex-m3 -T"D:\Project STMf103c6\STM32F103C6 LIBRARY\STM32F103C6TX_FLASH.ld" --specs=nosys.specs -Wl,-Map="STM32F103C6 LIBRARY.map" -Wl,--gc-sections -static --specs=nano.specs -mfloat-abi=soft -mthumb -Wl,--start-group -lc -lm -Wl,--end-group
Finished building target: STM32F103C6 LIBRARY.elf
 
arm-none-eabi-size   STM32F103C6\ LIBRARY.elf 
arm-none-eabi-objdump -h -S  STM32F103C6\ LIBRARY.elf  > "STM32F103C6 LIBRARY.list"
arm-none-eabi-objcopy  -O ihex  STM32F103C6\ LIBRARY.elf  "STM32F103C6 LIBRARY.hex"
arm-none-eabi-objcopy  -O binary  STM32F103C6\ LIBRARY.elf  "STM32F103C6 LIBRARY.bin"
   text	   data	    bss	    dec	    hex	filename
   1644	      8	   1568	   3220	    c94	STM32F103C6 LIBRARY.elf
Finished building: default.size.stdout
 
Finished building: STM32F103C6 LIBRARY.hex
Finished building: STM32F103C6 LIBRARY.bin
Finished building: STM32F103C6 LIBRARY.list
 
 
 
19:46:45 **** Incremental Build of configuration Debug for project STM32F103C6 LIBRARY ****
make -j8 all 
arm-none-eabi-gcc "../Src/main.c" -mcpu=cortex-m3 -std=gnu11 -g3 -DDEBUG -DSTM32 -DSTM32F1 -DSTM32F103C6Tx -c -I../Inc -I"D:/Project STMf103c6/STM32F103C6 LIBRARY/Drivers/CMSIS/Core/Include" -I"D:/Project STMf103c6/STM32F103C6 LIBRARY/Drivers/CMSIS/Device/ST/STM32F1xx" -I"D:/Project STMf103c6/STM32F103C6 LIBRARY/Drivers/CMSIS/Device/ST/STM32F1xx/Include" -O0 -ffunction-sections -fdata-sections -Wall -fstack-usage -MMD -MP -MF"Src/main.d" -MT"Src/main.o" --specs=nano.specs -mfloat-abi=soft -mthumb -o "Src/main.o"
../Src/main.c: In function 'main':
../Src/main.c:60:31: warning: bitwise comparison always evaluates to false [-Wtautological-compare]
   60 |   while((USART2->SR & (1<<6)) == 0x80);
      |                               ^~
arm-none-eabi-gcc -o "STM32F103C6 LIBRARY.elf" @"objects.list"   -mcpu=cortex-m3 -T"D:\Project STMf103c6\STM32F103C6 LIBRARY\STM32F103C6TX_FLASH.ld" --specs=nosys.specs -Wl,-Map="STM32F103C6 LIBRARY.map" -Wl,--gc-sections -static --specs=nano.specs -mfloat-abi=soft -mthumb -Wl,--start-group -lc -lm -Wl,--end-group
Finished building target: STM32F103C6 LIBRARY.elf
 
arm-none-eabi-size   STM32F103C6\ LIBRARY.elf 
arm-none-eabi-objdump -h -S  STM32F103C6\ LIBRARY.elf  > "STM32F103C6 LIBRARY.list"
arm-none-eabi-objcopy  -O ihex  STM32F103C6\ LIBRARY.elf  "STM32F103C6 LIBRARY.hex"
arm-none-eabi-objcopy  -O binary  STM32F103C6\ LIBRARY.elf  "STM32F103C6 LIBRARY.bin"
   text	   data	    bss	    dec	    hex	filename
   1644	      8	   1568	   3220	    c94	STM32F103C6 LIBRARY.elf
Finished building: default.size.stdout
 
Finished building: STM32F103C6 LIBRARY.hex
Finished building: STM32F103C6 LIBRARY.bin
Finished building: STM32F103C6 LIBRARY.list
 
 
 
19:47:55 **** Incremental Build of configuration Debug for project STM32F103C6 LIBRARY ****
make -j8 all 
arm-none-eabi-gcc "../Src/main.c" -mcpu=cortex-m3 -std=gnu11 -g3 -DDEBUG -DSTM32 -DSTM32F1 -DSTM32F103C6Tx -c -I../Inc -I"D:/Project STMf103c6/STM32F103C6 LIBRARY/Drivers/CMSIS/Core/Include" -I"D:/Project STMf103c6/STM32F103C6 LIBRARY/Drivers/CMSIS/Device/ST/STM32F1xx" -I"D:/Project STMf103c6/STM32F103C6 LIBRARY/Drivers/CMSIS/Device/ST/STM32F1xx/Include" -O0 -ffunction-sections -fdata-sections -Wall -fstack-usage -MMD -MP -MF"Src/main.d" -MT"Src/main.o" --specs=nano.specs -mfloat-abi=soft -mthumb -o "Src/main.o"
../Src/main.c: In function 'main':
../Src/main.c:60:31: warning: bitwise comparison always evaluates to false [-Wtautological-compare]
   60 |   while((USART2->SR & (1<<6)) == 0x80);
      |                               ^~
arm-none-eabi-gcc -o "STM32F103C6 LIBRARY.elf" @"objects.list"   -mcpu=cortex-m3 -T"D:\Project STMf103c6\STM32F103C6 LIBRARY\STM32F103C6TX_FLASH.ld" --specs=nosys.specs -Wl,-Map="STM32F103C6 LIBRARY.map" -Wl,--gc-sections -static --specs=nano.specs -mfloat-abi=soft -mthumb -Wl,--start-group -lc -lm -Wl,--end-group
Finished building target: STM32F103C6 LIBRARY.elf
 
arm-none-eabi-size   STM32F103C6\ LIBRARY.elf 
arm-none-eabi-objdump -h -S  STM32F103C6\ LIBRARY.elf  > "STM32F103C6 LIBRARY.list"
arm-none-eabi-objcopy  -O ihex  STM32F103C6\ LIBRARY.elf  "STM32F103C6 LIBRARY.hex"
arm-none-eabi-objcopy  -O binary  STM32F103C6\ LIBRARY.elf  "STM32F103C6 LIBRARY.bin"
   text	   data	    bss	    dec	    hex	filename
   1644	      8	   1568	   3220	    c94	STM32F103C6 LIBRARY.elf
Finished building: default.size.stdout
 
Finished building: STM32F103C6 LIBRARY.hex
Finished building: STM32F103C6 LIBRARY.bin
Finished building: STM32F103C6 LIBRARY.list
 
 
 
19:48:49 **** Clean-only build of configuration Debug for project Reg_Uart ****
make -j8 clean 
rm -rf ./Startup/startup_stm32f103c6tx.d ./Startup/startup_stm32f103c6tx.o
rm -rf ./Src/main.d ./Src/main.o ./Src/syscalls.d ./Src/syscalls.o ./Src/sysmem.d ./Src/sysmem.o
rm -rf ./Inc/config.d ./Inc/config.o
rm -rf Reg_Uart.bin Reg_Uart.elf Reg_Uart.hex Reg_Uart.list default.size.stdout
 
19:48:49 **** Build of configuration Debug for project Reg_Uart ****
make -j8 all 
arm-none-eabi-gcc -mcpu=cortex-m3 -g3 -DDEBUG -c -I"D:/Project STM/Reg_Uart/Drivers/CMSIS/Core/Include" -I"D:/Project STM/Reg_Uart/Drivers/CMSIS/Device/ST/STM32F1xx/Include" -x assembler-with-cpp -MMD -MP -MF"Startup/startup_stm32f103c6tx.d" -MT"Startup/startup_stm32f103c6tx.o" --specs=nano.specs -mfloat-abi=soft -mthumb -o "Startup/startup_stm32f103c6tx.o" "../Startup/startup_stm32f103c6tx.s"
arm-none-eabi-gcc "../Src/main.c" -mcpu=cortex-m3 -std=gnu11 -g3 -DDEBUG -DSTM32 -DSTM32F1 -DSTM32F103C6Tx -c -I../Inc -I"D:/Project STM/Reg_Uart/Drivers/CMSIS/Core/Include" -I"D:/Project STM/Reg_Uart/Drivers/CMSIS/Device/ST/STM32F1xx/Include" -O0 -ffunction-sections -fdata-sections -Wall -fstack-usage -MMD -MP -MF"Src/main.d" -MT"Src/main.o" --specs=nano.specs -mfloat-abi=soft -mthumb -o "Src/main.o"
arm-none-eabi-gcc "../Src/syscalls.c" -mcpu=cortex-m3 -std=gnu11 -g3 -DDEBUG -DSTM32 -DSTM32F1 -DSTM32F103C6Tx -c -I../Inc -I"D:/Project STM/Reg_Uart/Drivers/CMSIS/Core/Include" -I"D:/Project STM/Reg_Uart/Drivers/CMSIS/Device/ST/STM32F1xx/Include" -O0 -ffunction-sections -fdata-sections -Wall -fstack-usage -MMD -MP -MF"Src/syscalls.d" -MT"Src/syscalls.o" --specs=nano.specs -mfloat-abi=soft -mthumb -o "Src/syscalls.o"
arm-none-eabi-gcc "../Src/sysmem.c" -mcpu=cortex-m3 -std=gnu11 -g3 -DDEBUG -DSTM32 -DSTM32F1 -DSTM32F103C6Tx -c -I../Inc -I"D:/Project STM/Reg_Uart/Drivers/CMSIS/Core/Include" -I"D:/Project STM/Reg_Uart/Drivers/CMSIS/Device/ST/STM32F1xx/Include" -O0 -ffunction-sections -fdata-sections -Wall -fstack-usage -MMD -MP -MF"Src/sysmem.d" -MT"Src/sysmem.o" --specs=nano.specs -mfloat-abi=soft -mthumb -o "Src/sysmem.o"
arm-none-eabi-gcc "../Inc/config.c" -mcpu=cortex-m3 -std=gnu11 -g3 -DDEBUG -DSTM32 -DSTM32F1 -DSTM32F103C6Tx -c -I../Inc -I"D:/Project STM/Reg_Uart/Drivers/CMSIS/Core/Include" -I"D:/Project STM/Reg_Uart/Drivers/CMSIS/Device/ST/STM32F1xx/Include" -O0 -ffunction-sections -fdata-sections -Wall -fstack-usage -MMD -MP -MF"Inc/config.d" -MT"Inc/config.o" --specs=nano.specs -mfloat-abi=soft -mthumb -o "Inc/config.o"
arm-none-eabi-gcc -o "Reg_Uart.elf" @"objects.list"   -mcpu=cortex-m3 -T"D:\Project STM\Reg_Uart\STM32F103C6TX_FLASH.ld" --specs=nosys.specs -Wl,-Map="Reg_Uart.map" -Wl,--gc-sections -static --specs=nano.specs -mfloat-abi=soft -mthumb -Wl,--start-group -lc -lm -Wl,--end-group
Finished building target: Reg_Uart.elf
 
arm-none-eabi-size   Reg_Uart.elf 
arm-none-eabi-objdump -h -S  Reg_Uart.elf  > "Reg_Uart.list"
arm-none-eabi-objcopy  -O ihex  Reg_Uart.elf  "Reg_Uart.hex"
arm-none-eabi-objcopy  -O binary  Reg_Uart.elf  "Reg_Uart.bin"
   text	   data	    bss	    dec	    hex	filename
   1120	      8	   1568	   2696	    a88	Reg_Uart.elf
Finished building: default.size.stdout
 
Finished building: Reg_Uart.hex
Finished building: Reg_Uart.bin
Finished building: Reg_Uart.list
 
 
 
19:48:50 **** Incremental Build of configuration Debug for project STM32F103C6 LIBRARY ****
make -j8 all 
arm-none-eabi-size   STM32F103C6\ LIBRARY.elf 
   text	   data	    bss	    dec	    hex	filename
   1644	      8	   1568	   3220	    c94	STM32F103C6 LIBRARY.elf
Finished building: default.size.stdout
 
19:50:55 **** Incremental Build of configuration Debug for project STM32F103C6 LIBRARY ****
make -j8 all 
arm-none-eabi-size   STM32F103C6\ LIBRARY.elf 
   text	   data	    bss	    dec	    hex	filename
   1644	      8	   1568	   3220	    c94	STM32F103C6 LIBRARY.elf
Finished building: default.size.stdout
 
19:51:51 **** Incremental Build of configuration Debug for project STM32F103C6 LIBRARY ****
make -j8 all 
arm-none-eabi-gcc "../Src/main.c" -mcpu=cortex-m3 -std=gnu11 -g3 -DDEBUG -DSTM32 -DSTM32F1 -DSTM32F103C6Tx -c -I../Inc -I"D:/Project STMf103c6/STM32F103C6 LIBRARY/Drivers/CMSIS/Core/Include" -I"D:/Project STMf103c6/STM32F103C6 LIBRARY/Drivers/CMSIS/Device/ST/STM32F1xx" -I"D:/Project STMf103c6/STM32F103C6 LIBRARY/Drivers/CMSIS/Device/ST/STM32F1xx/Include" -O0 -ffunction-sections -fdata-sections -Wall -fstack-usage -MMD -MP -MF"Src/main.d" -MT"Src/main.o" --specs=nano.specs -mfloat-abi=soft -mthumb -o "Src/main.o"
../Src/main.c: In function 'main':
../Src/main.c:60:31: warning: bitwise comparison always evaluates to false [-Wtautological-compare]
   60 |   while((USART2->SR & (1<<6)) == 0x80);
      |                               ^~
arm-none-eabi-gcc -o "STM32F103C6 LIBRARY.elf" @"objects.list"   -mcpu=cortex-m3 -T"D:\Project STMf103c6\STM32F103C6 LIBRARY\STM32F103C6TX_FLASH.ld" --specs=nosys.specs -Wl,-Map="STM32F103C6 LIBRARY.map" -Wl,--gc-sections -static --specs=nano.specs -mfloat-abi=soft -mthumb -Wl,--start-group -lc -lm -Wl,--end-group
Finished building target: STM32F103C6 LIBRARY.elf
 
arm-none-eabi-size   STM32F103C6\ LIBRARY.elf 
arm-none-eabi-objdump -h -S  STM32F103C6\ LIBRARY.elf  > "STM32F103C6 LIBRARY.list"
arm-none-eabi-objcopy  -O ihex  STM32F103C6\ LIBRARY.elf  "STM32F103C6 LIBRARY.hex"
arm-none-eabi-objcopy  -O binary  STM32F103C6\ LIBRARY.elf  "STM32F103C6 LIBRARY.bin"
   text	   data	    bss	    dec	    hex	filename
   1644	      8	   1568	   3220	    c94	STM32F103C6 LIBRARY.elf
Finished building: default.size.stdout
 
Finished building: STM32F103C6 LIBRARY.bin
Finished building: STM32F103C6 LIBRARY.hex
Finished building: STM32F103C6 LIBRARY.list
 
 
 
19:52:01 **** Incremental Build of configuration Debug for project STM32F103C6 LIBRARY ****
make -j8 all 
arm-none-eabi-size   STM32F103C6\ LIBRARY.elf 
   text	   data	    bss	    dec	    hex	filename
   1644	      8	   1568	   3220	    c94	STM32F103C6 LIBRARY.elf
Finished building: default.size.stdout
 
19:56:08 **** Incremental Build of configuration Debug for project STM32F103C6 LIBRARY ****
make -j8 all 
arm-none-eabi-gcc "../Src/main.c" -mcpu=cortex-m3 -std=gnu11 -g3 -DDEBUG -DSTM32 -DSTM32F1 -DSTM32F103C6Tx -c -I../Inc -I"D:/Project STMf103c6/STM32F103C6 LIBRARY/Drivers/CMSIS/Core/Include" -I"D:/Project STMf103c6/STM32F103C6 LIBRARY/Drivers/CMSIS/Device/ST/STM32F1xx" -I"D:/Project STMf103c6/STM32F103C6 LIBRARY/Drivers/CMSIS/Device/ST/STM32F1xx/Include" -O0 -ffunction-sections -fdata-sections -Wall -fstack-usage -MMD -MP -MF"Src/main.d" -MT"Src/main.o" --specs=nano.specs -mfloat-abi=soft -mthumb -o "Src/main.o"
../Src/main.c: In function 'main':
../Src/main.c:60:31: warning: bitwise comparison always evaluates to false [-Wtautological-compare]
   60 |   while((USART2->SR & (1<<6)) == 0x80);
      |                               ^~
arm-none-eabi-gcc -o "STM32F103C6 LIBRARY.elf" @"objects.list"   -mcpu=cortex-m3 -T"D:\Project STMf103c6\STM32F103C6 LIBRARY\STM32F103C6TX_FLASH.ld" --specs=nosys.specs -Wl,-Map="STM32F103C6 LIBRARY.map" -Wl,--gc-sections -static --specs=nano.specs -mfloat-abi=soft -mthumb -Wl,--start-group -lc -lm -Wl,--end-group
Finished building target: STM32F103C6 LIBRARY.elf
 
arm-none-eabi-size   STM32F103C6\ LIBRARY.elf 
arm-none-eabi-objdump -h -S  STM32F103C6\ LIBRARY.elf  > "STM32F103C6 LIBRARY.list"
arm-none-eabi-objcopy  -O ihex  STM32F103C6\ LIBRARY.elf  "STM32F103C6 LIBRARY.hex"
arm-none-eabi-objcopy  -O binary  STM32F103C6\ LIBRARY.elf  "STM32F103C6 LIBRARY.bin"
   text	   data	    bss	    dec	    hex	filename
   1644	      8	   1568	   3220	    c94	STM32F103C6 LIBRARY.elf
Finished building: default.size.stdout
 
Finished building: STM32F103C6 LIBRARY.bin
Finished building: STM32F103C6 LIBRARY.hex
Finished building: STM32F103C6 LIBRARY.list
 
 
 
19:56:42 **** Incremental Build of configuration Debug for project STM32F103C6 LIBRARY ****
make -j8 all 
arm-none-eabi-gcc "../Src/main.c" -mcpu=cortex-m3 -std=gnu11 -g3 -DDEBUG -DSTM32 -DSTM32F1 -DSTM32F103C6Tx -c -I../Inc -I"D:/Project STMf103c6/STM32F103C6 LIBRARY/Drivers/CMSIS/Core/Include" -I"D:/Project STMf103c6/STM32F103C6 LIBRARY/Drivers/CMSIS/Device/ST/STM32F1xx" -I"D:/Project STMf103c6/STM32F103C6 LIBRARY/Drivers/CMSIS/Device/ST/STM32F1xx/Include" -O0 -ffunction-sections -fdata-sections -Wall -fstack-usage -MMD -MP -MF"Src/main.d" -MT"Src/main.o" --specs=nano.specs -mfloat-abi=soft -mthumb -o "Src/main.o"
../Src/main.c: In function 'main':
../Src/main.c:59:31: warning: bitwise comparison always evaluates to false [-Wtautological-compare]
   59 |   while((USART2->SR & (1<<6)) == 0x80);
      |                               ^~
arm-none-eabi-gcc -o "STM32F103C6 LIBRARY.elf" @"objects.list"   -mcpu=cortex-m3 -T"D:\Project STMf103c6\STM32F103C6 LIBRARY\STM32F103C6TX_FLASH.ld" --specs=nosys.specs -Wl,-Map="STM32F103C6 LIBRARY.map" -Wl,--gc-sections -static --specs=nano.specs -mfloat-abi=soft -mthumb -Wl,--start-group -lc -lm -Wl,--end-group
Finished building target: STM32F103C6 LIBRARY.elf
 
arm-none-eabi-size   STM32F103C6\ LIBRARY.elf 
arm-none-eabi-objdump -h -S  STM32F103C6\ LIBRARY.elf  > "STM32F103C6 LIBRARY.list"
arm-none-eabi-objcopy  -O ihex  STM32F103C6\ LIBRARY.elf  "STM32F103C6 LIBRARY.hex"
arm-none-eabi-objcopy  -O binary  STM32F103C6\ LIBRARY.elf  "STM32F103C6 LIBRARY.bin"
   text	   data	    bss	    dec	    hex	filename
   1644	      8	   1568	   3220	    c94	STM32F103C6 LIBRARY.elf
Finished building: default.size.stdout
 
Finished building: STM32F103C6 LIBRARY.hex
Finished building: STM32F103C6 LIBRARY.bin
Finished building: STM32F103C6 LIBRARY.list
 
 
 
19:57:28 **** Incremental Build of configuration Debug for project STM32F103C6 LIBRARY ****
make -j8 all 
arm-none-eabi-gcc "../Src/main.c" -mcpu=cortex-m3 -std=gnu11 -g3 -DDEBUG -DSTM32 -DSTM32F1 -DSTM32F103C6Tx -c -I../Inc -I"D:/Project STMf103c6/STM32F103C6 LIBRARY/Drivers/CMSIS/Core/Include" -I"D:/Project STMf103c6/STM32F103C6 LIBRARY/Drivers/CMSIS/Device/ST/STM32F1xx" -I"D:/Project STMf103c6/STM32F103C6 LIBRARY/Drivers/CMSIS/Device/ST/STM32F1xx/Include" -O0 -ffunction-sections -fdata-sections -Wall -fstack-usage -MMD -MP -MF"Src/main.d" -MT"Src/main.o" --specs=nano.specs -mfloat-abi=soft -mthumb -o "Src/main.o"
../Src/main.c: In function 'main':
../Src/main.c:60:31: warning: bitwise comparison always evaluates to false [-Wtautological-compare]
   60 |   while((USART2->SR & (1<<6)) == 0x80);
      |                               ^~
arm-none-eabi-gcc -o "STM32F103C6 LIBRARY.elf" @"objects.list"   -mcpu=cortex-m3 -T"D:\Project STMf103c6\STM32F103C6 LIBRARY\STM32F103C6TX_FLASH.ld" --specs=nosys.specs -Wl,-Map="STM32F103C6 LIBRARY.map" -Wl,--gc-sections -static --specs=nano.specs -mfloat-abi=soft -mthumb -Wl,--start-group -lc -lm -Wl,--end-group
Finished building target: STM32F103C6 LIBRARY.elf
 
arm-none-eabi-size   STM32F103C6\ LIBRARY.elf 
arm-none-eabi-objdump -h -S  STM32F103C6\ LIBRARY.elf  > "STM32F103C6 LIBRARY.list"
arm-none-eabi-objcopy  -O ihex  STM32F103C6\ LIBRARY.elf  "STM32F103C6 LIBRARY.hex"
arm-none-eabi-objcopy  -O binary  STM32F103C6\ LIBRARY.elf  "STM32F103C6 LIBRARY.bin"
   text	   data	    bss	    dec	    hex	filename
   1652	      8	   1568	   3228	    c9c	STM32F103C6 LIBRARY.elf
Finished building: default.size.stdout
 
Finished building: STM32F103C6 LIBRARY.hex
Finished building: STM32F103C6 LIBRARY.bin
Finished building: STM32F103C6 LIBRARY.list
 
 
 
19:59:19 **** Incremental Build of configuration Debug for project STM32F103C6 LIBRARY ****
make -j8 all 
arm-none-eabi-gcc "../Src/main.c" -mcpu=cortex-m3 -std=gnu11 -g3 -DDEBUG -DSTM32 -DSTM32F1 -DSTM32F103C6Tx -c -I../Inc -I"D:/Project STMf103c6/STM32F103C6 LIBRARY/Drivers/CMSIS/Core/Include" -I"D:/Project STMf103c6/STM32F103C6 LIBRARY/Drivers/CMSIS/Device/ST/STM32F1xx" -I"D:/Project STMf103c6/STM32F103C6 LIBRARY/Drivers/CMSIS/Device/ST/STM32F1xx/Include" -O0 -ffunction-sections -fdata-sections -Wall -fstack-usage -MMD -MP -MF"Src/main.d" -MT"Src/main.o" --specs=nano.specs -mfloat-abi=soft -mthumb -o "Src/main.o"
../Src/main.c: In function 'main':
../Src/main.c:60:31: warning: bitwise comparison always evaluates to false [-Wtautological-compare]
   60 |   while((USART2->SR & (1<<6)) == 0x80);
      |                               ^~
arm-none-eabi-gcc -o "STM32F103C6 LIBRARY.elf" @"objects.list"   -mcpu=cortex-m3 -T"D:\Project STMf103c6\STM32F103C6 LIBRARY\STM32F103C6TX_FLASH.ld" --specs=nosys.specs -Wl,-Map="STM32F103C6 LIBRARY.map" -Wl,--gc-sections -static --specs=nano.specs -mfloat-abi=soft -mthumb -Wl,--start-group -lc -lm -Wl,--end-group
Finished building target: STM32F103C6 LIBRARY.elf
 
arm-none-eabi-size   STM32F103C6\ LIBRARY.elf 
arm-none-eabi-objdump -h -S  STM32F103C6\ LIBRARY.elf  > "STM32F103C6 LIBRARY.list"
arm-none-eabi-objcopy  -O ihex  STM32F103C6\ LIBRARY.elf  "STM32F103C6 LIBRARY.hex"
arm-none-eabi-objcopy  -O binary  STM32F103C6\ LIBRARY.elf  "STM32F103C6 LIBRARY.bin"
   text	   data	    bss	    dec	    hex	filename
   1604	      8	   1568	   3180	    c6c	STM32F103C6 LIBRARY.elf
Finished building: default.size.stdout
 
Finished building: STM32F103C6 LIBRARY.hex
Finished building: STM32F103C6 LIBRARY.bin
Finished building: STM32F103C6 LIBRARY.list
 
 
 
19:59:29 **** Incremental Build of configuration Debug for project STM32F103C6 LIBRARY ****
make -j8 all 
arm-none-eabi-gcc "../Src/main.c" -mcpu=cortex-m3 -std=gnu11 -g3 -DDEBUG -DSTM32 -DSTM32F1 -DSTM32F103C6Tx -c -I../Inc -I"D:/Project STMf103c6/STM32F103C6 LIBRARY/Drivers/CMSIS/Core/Include" -I"D:/Project STMf103c6/STM32F103C6 LIBRARY/Drivers/CMSIS/Device/ST/STM32F1xx" -I"D:/Project STMf103c6/STM32F103C6 LIBRARY/Drivers/CMSIS/Device/ST/STM32F1xx/Include" -O0 -ffunction-sections -fdata-sections -Wall -fstack-usage -MMD -MP -MF"Src/main.d" -MT"Src/main.o" --specs=nano.specs -mfloat-abi=soft -mthumb -o "Src/main.o"
../Src/main.c: In function 'main':
../Src/main.c:58:3: warning: implicit declaration of function 'delayms'; did you mean 'delay_ms'? [-Wimplicit-function-declaration]
   58 |   delayms(5000);
      |   ^~~~~~~
      |   delay_ms
../Src/main.c:60:31: warning: bitwise comparison always evaluates to false [-Wtautological-compare]
   60 |   while((USART2->SR & (1<<6)) == 0x80);
      |                               ^~
arm-none-eabi-gcc -o "STM32F103C6 LIBRARY.elf" @"objects.list"   -mcpu=cortex-m3 -T"D:\Project STMf103c6\STM32F103C6 LIBRARY\STM32F103C6TX_FLASH.ld" --specs=nosys.specs -Wl,-Map="STM32F103C6 LIBRARY.map" -Wl,--gc-sections -static --specs=nano.specs -mfloat-abi=soft -mthumb -Wl,--start-group -lc -lm -Wl,--end-group
Finished building target: STM32F103C6 LIBRARY.elf
 
arm-none-eabi-size   STM32F103C6\ LIBRARY.elf 
arm-none-eabi-objdump -h -S  STM32F103C6\ LIBRARY.elf  > "STM32F103C6 LIBRARY.list"
arm-none-eabi-objcopy  -O ihex  STM32F103C6\ LIBRARY.elf  "STM32F103C6 LIBRARY.hex"
arm-none-eabi-objcopy  -O binary  STM32F103C6\ LIBRARY.elf  "STM32F103C6 LIBRARY.bin"
   text	   data	    bss	    dec	    hex	filename
   1604	      8	   1568	   3180	    c6c	STM32F103C6 LIBRARY.elf
Finished building: default.size.stdout
 
Finished building: STM32F103C6 LIBRARY.hex
Finished building: STM32F103C6 LIBRARY.list
Finished building: STM32F103C6 LIBRARY.bin
 
 
 
19:59:37 **** Incremental Build of configuration Debug for project STM32F103C6 LIBRARY ****
make -j8 all 
arm-none-eabi-gcc "../Src/main.c" -mcpu=cortex-m3 -std=gnu11 -g3 -DDEBUG -DSTM32 -DSTM32F1 -DSTM32F103C6Tx -c -I../Inc -I"D:/Project STMf103c6/STM32F103C6 LIBRARY/Drivers/CMSIS/Core/Include" -I"D:/Project STMf103c6/STM32F103C6 LIBRARY/Drivers/CMSIS/Device/ST/STM32F1xx" -I"D:/Project STMf103c6/STM32F103C6 LIBRARY/Drivers/CMSIS/Device/ST/STM32F1xx/Include" -O0 -ffunction-sections -fdata-sections -Wall -fstack-usage -MMD -MP -MF"Src/main.d" -MT"Src/main.o" --specs=nano.specs -mfloat-abi=soft -mthumb -o "Src/main.o"
../Src/main.c: In function 'main':
../Src/main.c:60:31: warning: bitwise comparison always evaluates to false [-Wtautological-compare]
   60 |   while((USART2->SR & (1<<6)) == 0x80);
      |                               ^~
arm-none-eabi-gcc -o "STM32F103C6 LIBRARY.elf" @"objects.list"   -mcpu=cortex-m3 -T"D:\Project STMf103c6\STM32F103C6 LIBRARY\STM32F103C6TX_FLASH.ld" --specs=nosys.specs -Wl,-Map="STM32F103C6 LIBRARY.map" -Wl,--gc-sections -static --specs=nano.specs -mfloat-abi=soft -mthumb -Wl,--start-group -lc -lm -Wl,--end-group
Finished building target: STM32F103C6 LIBRARY.elf
 
arm-none-eabi-size   STM32F103C6\ LIBRARY.elf 
arm-none-eabi-objdump -h -S  STM32F103C6\ LIBRARY.elf  > "STM32F103C6 LIBRARY.list"
arm-none-eabi-objcopy  -O ihex  STM32F103C6\ LIBRARY.elf  "STM32F103C6 LIBRARY.hex"
arm-none-eabi-objcopy  -O binary  STM32F103C6\ LIBRARY.elf  "STM32F103C6 LIBRARY.bin"
   text	   data	    bss	    dec	    hex	filename
   1520	      8	   1568	   3096	    c18	STM32F103C6 LIBRARY.elf
Finished building: default.size.stdout
 
Finished building: STM32F103C6 LIBRARY.hex
Finished building: STM32F103C6 LIBRARY.bin
Finished building: STM32F103C6 LIBRARY.list
 
 
 
20:03:18 **** Incremental Build of configuration Debug for project STM32F103C6 LIBRARY ****
make -j8 all 
arm-none-eabi-gcc "../Src/main.c" -mcpu=cortex-m3 -std=gnu11 -g3 -DDEBUG -DSTM32 -DSTM32F1 -DSTM32F103C6Tx -c -I../Inc -I"D:/Project STMf103c6/STM32F103C6 LIBRARY/Drivers/CMSIS/Core/Include" -I"D:/Project STMf103c6/STM32F103C6 LIBRARY/Drivers/CMSIS/Device/ST/STM32F1xx" -I"D:/Project STMf103c6/STM32F103C6 LIBRARY/Drivers/CMSIS/Device/ST/STM32F1xx/Include" -O0 -ffunction-sections -fdata-sections -Wall -fstack-usage -MMD -MP -MF"Src/main.d" -MT"Src/main.o" --specs=nano.specs -mfloat-abi=soft -mthumb -o "Src/main.o"
../Src/main.c: In function 'main':
../Src/main.c:59:30: warning: bitwise comparison always evaluates to false [-Wtautological-compare]
   59 |  while((USART2->SR & (1<<6)) == 0x80);
      |                              ^~
../Src/main.c:61:30: warning: bitwise comparison always evaluates to false [-Wtautological-compare]
   61 |  while((USART2->SR & (1<<6)) == 0x80);
      |                              ^~
arm-none-eabi-gcc -o "STM32F103C6 LIBRARY.elf" @"objects.list"   -mcpu=cortex-m3 -T"D:\Project STMf103c6\STM32F103C6 LIBRARY\STM32F103C6TX_FLASH.ld" --specs=nosys.specs -Wl,-Map="STM32F103C6 LIBRARY.map" -Wl,--gc-sections -static --specs=nano.specs -mfloat-abi=soft -mthumb -Wl,--start-group -lc -lm -Wl,--end-group
Finished building target: STM32F103C6 LIBRARY.elf
 
arm-none-eabi-size   STM32F103C6\ LIBRARY.elf 
arm-none-eabi-objdump -h -S  STM32F103C6\ LIBRARY.elf  > "STM32F103C6 LIBRARY.list"
arm-none-eabi-objcopy  -O ihex  STM32F103C6\ LIBRARY.elf  "STM32F103C6 LIBRARY.hex"
arm-none-eabi-objcopy  -O binary  STM32F103C6\ LIBRARY.elf  "STM32F103C6 LIBRARY.bin"
   text	   data	    bss	    dec	    hex	filename
   1532	      8	   1568	   3108	    c24	STM32F103C6 LIBRARY.elf
Finished building: default.size.stdout
 
Finished building: STM32F103C6 LIBRARY.bin
Finished building: STM32F103C6 LIBRARY.hex
Finished building: STM32F103C6 LIBRARY.list
 
 
 
20:03:54 **** Incremental Build of configuration Debug for project STM32F103C6 LIBRARY ****
make -j8 all 
arm-none-eabi-gcc "../Src/main.c" -mcpu=cortex-m3 -std=gnu11 -g3 -DDEBUG -DSTM32 -DSTM32F1 -DSTM32F103C6Tx -c -I../Inc -I"D:/Project STMf103c6/STM32F103C6 LIBRARY/Drivers/CMSIS/Core/Include" -I"D:/Project STMf103c6/STM32F103C6 LIBRARY/Drivers/CMSIS/Device/ST/STM32F1xx" -I"D:/Project STMf103c6/STM32F103C6 LIBRARY/Drivers/CMSIS/Device/ST/STM32F1xx/Include" -O0 -ffunction-sections -fdata-sections -Wall -fstack-usage -MMD -MP -MF"Src/main.d" -MT"Src/main.o" --specs=nano.specs -mfloat-abi=soft -mthumb -o "Src/main.o"
../Src/main.c: In function 'main':
../Src/main.c:59:30: warning: bitwise comparison always evaluates to false [-Wtautological-compare]
   59 |  while((USART2->SR & (1<<6)) == 0x80);
      |                              ^~
arm-none-eabi-gcc -o "STM32F103C6 LIBRARY.elf" @"objects.list"   -mcpu=cortex-m3 -T"D:\Project STMf103c6\STM32F103C6 LIBRARY\STM32F103C6TX_FLASH.ld" --specs=nosys.specs -Wl,-Map="STM32F103C6 LIBRARY.map" -Wl,--gc-sections -static --specs=nano.specs -mfloat-abi=soft -mthumb -Wl,--start-group -lc -lm -Wl,--end-group
Finished building target: STM32F103C6 LIBRARY.elf
 
arm-none-eabi-size   STM32F103C6\ LIBRARY.elf 
arm-none-eabi-objdump -h -S  STM32F103C6\ LIBRARY.elf  > "STM32F103C6 LIBRARY.list"
arm-none-eabi-objcopy  -O ihex  STM32F103C6\ LIBRARY.elf  "STM32F103C6 LIBRARY.hex"
arm-none-eabi-objcopy  -O binary  STM32F103C6\ LIBRARY.elf  "STM32F103C6 LIBRARY.bin"
   text	   data	    bss	    dec	    hex	filename
   1512	      8	   1568	   3088	    c10	STM32F103C6 LIBRARY.elf
Finished building: default.size.stdout
 
Finished building: STM32F103C6 LIBRARY.hex
Finished building: STM32F103C6 LIBRARY.bin
Finished building: STM32F103C6 LIBRARY.list
 
 
 
20:17:41 **** Incremental Build of configuration Debug for project STM32F103C6 LIBRARY ****
make -j8 all 
arm-none-eabi-gcc "../Src/main.c" -mcpu=cortex-m3 -std=gnu11 -g3 -DDEBUG -DSTM32 -DSTM32F1 -DSTM32F103C6Tx -c -I../Inc -I"D:/Project STMf103c6/STM32F103C6 LIBRARY/Drivers/CMSIS/Core/Include" -I"D:/Project STMf103c6/STM32F103C6 LIBRARY/Drivers/CMSIS/Device/ST/STM32F1xx" -I"D:/Project STMf103c6/STM32F103C6 LIBRARY/Drivers/CMSIS/Device/ST/STM32F1xx/Include" -O0 -ffunction-sections -fdata-sections -Wall -fstack-usage -MMD -MP -MF"Src/main.d" -MT"Src/main.o" --specs=nano.specs -mfloat-abi=soft -mthumb -o "Src/main.o"
../Src/main.c: In function 'main':
../Src/main.c:59:30: warning: bitwise comparison always evaluates to false [-Wtautological-compare]
   59 |  while((USART2->SR & (1<<6)) == 0x80);
      |                              ^~
arm-none-eabi-gcc -o "STM32F103C6 LIBRARY.elf" @"objects.list"   -mcpu=cortex-m3 -T"D:\Project STMf103c6\STM32F103C6 LIBRARY\STM32F103C6TX_FLASH.ld" --specs=nosys.specs -Wl,-Map="STM32F103C6 LIBRARY.map" -Wl,--gc-sections -static --specs=nano.specs -mfloat-abi=soft -mthumb -Wl,--start-group -lc -lm -Wl,--end-group
Finished building target: STM32F103C6 LIBRARY.elf
 
arm-none-eabi-size   STM32F103C6\ LIBRARY.elf 
arm-none-eabi-objdump -h -S  STM32F103C6\ LIBRARY.elf  > "STM32F103C6 LIBRARY.list"
arm-none-eabi-objcopy  -O ihex  STM32F103C6\ LIBRARY.elf  "STM32F103C6 LIBRARY.hex"
arm-none-eabi-objcopy  -O binary  STM32F103C6\ LIBRARY.elf  "STM32F103C6 LIBRARY.bin"
   text	   data	    bss	    dec	    hex	filename
   1512	      8	   1568	   3088	    c10	STM32F103C6 LIBRARY.elf
Finished building: default.size.stdout
 
Finished building: STM32F103C6 LIBRARY.hex
Finished building: STM32F103C6 LIBRARY.bin
Finished building: STM32F103C6 LIBRARY.list
 
 
 
20:19:00 **** Incremental Build of configuration Debug for project STM32F103C6 LIBRARY ****
make -j8 all 
arm-none-eabi-gcc "../Src/main.c" -mcpu=cortex-m3 -std=gnu11 -g3 -DDEBUG -DSTM32 -DSTM32F1 -DSTM32F103C6Tx -c -I../Inc -I"D:/Project STMf103c6/STM32F103C6 LIBRARY/Drivers/CMSIS/Core/Include" -I"D:/Project STMf103c6/STM32F103C6 LIBRARY/Drivers/CMSIS/Device/ST/STM32F1xx" -I"D:/Project STMf103c6/STM32F103C6 LIBRARY/Drivers/CMSIS/Device/ST/STM32F1xx/Include" -O0 -ffunction-sections -fdata-sections -Wall -fstack-usage -MMD -MP -MF"Src/main.d" -MT"Src/main.o" --specs=nano.specs -mfloat-abi=soft -mthumb -o "Src/main.o"
arm-none-eabi-gcc -o "STM32F103C6 LIBRARY.elf" @"objects.list"   -mcpu=cortex-m3 -T"D:\Project STMf103c6\STM32F103C6 LIBRARY\STM32F103C6TX_FLASH.ld" --specs=nosys.specs -Wl,-Map="STM32F103C6 LIBRARY.map" -Wl,--gc-sections -static --specs=nano.specs -mfloat-abi=soft -mthumb -Wl,--start-group -lc -lm -Wl,--end-group
Finished building target: STM32F103C6 LIBRARY.elf
 
arm-none-eabi-size   STM32F103C6\ LIBRARY.elf 
arm-none-eabi-objdump -h -S  STM32F103C6\ LIBRARY.elf  > "STM32F103C6 LIBRARY.list"
arm-none-eabi-objcopy  -O ihex  STM32F103C6\ LIBRARY.elf  "STM32F103C6 LIBRARY.hex"
arm-none-eabi-objcopy  -O binary  STM32F103C6\ LIBRARY.elf  "STM32F103C6 LIBRARY.bin"
   text	   data	    bss	    dec	    hex	filename
   1512	      8	   1568	   3088	    c10	STM32F103C6 LIBRARY.elf
Finished building: default.size.stdout
 
Finished building: STM32F103C6 LIBRARY.list
Finished building: STM32F103C6 LIBRARY.bin
Finished building: STM32F103C6 LIBRARY.hex
 
 
 
20:19:10 **** Incremental Build of configuration Debug for project STM32F103C6 LIBRARY ****
make -j8 all 
arm-none-eabi-gcc "../Src/main.c" -mcpu=cortex-m3 -std=gnu11 -g3 -DDEBUG -DSTM32 -DSTM32F1 -DSTM32F103C6Tx -c -I../Inc -I"D:/Project STMf103c6/STM32F103C6 LIBRARY/Drivers/CMSIS/Core/Include" -I"D:/Project STMf103c6/STM32F103C6 LIBRARY/Drivers/CMSIS/Device/ST/STM32F1xx" -I"D:/Project STMf103c6/STM32F103C6 LIBRARY/Drivers/CMSIS/Device/ST/STM32F1xx/Include" -O0 -ffunction-sections -fdata-sections -Wall -fstack-usage -MMD -MP -MF"Src/main.d" -MT"Src/main.o" --specs=nano.specs -mfloat-abi=soft -mthumb -o "Src/main.o"
arm-none-eabi-gcc -o "STM32F103C6 LIBRARY.elf" @"objects.list"   -mcpu=cortex-m3 -T"D:\Project STMf103c6\STM32F103C6 LIBRARY\STM32F103C6TX_FLASH.ld" --specs=nosys.specs -Wl,-Map="STM32F103C6 LIBRARY.map" -Wl,--gc-sections -static --specs=nano.specs -mfloat-abi=soft -mthumb -Wl,--start-group -lc -lm -Wl,--end-group
Finished building target: STM32F103C6 LIBRARY.elf
 
arm-none-eabi-size   STM32F103C6\ LIBRARY.elf 
arm-none-eabi-objdump -h -S  STM32F103C6\ LIBRARY.elf  > "STM32F103C6 LIBRARY.list"
arm-none-eabi-objcopy  -O ihex  STM32F103C6\ LIBRARY.elf  "STM32F103C6 LIBRARY.hex"
arm-none-eabi-objcopy  -O binary  STM32F103C6\ LIBRARY.elf  "STM32F103C6 LIBRARY.bin"
   text	   data	    bss	    dec	    hex	filename
   1512	      8	   1568	   3088	    c10	STM32F103C6 LIBRARY.elf
Finished building: default.size.stdout
 
Finished building: STM32F103C6 LIBRARY.hex
Finished building: STM32F103C6 LIBRARY.list
Finished building: STM32F103C6 LIBRARY.bin
 
 
 
20:26:32 **** Incremental Build of configuration Debug for project STM32F103C6 LIBRARY ****
make -j8 all 
arm-none-eabi-gcc "../Src/main.c" -mcpu=cortex-m3 -std=gnu11 -g3 -DDEBUG -DSTM32 -DSTM32F1 -DSTM32F103C6Tx -c -I../Inc -I"D:/Project STMf103c6/STM32F103C6 LIBRARY/Drivers/CMSIS/Core/Include" -I"D:/Project STMf103c6/STM32F103C6 LIBRARY/Drivers/CMSIS/Device/ST/STM32F1xx" -I"D:/Project STMf103c6/STM32F103C6 LIBRARY/Drivers/CMSIS/Device/ST/STM32F1xx/Include" -O0 -ffunction-sections -fdata-sections -Wall -fstack-usage -MMD -MP -MF"Src/main.d" -MT"Src/main.o" --specs=nano.specs -mfloat-abi=soft -mthumb -o "Src/main.o"
arm-none-eabi-gcc -o "STM32F103C6 LIBRARY.elf" @"objects.list"   -mcpu=cortex-m3 -T"D:\Project STMf103c6\STM32F103C6 LIBRARY\STM32F103C6TX_FLASH.ld" --specs=nosys.specs -Wl,-Map="STM32F103C6 LIBRARY.map" -Wl,--gc-sections -static --specs=nano.specs -mfloat-abi=soft -mthumb -Wl,--start-group -lc -lm -Wl,--end-group
Finished building target: STM32F103C6 LIBRARY.elf
 
arm-none-eabi-size   STM32F103C6\ LIBRARY.elf 
arm-none-eabi-objdump -h -S  STM32F103C6\ LIBRARY.elf  > "STM32F103C6 LIBRARY.list"
arm-none-eabi-objcopy  -O ihex  STM32F103C6\ LIBRARY.elf  "STM32F103C6 LIBRARY.hex"
arm-none-eabi-objcopy  -O binary  STM32F103C6\ LIBRARY.elf  "STM32F103C6 LIBRARY.bin"
   text	   data	    bss	    dec	    hex	filename
   1516	      8	   1568	   3092	    c14	STM32F103C6 LIBRARY.elf
Finished building: default.size.stdout
 
Finished building: STM32F103C6 LIBRARY.bin
Finished building: STM32F103C6 LIBRARY.hex
Finished building: STM32F103C6 LIBRARY.list
 
 
 
20:27:24 **** Incremental Build of configuration Debug for project STM32F103C6 LIBRARY ****
make -j8 all 
arm-none-eabi-size   STM32F103C6\ LIBRARY.elf 
   text	   data	    bss	    dec	    hex	filename
   1516	      8	   1568	   3092	    c14	STM32F103C6 LIBRARY.elf
Finished building: default.size.stdout
 
20:28:03 **** Incremental Build of configuration Debug for project STM32F103C6 LIBRARY ****
make -j8 all 
arm-none-eabi-gcc "../Src/main.c" -mcpu=cortex-m3 -std=gnu11 -g3 -DDEBUG -DSTM32 -DSTM32F1 -DSTM32F103C6Tx -c -I../Inc -I"D:/Project STMf103c6/STM32F103C6 LIBRARY/Drivers/CMSIS/Core/Include" -I"D:/Project STMf103c6/STM32F103C6 LIBRARY/Drivers/CMSIS/Device/ST/STM32F1xx" -I"D:/Project STMf103c6/STM32F103C6 LIBRARY/Drivers/CMSIS/Device/ST/STM32F1xx/Include" -O0 -ffunction-sections -fdata-sections -Wall -fstack-usage -MMD -MP -MF"Src/main.d" -MT"Src/main.o" --specs=nano.specs -mfloat-abi=soft -mthumb -o "Src/main.o"
arm-none-eabi-gcc -o "STM32F103C6 LIBRARY.elf" @"objects.list"   -mcpu=cortex-m3 -T"D:\Project STMf103c6\STM32F103C6 LIBRARY\STM32F103C6TX_FLASH.ld" --specs=nosys.specs -Wl,-Map="STM32F103C6 LIBRARY.map" -Wl,--gc-sections -static --specs=nano.specs -mfloat-abi=soft -mthumb -Wl,--start-group -lc -lm -Wl,--end-group
Finished building target: STM32F103C6 LIBRARY.elf
 
arm-none-eabi-size   STM32F103C6\ LIBRARY.elf 
arm-none-eabi-objdump -h -S  STM32F103C6\ LIBRARY.elf  > "STM32F103C6 LIBRARY.list"
arm-none-eabi-objcopy  -O ihex  STM32F103C6\ LIBRARY.elf  "STM32F103C6 LIBRARY.hex"
arm-none-eabi-objcopy  -O binary  STM32F103C6\ LIBRARY.elf  "STM32F103C6 LIBRARY.bin"
   text	   data	    bss	    dec	    hex	filename
   1516	      8	   1568	   3092	    c14	STM32F103C6 LIBRARY.elf
Finished building: default.size.stdout
 
Finished building: STM32F103C6 LIBRARY.hex
Finished building: STM32F103C6 LIBRARY.bin
Finished building: STM32F103C6 LIBRARY.list
 
 
 
20:29:03 **** Incremental Build of configuration Debug for project STM32F103C6 LIBRARY ****
make -j8 all 
arm-none-eabi-gcc "../Src/main.c" -mcpu=cortex-m3 -std=gnu11 -g3 -DDEBUG -DSTM32 -DSTM32F1 -DSTM32F103C6Tx -c -I../Inc -I"D:/Project STMf103c6/STM32F103C6 LIBRARY/Drivers/CMSIS/Core/Include" -I"D:/Project STMf103c6/STM32F103C6 LIBRARY/Drivers/CMSIS/Device/ST/STM32F1xx" -I"D:/Project STMf103c6/STM32F103C6 LIBRARY/Drivers/CMSIS/Device/ST/STM32F1xx/Include" -O0 -ffunction-sections -fdata-sections -Wall -fstack-usage -MMD -MP -MF"Src/main.d" -MT"Src/main.o" --specs=nano.specs -mfloat-abi=soft -mthumb -o "Src/main.o"
../Src/main.c: In function 'main':
../Src/main.c:63:35: warning: comparison of constant '128' with boolean expression is always false [-Wbool-compare]
   63 |  while(!(USART2->SR & USART_SR_TC)==0x80);
      |                                   ^~
../Src/main.c:63:35: warning: logical not is only applied to the left hand side of comparison [-Wlogical-not-parentheses]
../Src/main.c:63:8: note: add parentheses around left hand side expression to silence this warning
   63 |  while(!(USART2->SR & USART_SR_TC)==0x80);
      |        ^~~~~~~~~~~~~~~~~~~~~~~~~~~
      |        (                          )
arm-none-eabi-gcc -o "STM32F103C6 LIBRARY.elf" @"objects.list"   -mcpu=cortex-m3 -T"D:\Project STMf103c6\STM32F103C6 LIBRARY\STM32F103C6TX_FLASH.ld" --specs=nosys.specs -Wl,-Map="STM32F103C6 LIBRARY.map" -Wl,--gc-sections -static --specs=nano.specs -mfloat-abi=soft -mthumb -Wl,--start-group -lc -lm -Wl,--end-group
Finished building target: STM32F103C6 LIBRARY.elf
 
arm-none-eabi-size   STM32F103C6\ LIBRARY.elf 
arm-none-eabi-objdump -h -S  STM32F103C6\ LIBRARY.elf  > "STM32F103C6 LIBRARY.list"
arm-none-eabi-objcopy  -O ihex  STM32F103C6\ LIBRARY.elf  "STM32F103C6 LIBRARY.hex"
   text	   data	    bss	    dec	    hex	filename
   1508	      8	   1568	   3084	    c0c	STM32F103C6 LIBRARY.elf
arm-none-eabi-objcopy  -O binary  STM32F103C6\ LIBRARY.elf  "STM32F103C6 LIBRARY.bin"
Finished building: default.size.stdout
 
Finished building: STM32F103C6 LIBRARY.hex
Finished building: STM32F103C6 LIBRARY.bin
Finished building: STM32F103C6 LIBRARY.list
 
 
 
20:29:35 **** Incremental Build of configuration Debug for project STM32F103C6 LIBRARY ****
make -j8 all 
arm-none-eabi-gcc "../Src/main.c" -mcpu=cortex-m3 -std=gnu11 -g3 -DDEBUG -DSTM32 -DSTM32F1 -DSTM32F103C6Tx -c -I../Inc -I"D:/Project STMf103c6/STM32F103C6 LIBRARY/Drivers/CMSIS/Core/Include" -I"D:/Project STMf103c6/STM32F103C6 LIBRARY/Drivers/CMSIS/Device/ST/STM32F1xx" -I"D:/Project STMf103c6/STM32F103C6 LIBRARY/Drivers/CMSIS/Device/ST/STM32F1xx/Include" -O0 -ffunction-sections -fdata-sections -Wall -fstack-usage -MMD -MP -MF"Src/main.d" -MT"Src/main.o" --specs=nano.specs -mfloat-abi=soft -mthumb -o "Src/main.o"
../Src/main.c: In function 'main':
../Src/main.c:63:34: warning: bitwise comparison always evaluates to false [-Wtautological-compare]
   63 |  while((USART2->SR & USART_SR_TC)==0x80);
      |                                  ^~
arm-none-eabi-gcc -o "STM32F103C6 LIBRARY.elf" @"objects.list"   -mcpu=cortex-m3 -T"D:\Project STMf103c6\STM32F103C6 LIBRARY\STM32F103C6TX_FLASH.ld" --specs=nosys.specs -Wl,-Map="STM32F103C6 LIBRARY.map" -Wl,--gc-sections -static --specs=nano.specs -mfloat-abi=soft -mthumb -Wl,--start-group -lc -lm -Wl,--end-group
Finished building target: STM32F103C6 LIBRARY.elf
 
arm-none-eabi-size   STM32F103C6\ LIBRARY.elf 
arm-none-eabi-objdump -h -S  STM32F103C6\ LIBRARY.elf  > "STM32F103C6 LIBRARY.list"
arm-none-eabi-objcopy  -O ihex  STM32F103C6\ LIBRARY.elf  "STM32F103C6 LIBRARY.hex"
arm-none-eabi-objcopy  -O binary  STM32F103C6\ LIBRARY.elf  "STM32F103C6 LIBRARY.bin"
   text	   data	    bss	    dec	    hex	filename
   1516	      8	   1568	   3092	    c14	STM32F103C6 LIBRARY.elf
Finished building: default.size.stdout
 
Finished building: STM32F103C6 LIBRARY.hex
Finished building: STM32F103C6 LIBRARY.bin
Finished building: STM32F103C6 LIBRARY.list
 
 
 
20:31:31 **** Incremental Build of configuration Debug for project STM32F103C6 LIBRARY ****
make -j8 all 
arm-none-eabi-gcc "../Src/main.c" -mcpu=cortex-m3 -std=gnu11 -g3 -DDEBUG -DSTM32 -DSTM32F1 -DSTM32F103C6Tx -c -I../Inc -I"D:/Project STMf103c6/STM32F103C6 LIBRARY/Drivers/CMSIS/Core/Include" -I"D:/Project STMf103c6/STM32F103C6 LIBRARY/Drivers/CMSIS/Device/ST/STM32F1xx" -I"D:/Project STMf103c6/STM32F103C6 LIBRARY/Drivers/CMSIS/Device/ST/STM32F1xx/Include" -O0 -ffunction-sections -fdata-sections -Wall -fstack-usage -MMD -MP -MF"Src/main.d" -MT"Src/main.o" --specs=nano.specs -mfloat-abi=soft -mthumb -o "Src/main.o"
../Src/main.c: In function 'main':
../Src/main.c:63:30: warning: bitwise comparison always evaluates to false [-Wtautological-compare]
   63 |  while((USART2->SR & (1<<6)) == 0x80);
      |                              ^~
arm-none-eabi-gcc -o "STM32F103C6 LIBRARY.elf" @"objects.list"   -mcpu=cortex-m3 -T"D:\Project STMf103c6\STM32F103C6 LIBRARY\STM32F103C6TX_FLASH.ld" --specs=nosys.specs -Wl,-Map="STM32F103C6 LIBRARY.map" -Wl,--gc-sections -static --specs=nano.specs -mfloat-abi=soft -mthumb -Wl,--start-group -lc -lm -Wl,--end-group
Finished building target: STM32F103C6 LIBRARY.elf
 
arm-none-eabi-size   STM32F103C6\ LIBRARY.elf 
arm-none-eabi-objdump -h -S  STM32F103C6\ LIBRARY.elf  > "STM32F103C6 LIBRARY.list"
arm-none-eabi-objcopy  -O ihex  STM32F103C6\ LIBRARY.elf  "STM32F103C6 LIBRARY.hex"
arm-none-eabi-objcopy  -O binary  STM32F103C6\ LIBRARY.elf  "STM32F103C6 LIBRARY.bin"
   text	   data	    bss	    dec	    hex	filename
   1516	      8	   1568	   3092	    c14	STM32F103C6 LIBRARY.elf
Finished building: default.size.stdout
 
Finished building: STM32F103C6 LIBRARY.hex
Finished building: STM32F103C6 LIBRARY.bin
Finished building: STM32F103C6 LIBRARY.list
 
 
 
20:32:49 **** Incremental Build of configuration Debug for project STM32F103C6 LIBRARY ****
make -j8 all 
arm-none-eabi-gcc "../Src/main.c" -mcpu=cortex-m3 -std=gnu11 -g3 -DDEBUG -DSTM32 -DSTM32F1 -DSTM32F103C6Tx -c -I../Inc -I"D:/Project STMf103c6/STM32F103C6 LIBRARY/Drivers/CMSIS/Core/Include" -I"D:/Project STMf103c6/STM32F103C6 LIBRARY/Drivers/CMSIS/Device/ST/STM32F1xx" -I"D:/Project STMf103c6/STM32F103C6 LIBRARY/Drivers/CMSIS/Device/ST/STM32F1xx/Include" -O0 -ffunction-sections -fdata-sections -Wall -fstack-usage -MMD -MP -MF"Src/main.d" -MT"Src/main.o" --specs=nano.specs -mfloat-abi=soft -mthumb -o "Src/main.o"
arm-none-eabi-gcc -o "STM32F103C6 LIBRARY.elf" @"objects.list"   -mcpu=cortex-m3 -T"D:\Project STMf103c6\STM32F103C6 LIBRARY\STM32F103C6TX_FLASH.ld" --specs=nosys.specs -Wl,-Map="STM32F103C6 LIBRARY.map" -Wl,--gc-sections -static --specs=nano.specs -mfloat-abi=soft -mthumb -Wl,--start-group -lc -lm -Wl,--end-group
Finished building target: STM32F103C6 LIBRARY.elf
 
arm-none-eabi-size   STM32F103C6\ LIBRARY.elf 
arm-none-eabi-objdump -h -S  STM32F103C6\ LIBRARY.elf  > "STM32F103C6 LIBRARY.list"
arm-none-eabi-objcopy  -O ihex  STM32F103C6\ LIBRARY.elf  "STM32F103C6 LIBRARY.hex"
arm-none-eabi-objcopy  -O binary  STM32F103C6\ LIBRARY.elf  "STM32F103C6 LIBRARY.bin"
   text	   data	    bss	    dec	    hex	filename
   1512	      8	   1568	   3088	    c10	STM32F103C6 LIBRARY.elf
Finished building: default.size.stdout
 
Finished building: STM32F103C6 LIBRARY.hex
Finished building: STM32F103C6 LIBRARY.bin
Finished building: STM32F103C6 LIBRARY.list
 
 
 
20:33:28 **** Incremental Build of configuration Debug for project STM32F103C6 LIBRARY ****
make -j8 all 
arm-none-eabi-gcc "../Src/main.c" -mcpu=cortex-m3 -std=gnu11 -g3 -DDEBUG -DSTM32 -DSTM32F1 -DSTM32F103C6Tx -c -I../Inc -I"D:/Project STMf103c6/STM32F103C6 LIBRARY/Drivers/CMSIS/Core/Include" -I"D:/Project STMf103c6/STM32F103C6 LIBRARY/Drivers/CMSIS/Device/ST/STM32F1xx" -I"D:/Project STMf103c6/STM32F103C6 LIBRARY/Drivers/CMSIS/Device/ST/STM32F1xx/Include" -O0 -ffunction-sections -fdata-sections -Wall -fstack-usage -MMD -MP -MF"Src/main.d" -MT"Src/main.o" --specs=nano.specs -mfloat-abi=soft -mthumb -o "Src/main.o"
arm-none-eabi-gcc -o "STM32F103C6 LIBRARY.elf" @"objects.list"   -mcpu=cortex-m3 -T"D:\Project STMf103c6\STM32F103C6 LIBRARY\STM32F103C6TX_FLASH.ld" --specs=nosys.specs -Wl,-Map="STM32F103C6 LIBRARY.map" -Wl,--gc-sections -static --specs=nano.specs -mfloat-abi=soft -mthumb -Wl,--start-group -lc -lm -Wl,--end-group
Finished building target: STM32F103C6 LIBRARY.elf
 
arm-none-eabi-size   STM32F103C6\ LIBRARY.elf 
arm-none-eabi-objdump -h -S  STM32F103C6\ LIBRARY.elf  > "STM32F103C6 LIBRARY.list"
arm-none-eabi-objcopy  -O ihex  STM32F103C6\ LIBRARY.elf  "STM32F103C6 LIBRARY.hex"
arm-none-eabi-objcopy  -O binary  STM32F103C6\ LIBRARY.elf  "STM32F103C6 LIBRARY.bin"
   text	   data	    bss	    dec	    hex	filename
   1512	      8	   1568	   3088	    c10	STM32F103C6 LIBRARY.elf
Finished building: default.size.stdout
 
Finished building: STM32F103C6 LIBRARY.hex
Finished building: STM32F103C6 LIBRARY.bin
Finished building: STM32F103C6 LIBRARY.list
 
 
 
20:34:39 **** Incremental Build of configuration Debug for project STM32F103C6 LIBRARY ****
make -j8 all 
arm-none-eabi-gcc "../Src/main.c" -mcpu=cortex-m3 -std=gnu11 -g3 -DDEBUG -DSTM32 -DSTM32F1 -DSTM32F103C6Tx -c -I../Inc -I"D:/Project STMf103c6/STM32F103C6 LIBRARY/Drivers/CMSIS/Core/Include" -I"D:/Project STMf103c6/STM32F103C6 LIBRARY/Drivers/CMSIS/Device/ST/STM32F1xx" -I"D:/Project STMf103c6/STM32F103C6 LIBRARY/Drivers/CMSIS/Device/ST/STM32F1xx/Include" -O0 -ffunction-sections -fdata-sections -Wall -fstack-usage -MMD -MP -MF"Src/main.d" -MT"Src/main.o" --specs=nano.specs -mfloat-abi=soft -mthumb -o "Src/main.o"
../Src/main.c: In function 'main':
../Src/main.c:63:37: warning: bitwise comparison always evaluates to false [-Wtautological-compare]
   63 |  while( (USART2->SR & USART_SR_TC ) == 0x80);
      |                                     ^~
arm-none-eabi-gcc -o "STM32F103C6 LIBRARY.elf" @"objects.list"   -mcpu=cortex-m3 -T"D:\Project STMf103c6\STM32F103C6 LIBRARY\STM32F103C6TX_FLASH.ld" --specs=nosys.specs -Wl,-Map="STM32F103C6 LIBRARY.map" -Wl,--gc-sections -static --specs=nano.specs -mfloat-abi=soft -mthumb -Wl,--start-group -lc -lm -Wl,--end-group
Finished building target: STM32F103C6 LIBRARY.elf
 
arm-none-eabi-size   STM32F103C6\ LIBRARY.elf 
arm-none-eabi-objdump -h -S  STM32F103C6\ LIBRARY.elf  > "STM32F103C6 LIBRARY.list"
arm-none-eabi-objcopy  -O ihex  STM32F103C6\ LIBRARY.elf  "STM32F103C6 LIBRARY.hex"
arm-none-eabi-objcopy  -O binary  STM32F103C6\ LIBRARY.elf  "STM32F103C6 LIBRARY.bin"
   text	   data	    bss	    dec	    hex	filename
   1512	      8	   1568	   3088	    c10	STM32F103C6 LIBRARY.elf
Finished building: default.size.stdout
 
Finished building: STM32F103C6 LIBRARY.hex
Finished building: STM32F103C6 LIBRARY.bin
Finished building: STM32F103C6 LIBRARY.list
 
 
 
20:38:54 **** Incremental Build of configuration Debug for project STM32F103C6 LIBRARY ****
make -j8 all 
arm-none-eabi-gcc "../Src/main.c" -mcpu=cortex-m3 -std=gnu11 -g3 -DDEBUG -DSTM32 -DSTM32F1 -DSTM32F103C6Tx -c -I../Inc -I"D:/Project STMf103c6/STM32F103C6 LIBRARY/Drivers/CMSIS/Core/Include" -I"D:/Project STMf103c6/STM32F103C6 LIBRARY/Drivers/CMSIS/Device/ST/STM32F1xx" -I"D:/Project STMf103c6/STM32F103C6 LIBRARY/Drivers/CMSIS/Device/ST/STM32F1xx/Include" -O0 -ffunction-sections -fdata-sections -Wall -fstack-usage -MMD -MP -MF"Src/main.d" -MT"Src/main.o" --specs=nano.specs -mfloat-abi=soft -mthumb -o "Src/main.o"
arm-none-eabi-gcc -o "STM32F103C6 LIBRARY.elf" @"objects.list"   -mcpu=cortex-m3 -T"D:\Project STMf103c6\STM32F103C6 LIBRARY\STM32F103C6TX_FLASH.ld" --specs=nosys.specs -Wl,-Map="STM32F103C6 LIBRARY.map" -Wl,--gc-sections -static --specs=nano.specs -mfloat-abi=soft -mthumb -Wl,--start-group -lc -lm -Wl,--end-group
Finished building target: STM32F103C6 LIBRARY.elf
 
arm-none-eabi-size   STM32F103C6\ LIBRARY.elf 
arm-none-eabi-objdump -h -S  STM32F103C6\ LIBRARY.elf  > "STM32F103C6 LIBRARY.list"
arm-none-eabi-objcopy  -O ihex  STM32F103C6\ LIBRARY.elf  "STM32F103C6 LIBRARY.hex"
arm-none-eabi-objcopy  -O binary  STM32F103C6\ LIBRARY.elf  "STM32F103C6 LIBRARY.bin"
   text	   data	    bss	    dec	    hex	filename
   1512	      8	   1568	   3088	    c10	STM32F103C6 LIBRARY.elf
Finished building: default.size.stdout
 
Finished building: STM32F103C6 LIBRARY.hex
Finished building: STM32F103C6 LIBRARY.bin
Finished building: STM32F103C6 LIBRARY.list
 
 
 
20:39:23 **** Incremental Build of configuration Debug for project STM32F103C6 LIBRARY ****
make -j8 all 
arm-none-eabi-gcc "../Src/main.c" -mcpu=cortex-m3 -std=gnu11 -g3 -DDEBUG -DSTM32 -DSTM32F1 -DSTM32F103C6Tx -c -I../Inc -I"D:/Project STMf103c6/STM32F103C6 LIBRARY/Drivers/CMSIS/Core/Include" -I"D:/Project STMf103c6/STM32F103C6 LIBRARY/Drivers/CMSIS/Device/ST/STM32F1xx" -I"D:/Project STMf103c6/STM32F103C6 LIBRARY/Drivers/CMSIS/Device/ST/STM32F1xx/Include" -O0 -ffunction-sections -fdata-sections -Wall -fstack-usage -MMD -MP -MF"Src/main.d" -MT"Src/main.o" --specs=nano.specs -mfloat-abi=soft -mthumb -o "Src/main.o"
arm-none-eabi-gcc -o "STM32F103C6 LIBRARY.elf" @"objects.list"   -mcpu=cortex-m3 -T"D:\Project STMf103c6\STM32F103C6 LIBRARY\STM32F103C6TX_FLASH.ld" --specs=nosys.specs -Wl,-Map="STM32F103C6 LIBRARY.map" -Wl,--gc-sections -static --specs=nano.specs -mfloat-abi=soft -mthumb -Wl,--start-group -lc -lm -Wl,--end-group
Finished building target: STM32F103C6 LIBRARY.elf
 
arm-none-eabi-size   STM32F103C6\ LIBRARY.elf 
arm-none-eabi-objdump -h -S  STM32F103C6\ LIBRARY.elf  > "STM32F103C6 LIBRARY.list"
arm-none-eabi-objcopy  -O ihex  STM32F103C6\ LIBRARY.elf  "STM32F103C6 LIBRARY.hex"
arm-none-eabi-objcopy  -O binary  STM32F103C6\ LIBRARY.elf  "STM32F103C6 LIBRARY.bin"
   text	   data	    bss	    dec	    hex	filename
   1512	      8	   1568	   3088	    c10	STM32F103C6 LIBRARY.elf
Finished building: default.size.stdout
 
Finished building: STM32F103C6 LIBRARY.list
Finished building: STM32F103C6 LIBRARY.hex
Finished building: STM32F103C6 LIBRARY.bin
 
 
 
20:40:00 **** Incremental Build of configuration Debug for project STM32F103C6 LIBRARY ****
make -j8 all 
arm-none-eabi-gcc "../Src/main.c" -mcpu=cortex-m3 -std=gnu11 -g3 -DDEBUG -DSTM32 -DSTM32F1 -DSTM32F103C6Tx -c -I../Inc -I"D:/Project STMf103c6/STM32F103C6 LIBRARY/Drivers/CMSIS/Core/Include" -I"D:/Project STMf103c6/STM32F103C6 LIBRARY/Drivers/CMSIS/Device/ST/STM32F1xx" -I"D:/Project STMf103c6/STM32F103C6 LIBRARY/Drivers/CMSIS/Device/ST/STM32F1xx/Include" -O0 -ffunction-sections -fdata-sections -Wall -fstack-usage -MMD -MP -MF"Src/main.d" -MT"Src/main.o" --specs=nano.specs -mfloat-abi=soft -mthumb -o "Src/main.o"
../Src/main.c: In function 'main':
../Src/main.c:62:37: warning: bitwise comparison always evaluates to false [-Wtautological-compare]
   62 |  while( (USART2->SR & USART_SR_TC ) == 0x80);
      |                                     ^~
arm-none-eabi-gcc -o "STM32F103C6 LIBRARY.elf" @"objects.list"   -mcpu=cortex-m3 -T"D:\Project STMf103c6\STM32F103C6 LIBRARY\STM32F103C6TX_FLASH.ld" --specs=nosys.specs -Wl,-Map="STM32F103C6 LIBRARY.map" -Wl,--gc-sections -static --specs=nano.specs -mfloat-abi=soft -mthumb -Wl,--start-group -lc -lm -Wl,--end-group
Finished building target: STM32F103C6 LIBRARY.elf
 
arm-none-eabi-size   STM32F103C6\ LIBRARY.elf 
arm-none-eabi-objdump -h -S  STM32F103C6\ LIBRARY.elf  > "STM32F103C6 LIBRARY.list"
arm-none-eabi-objcopy  -O ihex  STM32F103C6\ LIBRARY.elf  "STM32F103C6 LIBRARY.hex"
arm-none-eabi-objcopy  -O binary  STM32F103C6\ LIBRARY.elf  "STM32F103C6 LIBRARY.bin"
   text	   data	    bss	    dec	    hex	filename
   1512	      8	   1568	   3088	    c10	STM32F103C6 LIBRARY.elf
Finished building: default.size.stdout
 
Finished building: STM32F103C6 LIBRARY.hex
Finished building: STM32F103C6 LIBRARY.list
Finished building: STM32F103C6 LIBRARY.bin
 
 
 
20:40:23 **** Incremental Build of configuration Debug for project STM32F103C6 LIBRARY ****
make -j8 all 
arm-none-eabi-gcc "../Src/main.c" -mcpu=cortex-m3 -std=gnu11 -g3 -DDEBUG -DSTM32 -DSTM32F1 -DSTM32F103C6Tx -c -I../Inc -I"D:/Project STMf103c6/STM32F103C6 LIBRARY/Drivers/CMSIS/Core/Include" -I"D:/Project STMf103c6/STM32F103C6 LIBRARY/Drivers/CMSIS/Device/ST/STM32F1xx" -I"D:/Project STMf103c6/STM32F103C6 LIBRARY/Drivers/CMSIS/Device/ST/STM32F1xx/Include" -O0 -ffunction-sections -fdata-sections -Wall -fstack-usage -MMD -MP -MF"Src/main.d" -MT"Src/main.o" --specs=nano.specs -mfloat-abi=soft -mthumb -o "Src/main.o"
arm-none-eabi-gcc -o "STM32F103C6 LIBRARY.elf" @"objects.list"   -mcpu=cortex-m3 -T"D:\Project STMf103c6\STM32F103C6 LIBRARY\STM32F103C6TX_FLASH.ld" --specs=nosys.specs -Wl,-Map="STM32F103C6 LIBRARY.map" -Wl,--gc-sections -static --specs=nano.specs -mfloat-abi=soft -mthumb -Wl,--start-group -lc -lm -Wl,--end-group
Finished building target: STM32F103C6 LIBRARY.elf
 
arm-none-eabi-size   STM32F103C6\ LIBRARY.elf 
arm-none-eabi-objdump -h -S  STM32F103C6\ LIBRARY.elf  > "STM32F103C6 LIBRARY.list"
arm-none-eabi-objcopy  -O ihex  STM32F103C6\ LIBRARY.elf  "STM32F103C6 LIBRARY.hex"
arm-none-eabi-objcopy  -O binary  STM32F103C6\ LIBRARY.elf  "STM32F103C6 LIBRARY.bin"
   text	   data	    bss	    dec	    hex	filename
   1512	      8	   1568	   3088	    c10	STM32F103C6 LIBRARY.elf
Finished building: default.size.stdout
 
Finished building: STM32F103C6 LIBRARY.hex
Finished building: STM32F103C6 LIBRARY.bin
Finished building: STM32F103C6 LIBRARY.list
 
 
 
[...]
../Inc/usart.c: In function 'usart_get_char':
../Inc/usart.c:97:4: warning: this 'while' clause does not guard... [-Wmisleading-indentation]
   97 |    while( !(USART1->SR & USART_SR_RXNE ));
      |    ^~~~~
../Inc/usart.c:98:5: note: ...this statement, but the latter is misleadingly indented as if it were guarded by the 'while'
   98 |     a=USART1->DR;
      |     ^
arm-none-eabi-gcc -o "STM32F103C6 LIBRARY.elf" @"objects.list"   -mcpu=cortex-m3 -T"D:\Project STMf103c6\STM32F103C6 LIBRARY\STM32F103C6TX_FLASH.ld" --specs=nosys.specs -Wl,-Map="STM32F103C6 LIBRARY.map" -Wl,--gc-sections -static --specs=nano.specs -mfloat-abi=soft -mthumb -Wl,--start-group -lc -lm -Wl,--end-group
Finished building target: STM32F103C6 LIBRARY.elf
 
arm-none-eabi-size   STM32F103C6\ LIBRARY.elf 
arm-none-eabi-objdump -h -S  STM32F103C6\ LIBRARY.elf  > "STM32F103C6 LIBRARY.list"
arm-none-eabi-objcopy  -O ihex  STM32F103C6\ LIBRARY.elf  "STM32F103C6 LIBRARY.hex"
arm-none-eabi-objcopy  -O binary  STM32F103C6\ LIBRARY.elf  "STM32F103C6 LIBRARY.bin"
   text	   data	    bss	    dec	    hex	filename
   4340	      8	   1568	   5916	   171c	STM32F103C6 LIBRARY.elf
Finished building: default.size.stdout
 
Finished building: STM32F103C6 LIBRARY.hex
Finished building: STM32F103C6 LIBRARY.bin
Finished building: STM32F103C6 LIBRARY.list
 
 
 
23:08:14 **** Incremental Build of configuration Debug for project STM32F103C6 LIBRARY ****
make -j8 all 
arm-none-eabi-gcc "../Inc/usart.c" -mcpu=cortex-m3 -std=gnu11 -g3 -DDEBUG -DSTM32 -DSTM32F1 -DSTM32F103C6Tx -c -I../Inc -I"D:/Project STMf103c6/STM32F103C6 LIBRARY/Drivers/CMSIS/Core/Include" -I"D:/Project STMf103c6/STM32F103C6 LIBRARY/Drivers/CMSIS/Device/ST/STM32F1xx" -I"D:/Project STMf103c6/STM32F103C6 LIBRARY/Drivers/CMSIS/Device/ST/STM32F1xx/Include" -O0 -ffunction-sections -fdata-sections -Wall -fstack-usage -MMD -MP -MF"Inc/usart.d" -MT"Inc/usart.o" --specs=nano.specs -mfloat-abi=soft -mthumb -o "Inc/usart.o"
arm-none-eabi-gcc -o "STM32F103C6 LIBRARY.elf" @"objects.list"   -mcpu=cortex-m3 -T"D:\Project STMf103c6\STM32F103C6 LIBRARY\STM32F103C6TX_FLASH.ld" --specs=nosys.specs -Wl,-Map="STM32F103C6 LIBRARY.map" -Wl,--gc-sections -static --specs=nano.specs -mfloat-abi=soft -mthumb -Wl,--start-group -lc -lm -Wl,--end-group
Finished building target: STM32F103C6 LIBRARY.elf
 
arm-none-eabi-size   STM32F103C6\ LIBRARY.elf 
arm-none-eabi-objdump -h -S  STM32F103C6\ LIBRARY.elf  > "STM32F103C6 LIBRARY.list"
arm-none-eabi-objcopy  -O ihex  STM32F103C6\ LIBRARY.elf  "STM32F103C6 LIBRARY.hex"
arm-none-eabi-objcopy  -O binary  STM32F103C6\ LIBRARY.elf  "STM32F103C6 LIBRARY.bin"
   text	   data	    bss	    dec	    hex	filename
   4340	      8	   1568	   5916	   171c	STM32F103C6 LIBRARY.elf
Finished building: default.size.stdout
 
Finished building: STM32F103C6 LIBRARY.hex
Finished building: STM32F103C6 LIBRARY.bin
Finished building: STM32F103C6 LIBRARY.list
 
 
 
23:08:34 **** Incremental Build of configuration Debug for project STM32F103C6 LIBRARY ****
make -j8 all 
arm-none-eabi-gcc "../Src/main.c" -mcpu=cortex-m3 -std=gnu11 -g3 -DDEBUG -DSTM32 -DSTM32F1 -DSTM32F103C6Tx -c -I../Inc -I"D:/Project STMf103c6/STM32F103C6 LIBRARY/Drivers/CMSIS/Core/Include" -I"D:/Project STMf103c6/STM32F103C6 LIBRARY/Drivers/CMSIS/Device/ST/STM32F1xx" -I"D:/Project STMf103c6/STM32F103C6 LIBRARY/Drivers/CMSIS/Device/ST/STM32F1xx/Include" -O0 -ffunction-sections -fdata-sections -Wall -fstack-usage -MMD -MP -MF"Src/main.d" -MT"Src/main.o" --specs=nano.specs -mfloat-abi=soft -mthumb -o "Src/main.o"
../Src/main.c: In function 'main':
../Src/main.c:51:4: warning: implicit declaration of function 'usart_get_char'; did you mean 'usart_send_char'? [-Wimplicit-function-declaration]
   51 |  a=usart_get_char();
      |    ^~~~~~~~~~~~~~
      |    usart_send_char
arm-none-eabi-gcc -o "STM32F103C6 LIBRARY.elf" @"objects.list"   -mcpu=cortex-m3 -T"D:\Project STMf103c6\STM32F103C6 LIBRARY\STM32F103C6TX_FLASH.ld" --specs=nosys.specs -Wl,-Map="STM32F103C6 LIBRARY.map" -Wl,--gc-sections -static --specs=nano.specs -mfloat-abi=soft -mthumb -Wl,--start-group -lc -lm -Wl,--end-group
Finished building target: STM32F103C6 LIBRARY.elf
 
arm-none-eabi-size   STM32F103C6\ LIBRARY.elf 
arm-none-eabi-objdump -h -S  STM32F103C6\ LIBRARY.elf  > "STM32F103C6 LIBRARY.list"
arm-none-eabi-objcopy  -O ihex  STM32F103C6\ LIBRARY.elf  "STM32F103C6 LIBRARY.hex"
arm-none-eabi-objcopy  -O binary  STM32F103C6\ LIBRARY.elf  "STM32F103C6 LIBRARY.bin"
   text	   data	    bss	    dec	    hex	filename
   4408	      8	   1568	   5984	   1760	STM32F103C6 LIBRARY.elf
Finished building: default.size.stdout
 
Finished building: STM32F103C6 LIBRARY.hex
Finished building: STM32F103C6 LIBRARY.bin
Finished building: STM32F103C6 LIBRARY.list
 
 
 
23:09:57 **** Incremental Build of configuration Debug for project STM32F103C6 LIBRARY ****
make -j8 all 
arm-none-eabi-gcc "../Inc/usart.c" -mcpu=cortex-m3 -std=gnu11 -g3 -DDEBUG -DSTM32 -DSTM32F1 -DSTM32F103C6Tx -c -I../Inc -I"D:/Project STMf103c6/STM32F103C6 LIBRARY/Drivers/CMSIS/Core/Include" -I"D:/Project STMf103c6/STM32F103C6 LIBRARY/Drivers/CMSIS/Device/ST/STM32F1xx" -I"D:/Project STMf103c6/STM32F103C6 LIBRARY/Drivers/CMSIS/Device/ST/STM32F1xx/Include" -O0 -ffunction-sections -fdata-sections -Wall -fstack-usage -MMD -MP -MF"Inc/usart.d" -MT"Inc/usart.o" --specs=nano.specs -mfloat-abi=soft -mthumb -o "Inc/usart.o"
arm-none-eabi-gcc -o "STM32F103C6 LIBRARY.elf" @"objects.list"   -mcpu=cortex-m3 -T"D:\Project STMf103c6\STM32F103C6 LIBRARY\STM32F103C6TX_FLASH.ld" --specs=nosys.specs -Wl,-Map="STM32F103C6 LIBRARY.map" -Wl,--gc-sections -static --specs=nano.specs -mfloat-abi=soft -mthumb -Wl,--start-group -lc -lm -Wl,--end-group
Finished building target: STM32F103C6 LIBRARY.elf
 
arm-none-eabi-size   STM32F103C6\ LIBRARY.elf 
arm-none-eabi-objdump -h -S  STM32F103C6\ LIBRARY.elf  > "STM32F103C6 LIBRARY.list"
arm-none-eabi-objcopy  -O ihex  STM32F103C6\ LIBRARY.elf  "STM32F103C6 LIBRARY.hex"
arm-none-eabi-objcopy  -O binary  STM32F103C6\ LIBRARY.elf  "STM32F103C6 LIBRARY.bin"
   text	   data	    bss	    dec	    hex	filename
   4408	      8	   1568	   5984	   1760	STM32F103C6 LIBRARY.elf
Finished building: default.size.stdout
 
Finished building: STM32F103C6 LIBRARY.hex
Finished building: STM32F103C6 LIBRARY.bin
Finished building: STM32F103C6 LIBRARY.list
 
 
 
23:10:15 **** Incremental Build of configuration Debug for project STM32F103C6 LIBRARY ****
make -j8 all 
arm-none-eabi-gcc "../Src/main.c" -mcpu=cortex-m3 -std=gnu11 -g3 -DDEBUG -DSTM32 -DSTM32F1 -DSTM32F103C6Tx -c -I../Inc -I"D:/Project STMf103c6/STM32F103C6 LIBRARY/Drivers/CMSIS/Core/Include" -I"D:/Project STMf103c6/STM32F103C6 LIBRARY/Drivers/CMSIS/Device/ST/STM32F1xx" -I"D:/Project STMf103c6/STM32F103C6 LIBRARY/Drivers/CMSIS/Device/ST/STM32F1xx/Include" -O0 -ffunction-sections -fdata-sections -Wall -fstack-usage -MMD -MP -MF"Src/main.d" -MT"Src/main.o" --specs=nano.specs -mfloat-abi=soft -mthumb -o "Src/main.o"
arm-none-eabi-gcc "../Inc/usart.c" -mcpu=cortex-m3 -std=gnu11 -g3 -DDEBUG -DSTM32 -DSTM32F1 -DSTM32F103C6Tx -c -I../Inc -I"D:/Project STMf103c6/STM32F103C6 LIBRARY/Drivers/CMSIS/Core/Include" -I"D:/Project STMf103c6/STM32F103C6 LIBRARY/Drivers/CMSIS/Device/ST/STM32F1xx" -I"D:/Project STMf103c6/STM32F103C6 LIBRARY/Drivers/CMSIS/Device/ST/STM32F1xx/Include" -O0 -ffunction-sections -fdata-sections -Wall -fstack-usage -MMD -MP -MF"Inc/usart.d" -MT"Inc/usart.o" --specs=nano.specs -mfloat-abi=soft -mthumb -o "Inc/usart.o"
../Src/main.c: In function 'usart_get_char':
../Src/main.c:33:1: error: expected '=', ',', ';', 'asm' or '__attribute__' before '{' token
   33 | {
      | ^
In file included from ../Src/main.c:25:
../Inc/usart.h:16:6: error: declaration for parameter 'usart_send_string' but no such parameter
   16 | void usart_send_string(char *string);
      |      ^~~~~~~~~~~~~~~~~
../Src/main.c:60: error: expected '{' at end of input
../Src/main.c:60: warning: control reaches end of non-void function [-Wreturn-type]
make: *** [Src/subdir.mk:25: Src/main.o] Error 1
make: *** Waiting for unfinished jobs....
../Inc/usart.c: In function 'usart_get_char':
../Inc/usart.c:11:51: error: expected '=', ',', ';', 'asm' or '__attribute__' before '{' token
   11 | void init_usart(uint8_t usart_x,uint16_t baudrate){
      |                                                   ^
../Inc/usart.c:58:46: error: expected '=', ',', ';', 'asm' or '__attribute__' before '{' token
   58 | uint32_t usartdiv_baudrate(uint32_t baudrate){
      |                                              ^
../Inc/usart.c:83:32: error: expected '=', ',', ';', 'asm' or '__attribute__' before '{' token
   83 | void usart_send_char(uint8_t a){
      |                                ^
../Inc/usart.c:94:25: error: expected '=', ',', ';', 'asm' or '__attribute__' before '{' token
   94 | uint8_t usart_get_char(){
      |                         ^
../Inc/usart.c:107:37: error: expected '=', ',', ';', 'asm' or '__attribute__' before '{' token
  107 | void usart_send_string(char *string){
      |                                     ^
In file included from ../Inc/usart.c:9:
../Inc/gpio.h:50:6: error: declaration for parameter 'toggle_GP' but no such parameter
   50 | void toggle_GP(unsigned short port, unsigned short pin);
      |      ^~~~~~~~~
../Inc/gpio.h:48:6: error: declaration for parameter 'W_GP' but no such parameter
   48 | void W_GP(unsigned short port, unsigned short pin, unsigned short state);
      |      ^~~~
../Inc/gpio.h:46:5: error: declaration for parameter 'R_GP' but no such parameter
   46 | int R_GP(unsigned short port, unsigned short pin);
      |     ^~~~
../Inc/gpio.h:44:6: error: declaration for parameter 'init_GP' but no such parameter
   44 | void init_GP(unsigned short port, unsigned short pin, unsigned short dir, unsigned short opt);
      |      ^~~~~~~
In file included from ../Inc/usart.c:8:
../Inc/usart.h:16:6: error: declaration for parameter 'usart_send_string' but no such parameter
   16 | void usart_send_string(char *string);
      |      ^~~~~~~~~~~~~~~~~
../Inc/usart.c:116: error: expected '{' at end of input
../Inc/usart.c:116: warning: control reaches end of non-void function [-Wreturn-type]
make: *** [Inc/subdir.mk:34: Inc/usart.o] Error 1
"make -j8 all" terminated with exit code 2. Build might be incomplete.
23:10:18 **** Incremental Build of configuration Debug for project STM32F103C6 LIBRARY ****
make -j8 all 
arm-none-eabi-gcc "../Src/main.c" -mcpu=cortex-m3 -std=gnu11 -g3 -DDEBUG -DSTM32 -DSTM32F1 -DSTM32F103C6Tx -c -I../Inc -I"D:/Project STMf103c6/STM32F103C6 LIBRARY/Drivers/CMSIS/Core/Include" -I"D:/Project STMf103c6/STM32F103C6 LIBRARY/Drivers/CMSIS/Device/ST/STM32F1xx" -I"D:/Project STMf103c6/STM32F103C6 LIBRARY/Drivers/CMSIS/Device/ST/STM32F1xx/Include" -O0 -ffunction-sections -fdata-sections -Wall -fstack-usage -MMD -MP -MF"Src/main.d" -MT"Src/main.o" --specs=nano.specs -mfloat-abi=soft -mthumb -o "Src/main.o"
arm-none-eabi-gcc "../Inc/usart.c" -mcpu=cortex-m3 -std=gnu11 -g3 -DDEBUG -DSTM32 -DSTM32F1 -DSTM32F103C6Tx -c -I../Inc -I"D:/Project STMf103c6/STM32F103C6 LIBRARY/Drivers/CMSIS/Core/Include" -I"D:/Project STMf103c6/STM32F103C6 LIBRARY/Drivers/CMSIS/Device/ST/STM32F1xx" -I"D:/Project STMf103c6/STM32F103C6 LIBRARY/Drivers/CMSIS/Device/ST/STM32F1xx/Include" -O0 -ffunction-sections -fdata-sections -Wall -fstack-usage -MMD -MP -MF"Inc/usart.d" -MT"Inc/usart.o" --specs=nano.specs -mfloat-abi=soft -mthumb -o "Inc/usart.o"
arm-none-eabi-gcc -o "STM32F103C6 LIBRARY.elf" @"objects.list"   -mcpu=cortex-m3 -T"D:\Project STMf103c6\STM32F103C6 LIBRARY\STM32F103C6TX_FLASH.ld" --specs=nosys.specs -Wl,-Map="STM32F103C6 LIBRARY.map" -Wl,--gc-sections -static --specs=nano.specs -mfloat-abi=soft -mthumb -Wl,--start-group -lc -lm -Wl,--end-group
Finished building target: STM32F103C6 LIBRARY.elf
 
arm-none-eabi-size   STM32F103C6\ LIBRARY.elf 
arm-none-eabi-objdump -h -S  STM32F103C6\ LIBRARY.elf  > "STM32F103C6 LIBRARY.list"
arm-none-eabi-objcopy  -O ihex  STM32F103C6\ LIBRARY.elf  "STM32F103C6 LIBRARY.hex"
arm-none-eabi-objcopy  -O binary  STM32F103C6\ LIBRARY.elf  "STM32F103C6 LIBRARY.bin"
   text	   data	    bss	    dec	    hex	filename
   4408	      8	   1568	   5984	   1760	STM32F103C6 LIBRARY.elf
Finished building: default.size.stdout
 
Finished building: STM32F103C6 LIBRARY.hex
Finished building: STM32F103C6 LIBRARY.bin
Finished building: STM32F103C6 LIBRARY.list
 
 
 
23:12:25 **** Incremental Build of configuration Debug for project STM32F103C6 LIBRARY ****
make -j8 all 
arm-none-eabi-gcc "../Src/main.c" -mcpu=cortex-m3 -std=gnu11 -g3 -DDEBUG -DSTM32 -DSTM32F1 -DSTM32F103C6Tx -c -I../Inc -I"D:/Project STMf103c6/STM32F103C6 LIBRARY/Drivers/CMSIS/Core/Include" -I"D:/Project STMf103c6/STM32F103C6 LIBRARY/Drivers/CMSIS/Device/ST/STM32F1xx" -I"D:/Project STMf103c6/STM32F103C6 LIBRARY/Drivers/CMSIS/Device/ST/STM32F1xx/Include" -O0 -ffunction-sections -fdata-sections -Wall -fstack-usage -MMD -MP -MF"Src/main.d" -MT"Src/main.o" --specs=nano.specs -mfloat-abi=soft -mthumb -o "Src/main.o"
../Src/main.c: In function 'main':
../Src/main.c:54:20: warning: pointer targets in passing argument 1 of 'usart_send_string' differ in signedness [-Wpointer-sign]
   54 |  usart_send_string(s);
      |                    ^
      |                    |
      |                    uint8_t * {aka unsigned char *}
In file included from ../Src/main.c:25:
../Inc/usart.h:16:30: note: expected 'char *' but argument is of type 'uint8_t *' {aka 'unsigned char *'}
   16 | void usart_send_string(char *string);
      |                        ~~~~~~^~~~~~
arm-none-eabi-gcc -o "STM32F103C6 LIBRARY.elf" @"objects.list"   -mcpu=cortex-m3 -T"D:\Project STMf103c6\STM32F103C6 LIBRARY\STM32F103C6TX_FLASH.ld" --specs=nosys.specs -Wl,-Map="STM32F103C6 LIBRARY.map" -Wl,--gc-sections -static --specs=nano.specs -mfloat-abi=soft -mthumb -Wl,--start-group -lc -lm -Wl,--end-group
Finished building target: STM32F103C6 LIBRARY.elf
 
arm-none-eabi-size   STM32F103C6\ LIBRARY.elf 
arm-none-eabi-objdump -h -S  STM32F103C6\ LIBRARY.elf  > "STM32F103C6 LIBRARY.list"
arm-none-eabi-objcopy  -O ihex  STM32F103C6\ LIBRARY.elf  "STM32F103C6 LIBRARY.hex"
arm-none-eabi-objcopy  -O binary  STM32F103C6\ LIBRARY.elf  "STM32F103C6 LIBRARY.bin"
   text	   data	    bss	    dec	    hex	filename
   4476	      8	   1568	   6052	   17a4	STM32F103C6 LIBRARY.elf
Finished building: default.size.stdout
 
Finished building: STM32F103C6 LIBRARY.hex
Finished building: STM32F103C6 LIBRARY.bin
Finished building: STM32F103C6 LIBRARY.list
 
 
 
23:12:46 **** Incremental Build of configuration Debug for project STM32F103C6 LIBRARY ****
make -j8 all 
arm-none-eabi-gcc "../Inc/usart.c" -mcpu=cortex-m3 -std=gnu11 -g3 -DDEBUG -DSTM32 -DSTM32F1 -DSTM32F103C6Tx -c -I../Inc -I"D:/Project STMf103c6/STM32F103C6 LIBRARY/Drivers/CMSIS/Core/Include" -I"D:/Project STMf103c6/STM32F103C6 LIBRARY/Drivers/CMSIS/Device/ST/STM32F1xx" -I"D:/Project STMf103c6/STM32F103C6 LIBRARY/Drivers/CMSIS/Device/ST/STM32F1xx/Include" -O0 -ffunction-sections -fdata-sections -Wall -fstack-usage -MMD -MP -MF"Inc/usart.d" -MT"Inc/usart.o" --specs=nano.specs -mfloat-abi=soft -mthumb -o "Inc/usart.o"
../Inc/usart.c:107:6: error: conflicting types for 'usart_send_string'
  107 | void usart_send_string(uint8_t *string){
      |      ^~~~~~~~~~~~~~~~~
In file included from ../Inc/usart.c:8:
../Inc/usart.h:16:6: note: previous declaration of 'usart_send_string' was here
   16 | void usart_send_string(char *string);
      |      ^~~~~~~~~~~~~~~~~
make: *** [Inc/subdir.mk:34: Inc/usart.o] Error 1
"make -j8 all" terminated with exit code 2. Build might be incomplete.
23:12:59 **** Incremental Build of configuration Debug for project STM32F103C6 LIBRARY ****
make -j8 all 
arm-none-eabi-gcc "../Src/main.c" -mcpu=cortex-m3 -std=gnu11 -g3 -DDEBUG -DSTM32 -DSTM32F1 -DSTM32F103C6Tx -c -I../Inc -I"D:/Project STMf103c6/STM32F103C6 LIBRARY/Drivers/CMSIS/Core/Include" -I"D:/Project STMf103c6/STM32F103C6 LIBRARY/Drivers/CMSIS/Device/ST/STM32F1xx" -I"D:/Project STMf103c6/STM32F103C6 LIBRARY/Drivers/CMSIS/Device/ST/STM32F1xx/Include" -O0 -ffunction-sections -fdata-sections -Wall -fstack-usage -MMD -MP -MF"Src/main.d" -MT"Src/main.o" --specs=nano.specs -mfloat-abi=soft -mthumb -o "Src/main.o"
arm-none-eabi-gcc "../Inc/usart.c" -mcpu=cortex-m3 -std=gnu11 -g3 -DDEBUG -DSTM32 -DSTM32F1 -DSTM32F103C6Tx -c -I../Inc -I"D:/Project STMf103c6/STM32F103C6 LIBRARY/Drivers/CMSIS/Core/Include" -I"D:/Project STMf103c6/STM32F103C6 LIBRARY/Drivers/CMSIS/Device/ST/STM32F1xx" -I"D:/Project STMf103c6/STM32F103C6 LIBRARY/Drivers/CMSIS/Device/ST/STM32F1xx/Include" -O0 -ffunction-sections -fdata-sections -Wall -fstack-usage -MMD -MP -MF"Inc/usart.d" -MT"Inc/usart.o" --specs=nano.specs -mfloat-abi=soft -mthumb -o "Inc/usart.o"
arm-none-eabi-gcc -o "STM32F103C6 LIBRARY.elf" @"objects.list"   -mcpu=cortex-m3 -T"D:\Project STMf103c6\STM32F103C6 LIBRARY\STM32F103C6TX_FLASH.ld" --specs=nosys.specs -Wl,-Map="STM32F103C6 LIBRARY.map" -Wl,--gc-sections -static --specs=nano.specs -mfloat-abi=soft -mthumb -Wl,--start-group -lc -lm -Wl,--end-group
Finished building target: STM32F103C6 LIBRARY.elf
 
arm-none-eabi-size   STM32F103C6\ LIBRARY.elf 
arm-none-eabi-objdump -h -S  STM32F103C6\ LIBRARY.elf  > "STM32F103C6 LIBRARY.list"
arm-none-eabi-objcopy  -O ihex  STM32F103C6\ LIBRARY.elf  "STM32F103C6 LIBRARY.hex"
arm-none-eabi-objcopy  -O binary  STM32F103C6\ LIBRARY.elf  "STM32F103C6 LIBRARY.bin"
   text	   data	    bss	    dec	    hex	filename
   4476	      8	   1568	   6052	   17a4	STM32F103C6 LIBRARY.elf
Finished building: default.size.stdout
 
Finished building: STM32F103C6 LIBRARY.hex
Finished building: STM32F103C6 LIBRARY.bin
Finished building: STM32F103C6 LIBRARY.list
 
 
 
23:13:07 **** Incremental Build of configuration Debug for project STM32F103C6 LIBRARY ****
make -j8 all 
arm-none-eabi-size   STM32F103C6\ LIBRARY.elf 
   text	   data	    bss	    dec	    hex	filename
   4476	      8	   1568	   6052	   17a4	STM32F103C6 LIBRARY.elf
Finished building: default.size.stdout
 
23:13:32 **** Incremental Build of configuration Debug for project STM32F103C6 LIBRARY ****
make -j8 all 
arm-none-eabi-gcc "../Src/main.c" -mcpu=cortex-m3 -std=gnu11 -g3 -DDEBUG -DSTM32 -DSTM32F1 -DSTM32F103C6Tx -c -I../Inc -I"D:/Project STMf103c6/STM32F103C6 LIBRARY/Drivers/CMSIS/Core/Include" -I"D:/Project STMf103c6/STM32F103C6 LIBRARY/Drivers/CMSIS/Device/ST/STM32F1xx" -I"D:/Project STMf103c6/STM32F103C6 LIBRARY/Drivers/CMSIS/Device/ST/STM32F1xx/Include" -O0 -ffunction-sections -fdata-sections -Wall -fstack-usage -MMD -MP -MF"Src/main.d" -MT"Src/main.o" --specs=nano.specs -mfloat-abi=soft -mthumb -o "Src/main.o"
arm-none-eabi-gcc -o "STM32F103C6 LIBRARY.elf" @"objects.list"   -mcpu=cortex-m3 -T"D:\Project STMf103c6\STM32F103C6 LIBRARY\STM32F103C6TX_FLASH.ld" --specs=nosys.specs -Wl,-Map="STM32F103C6 LIBRARY.map" -Wl,--gc-sections -static --specs=nano.specs -mfloat-abi=soft -mthumb -Wl,--start-group -lc -lm -Wl,--end-group
Finished building target: STM32F103C6 LIBRARY.elf
 
arm-none-eabi-size   STM32F103C6\ LIBRARY.elf 
arm-none-eabi-objdump -h -S  STM32F103C6\ LIBRARY.elf  > "STM32F103C6 LIBRARY.list"
arm-none-eabi-objcopy  -O ihex  STM32F103C6\ LIBRARY.elf  "STM32F103C6 LIBRARY.hex"
arm-none-eabi-objcopy  -O binary  STM32F103C6\ LIBRARY.elf  "STM32F103C6 LIBRARY.bin"
   text	   data	    bss	    dec	    hex	filename
   4476	      8	   1568	   6052	   17a4	STM32F103C6 LIBRARY.elf
Finished building: default.size.stdout
 
Finished building: STM32F103C6 LIBRARY.hex
Finished building: STM32F103C6 LIBRARY.bin
Finished building: STM32F103C6 LIBRARY.list
 
 
 
