19:48:49 **** Build of configuration Debug for project Reg_Uart ****
make -j8 all 
arm-none-eabi-gcc -mcpu=cortex-m3 -g3 -DDEBUG -c -I"D:/Project STM/Reg_Uart/Drivers/CMSIS/Core/Include" -I"D:/Project STM/Reg_Uart/Drivers/CMSIS/Device/ST/STM32F1xx/Include" -x assembler-with-cpp -MMD -MP -MF"Startup/startup_stm32f103c6tx.d" -MT"Startup/startup_stm32f103c6tx.o" --specs=nano.specs -mfloat-abi=soft -mthumb -o "Startup/startup_stm32f103c6tx.o" "../Startup/startup_stm32f103c6tx.s"
arm-none-eabi-gcc "../Src/main.c" -mcpu=cortex-m3 -std=gnu11 -g3 -DDEBUG -DSTM32 -DSTM32F1 -DSTM32F103C6Tx -c -I../Inc -I"D:/Project STM/Reg_Uart/Drivers/CMSIS/Core/Include" -I"D:/Project STM/Reg_Uart/Drivers/CMSIS/Device/ST/STM32F1xx/Include" -O0 -ffunction-sections -fdata-sections -Wall -fstack-usage -MMD -MP -MF"Src/main.d" -MT"Src/main.o" --specs=nano.specs -mfloat-abi=soft -mthumb -o "Src/main.o"
arm-none-eabi-gcc "../Src/syscalls.c" -mcpu=cortex-m3 -std=gnu11 -g3 -DDEBUG -DSTM32 -DSTM32F1 -DSTM32F103C6Tx -c -I../Inc -I"D:/Project STM/Reg_Uart/Drivers/CMSIS/Core/Include" -I"D:/Project STM/Reg_Uart/Drivers/CMSIS/Device/ST/STM32F1xx/Include" -O0 -ffunction-sections -fdata-sections -Wall -fstack-usage -MMD -MP -MF"Src/syscalls.d" -MT"Src/syscalls.o" --specs=nano.specs -mfloat-abi=soft -mthumb -o "Src/syscalls.o"
arm-none-eabi-gcc "../Src/sysmem.c" -mcpu=cortex-m3 -std=gnu11 -g3 -DDEBUG -DSTM32 -DSTM32F1 -DSTM32F103C6Tx -c -I../Inc -I"D:/Project STM/Reg_Uart/Drivers/CMSIS/Core/Include" -I"D:/Project STM/Reg_Uart/Drivers/CMSIS/Device/ST/STM32F1xx/Include" -O0 -ffunction-sections -fdata-sections -Wall -fstack-usage -MMD -MP -MF"Src/sysmem.d" -MT"Src/sysmem.o" --specs=nano.specs -mfloat-abi=soft -mthumb -o "Src/sysmem.o"
arm-none-eabi-gcc "../Inc/config.c" -mcpu=cortex-m3 -std=gnu11 -g3 -DDEBUG -DSTM32 -DSTM32F1 -DSTM32F103C6Tx -c -I../Inc -I"D:/Project STM/Reg_Uart/Drivers/CMSIS/Core/Include" -I"D:/Project STM/Reg_Uart/Drivers/CMSIS/Device/ST/STM32F1xx/Include" -O0 -ffunction-sections -fdata-sections -Wall -fstack-usage -MMD -MP -MF"Inc/config.d" -MT"Inc/config.o" --specs=nano.specs -mfloat-abi=soft -mthumb -o "Inc/config.o"
arm-none-eabi-gcc -o "Reg_Uart.elf" @"objects.list"   -mcpu=cortex-m3 -T"D:\Project STM\Reg_Uart\STM32F103C6TX_FLASH.ld" --specs=nosys.specs -Wl,-Map="Reg_Uart.map" -Wl,--gc-sections -static --specs=nano.specs -mfloat-abi=soft -mthumb -Wl,--start-group -lc -lm -Wl,--end-group
Finished building target: Reg_Uart.elf
 
arm-none-eabi-size   Reg_Uart.elf 
arm-none-eabi-objdump -h -S  Reg_Uart.elf  > "Reg_Uart.list"
arm-none-eabi-objcopy  -O ihex  Reg_Uart.elf  "Reg_Uart.hex"
arm-none-eabi-objcopy  -O binary  Reg_Uart.elf  "Reg_Uart.bin"
   text	   data	    bss	    dec	    hex	filename
   1120	      8	   1568	   2696	    a88	Reg_Uart.elf
Finished building: default.size.stdout
 
Finished building: Reg_Uart.hex
Finished building: Reg_Uart.bin
Finished building: Reg_Uart.list
 
 
 

19:48:50 Build Finished. 0 errors, 0 warnings. (took 902ms)

