13:54:13 **** Incremental Build of configuration Debug for project STM32F103C6 GPIO INPUT OUTPUT LIBRARY ****
make -j8 all 
arm-none-eabi-gcc "../Src/main.c" -mcpu=cortex-m3 -std=gnu11 -g3 -DDEBUG -DSTM32 -DSTM32F1 -DSTM32F103C6Tx -c -I../Inc -I"D:/Project STMf103c6/STM32F103C6 GPIO INPUT OUTPUT LIBRARY/Drivers/CMSIS/Core/Include" -I"D:/Project STMf103c6/STM32F103C6 GPIO INPUT OUTPUT LIBRARY/Drivers/CMSIS/Device/ST/STM32F1xx" -O0 -ffunction-sections -fdata-sections -Wall -fstack-usage -MMD -MP -MF"Src/main.d" -MT"Src/main.o" --specs=nano.specs -mfloat-abi=soft -mthumb -o "Src/main.o"
arm-none-eabi-gcc -o "STM32F103C6 GPIO INPUT OUTPUT LIBRARY.elf" @"objects.list"   -mcpu=cortex-m3 -T"D:\Project STMf103c6\STM32F103C6 GPIO INPUT OUTPUT LIBRARY\STM32F103C6TX_FLASH.ld" --specs=nosys.specs -Wl,-Map="STM32F103C6 GPIO INPUT OUTPUT LIBRARY.map" -Wl,--gc-sections -static --specs=nano.specs -mfloat-abi=soft -mthumb -Wl,--start-group -lc -lm -Wl,--end-group
Finished building target: STM32F103C6 GPIO INPUT OUTPUT LIBRARY.elf
 
arm-none-eabi-size   STM32F103C6\ GPIO\ INPUT\ OUTPUT\ LIBRARY.elf 
arm-none-eabi-objdump -h -S  STM32F103C6\ GPIO\ INPUT\ OUTPUT\ LIBRARY.elf  > "STM32F103C6 GPIO INPUT OUTPUT LIBRARY.list"
arm-none-eabi-objcopy  -O binary  STM32F103C6\ GPIO\ INPUT\ OUTPUT\ LIBRARY.elf  "STM32F103C6 GPIO INPUT OUTPUT LIBRARY.bin"
   text	   data	    bss	    dec	    hex	filename
    944	      8	   1568	   2520	    9d8	STM32F103C6 GPIO INPUT OUTPUT LIBRARY.elf
Finished building: default.size.stdout
 
Finished building: STM32F103C6 GPIO INPUT OUTPUT LIBRARY.bin
Finished building: STM32F103C6 GPIO INPUT OUTPUT LIBRARY.list
 
 

13:54:14 Build Finished. 0 errors, 0 warnings. (took 699ms)

