16:04:03 **** Incremental Build of configuration Debug for project STM32F103C6 REGISTERS LIBRARY ****
make -j8 all 
arm-none-eabi-gcc "../Inc/systick_deay.c" -mcpu=cortex-m3 -std=gnu11 -g3 -DDEBUG -DSTM32 -DSTM32F1 -DSTM32F103C6Tx -c -I../Inc -I"D:/Project STMf103c6/STM32F103C6 GPIO INPUT OUTPUT LIBRARY/Drivers/CMSIS/Core/Include" -I"D:/Project STMf103c6/STM32F103C6 GPIO INPUT OUTPUT LIBRARY/Drivers/CMSIS/Device/ST/STM32F1xx" -I"D:/Project STMf103c6/STM32F103C6 GPIO INPUT OUTPUT LIBRARY/Drivers/CMSIS/Device/ST/STM32F1xx/Include" -O0 -ffunction-sections -fdata-sections -Wall -fstack-usage -MMD -MP -MF"Inc/systick_deay.d" -MT"Inc/systick_deay.o" --specs=nano.specs -mfloat-abi=soft -mthumb -o "Inc/systick_deay.o"
arm-none-eabi-gcc -o "STM32F103C6 REGISTERS LIBRARY.elf" @"objects.list"   -mcpu=cortex-m3 -T"D:\Project STMf103c6\STM32F103C6 GPIO INPUT OUTPUT LIBRARY\STM32F103C6TX_FLASH.ld" --specs=nosys.specs -Wl,-Map="STM32F103C6 REGISTERS LIBRARY.map" -Wl,--gc-sections -static --specs=nano.specs -mfloat-abi=soft -mthumb -Wl,--start-group -lc -lm -Wl,--end-group
Finished building target: STM32F103C6 REGISTERS LIBRARY.elf
 
arm-none-eabi-size   STM32F103C6\ REGISTERS\ LIBRARY.elf 
arm-none-eabi-objdump -h -S  STM32F103C6\ REGISTERS\ LIBRARY.elf  > "STM32F103C6 REGISTERS LIBRARY.list"
arm-none-eabi-objcopy  -O binary  STM32F103C6\ REGISTERS\ LIBRARY.elf  "STM32F103C6 REGISTERS LIBRARY.bin"
   text	   data	    bss	    dec	    hex	filename
   1548	      8	   1568	   3124	    c34	STM32F103C6 REGISTERS LIBRARY.elf
Finished building: default.size.stdout
 
Finished building: STM32F103C6 REGISTERS LIBRARY.bin
Finished building: STM32F103C6 REGISTERS LIBRARY.list
 
 

16:04:04 Build Finished. 0 errors, 0 warnings. (took 906ms)

